Archive member included because of file (symbol)

c:/altera/13.0/nios2eds/bin/gnu/h-i686-mingw32/bin/../lib/gcc/nios2-elf/4.1.2/../../../../nios2-elf/lib\libc.a(lib_a-memcmp.o)
                              obj/default/./FreeRTOS/tasks.o (memcmp)
c:/altera/13.0/nios2eds/bin/gnu/h-i686-mingw32/bin/../lib/gcc/nios2-elf/4.1.2/../../../../nios2-elf/lib\libc.a(lib_a-memcpy.o)
                              obj/default/./FreeRTOS/queue.o (memcpy)
c:/altera/13.0/nios2eds/bin/gnu/h-i686-mingw32/bin/../lib/gcc/nios2-elf/4.1.2/../../../../nios2-elf/lib\libc.a(lib_a-memset.o)
                              obj/default/./FreeRTOS/tasks.o (memset)
c:/altera/13.0/nios2eds/bin/gnu/h-i686-mingw32/bin/../lib/gcc/nios2-elf/4.1.2/../../../../nios2-elf/lib\libc.a(lib_a-printf.o)
                              obj/default/./FreeRTOS/port.o (printf)
c:/altera/13.0/nios2eds/bin/gnu/h-i686-mingw32/bin/../lib/gcc/nios2-elf/4.1.2/../../../../nios2-elf/lib\libc.a(lib_a-putchar.o)
                              obj/default/./freertos_semaphore.o (putchar)
c:/altera/13.0/nios2eds/bin/gnu/h-i686-mingw32/bin/../lib/gcc/nios2-elf/4.1.2/../../../../nios2-elf/lib\libc.a(lib_a-puts.o)
                              obj/default/./freertos_semaphore.o (puts)
c:/altera/13.0/nios2eds/bin/gnu/h-i686-mingw32/bin/../lib/gcc/nios2-elf/4.1.2/../../../../nios2-elf/lib\libc.a(lib_a-strlen.o)
                              c:/altera/13.0/nios2eds/bin/gnu/h-i686-mingw32/bin/../lib/gcc/nios2-elf/4.1.2/../../../../nios2-elf/lib\libc.a(lib_a-puts.o) (strlen)
c:/altera/13.0/nios2eds/bin/gnu/h-i686-mingw32/bin/../lib/gcc/nios2-elf/4.1.2/../../../../nios2-elf/lib\libc.a(lib_a-vfprintf.o)
                              c:/altera/13.0/nios2eds/bin/gnu/h-i686-mingw32/bin/../lib/gcc/nios2-elf/4.1.2/../../../../nios2-elf/lib\libc.a(lib_a-printf.o) (___vfprintf_internal_r)
c:/altera/13.0/nios2eds/bin/gnu/h-i686-mingw32/bin/../lib/gcc/nios2-elf/4.1.2/../../../../nios2-elf/lib\libc.a(lib_a-wsetup.o)
                              c:/altera/13.0/nios2eds/bin/gnu/h-i686-mingw32/bin/../lib/gcc/nios2-elf/4.1.2/../../../../nios2-elf/lib\libc.a(lib_a-vfprintf.o) (__swsetup_r)
c:/altera/13.0/nios2eds/bin/gnu/h-i686-mingw32/bin/../lib/gcc/nios2-elf/4.1.2/../../../../nios2-elf/lib\libc.a(lib_a-dtoa.o)
                              c:/altera/13.0/nios2eds/bin/gnu/h-i686-mingw32/bin/../lib/gcc/nios2-elf/4.1.2/../../../../nios2-elf/lib\libc.a(lib_a-vfprintf.o) (_dtoa_r)
c:/altera/13.0/nios2eds/bin/gnu/h-i686-mingw32/bin/../lib/gcc/nios2-elf/4.1.2/../../../../nios2-elf/lib\libc.a(lib_a-fflush.o)
                              c:/altera/13.0/nios2eds/bin/gnu/h-i686-mingw32/bin/../lib/gcc/nios2-elf/4.1.2/../../../../nios2-elf/lib\libc.a(lib_a-vfprintf.o) (_fflush_r)
c:/altera/13.0/nios2eds/bin/gnu/h-i686-mingw32/bin/../lib/gcc/nios2-elf/4.1.2/../../../../nios2-elf/lib\libc.a(lib_a-findfp.o)
                              c:/altera/13.0/nios2eds/bin/gnu/h-i686-mingw32/bin/../lib/gcc/nios2-elf/4.1.2/../../../../nios2-elf/lib\libc.a(lib_a-vfprintf.o) (__sinit)
c:/altera/13.0/nios2eds/bin/gnu/h-i686-mingw32/bin/../lib/gcc/nios2-elf/4.1.2/../../../../nios2-elf/lib\libc.a(lib_a-freer.o)
                              c:/altera/13.0/nios2eds/bin/gnu/h-i686-mingw32/bin/../lib/gcc/nios2-elf/4.1.2/../../../../nios2-elf/lib\libc.a(lib_a-wsetup.o) (_free_r)
c:/altera/13.0/nios2eds/bin/gnu/h-i686-mingw32/bin/../lib/gcc/nios2-elf/4.1.2/../../../../nios2-elf/lib\libc.a(lib_a-fvwrite.o)
                              c:/altera/13.0/nios2eds/bin/gnu/h-i686-mingw32/bin/../lib/gcc/nios2-elf/4.1.2/../../../../nios2-elf/lib\libc.a(lib_a-puts.o) (__sfvwrite_r)
c:/altera/13.0/nios2eds/bin/gnu/h-i686-mingw32/bin/../lib/gcc/nios2-elf/4.1.2/../../../../nios2-elf/lib\libc.a(lib_a-fwalk.o)
                              c:/altera/13.0/nios2eds/bin/gnu/h-i686-mingw32/bin/../lib/gcc/nios2-elf/4.1.2/../../../../nios2-elf/lib\libc.a(lib_a-fflush.o) (_fwalk_reent)
c:/altera/13.0/nios2eds/bin/gnu/h-i686-mingw32/bin/../lib/gcc/nios2-elf/4.1.2/../../../../nios2-elf/lib\libc.a(lib_a-impure.o)
                              c:/altera/13.0/nios2eds/bin/gnu/h-i686-mingw32/bin/../lib/gcc/nios2-elf/4.1.2/../../../../nios2-elf/lib\libc.a(lib_a-printf.o) (_impure_ptr)
c:/altera/13.0/nios2eds/bin/gnu/h-i686-mingw32/bin/../lib/gcc/nios2-elf/4.1.2/../../../../nios2-elf/lib\libc.a(lib_a-locale.o)
                              c:/altera/13.0/nios2eds/bin/gnu/h-i686-mingw32/bin/../lib/gcc/nios2-elf/4.1.2/../../../../nios2-elf/lib\libc.a(lib_a-vfprintf.o) (_localeconv_r)
c:/altera/13.0/nios2eds/bin/gnu/h-i686-mingw32/bin/../lib/gcc/nios2-elf/4.1.2/../../../../nios2-elf/lib\libc.a(lib_a-makebuf.o)
                              c:/altera/13.0/nios2eds/bin/gnu/h-i686-mingw32/bin/../lib/gcc/nios2-elf/4.1.2/../../../../nios2-elf/lib\libc.a(lib_a-wsetup.o) (__smakebuf_r)
c:/altera/13.0/nios2eds/bin/gnu/h-i686-mingw32/bin/../lib/gcc/nios2-elf/4.1.2/../../../../nios2-elf/lib\libc.a(lib_a-mallocr.o)
[...]
Memory Configuration

Name             Origin             Length             Attributes
onchip_memory_BEFORE_EXCEPTION 0x00000000         0x00000020
onchip_memory    0x00000020         0x00031fe0
reset            0x01000000         0x00000020
flash_controller 0x01000020         0x007fffe0
sdram            0x08000000         0x08000000
*default*        0x00000000         0xffffffff

Linker script and memory map

LOAD //files.auckland.ac.nz/myhome/Documents/GitHub/low-cost-frequency-relay/software/LCFR_bsp//obj/HAL/src/crt0.o
LOAD obj/default/./FreeRTOS/croutine.o
LOAD obj/default/./FreeRTOS/event_groups.o
LOAD obj/default/./FreeRTOS/heap.o
LOAD obj/default/./FreeRTOS/list.o
LOAD obj/default/./FreeRTOS/port.o
LOAD obj/default/./FreeRTOS/queue.o
LOAD obj/default/./FreeRTOS/tasks.o
LOAD obj/default/./FreeRTOS/timers.o
LOAD obj/default/./freertos_semaphore.o
LOAD obj/default/./FreeRTOS/port_asm.o
LOAD c:/altera/13.0/nios2eds/bin/gnu/h-i686-mingw32/bin/../lib/gcc/nios2-elf/4.1.2/../../../../nios2-elf/lib\libstdc++.a
LOAD c:/altera/13.0/nios2eds/bin/gnu/h-i686-mingw32/bin/../lib/gcc/nios2-elf/4.1.2/../../../../nios2-elf/lib\libm.a
LOAD c:/altera/13.0/nios2eds/bin/gnu/h-i686-mingw32/bin/../lib/gcc/nios2-elf/4.1.2\libgcc.a
START GROUP
LOAD c:/altera/13.0/nios2eds/bin/gnu/h-i686-mingw32/bin/../lib/gcc/nios2-elf/4.1.2/../../../../nios2-elf/lib\libc.a
LOAD c:/altera/13.0/nios2eds/bin/gnu/h-i686-mingw32/bin/../lib/gcc/nios2-elf/4.1.2\libgcc.a
LOAD //files.auckland.ac.nz/myhome/Documents/GitHub/low-cost-frequency-relay/software/LCFR_bsp/\libhal_bsp.a
END GROUP
LOAD c:/altera/13.0/nios2eds/bin/gnu/h-i686-mingw32/bin/../lib/gcc/nios2-elf/4.1.2\libgcc.a
                0x00000000                __alt_mem_onchip_memory = 0x0
                0x01000000                __alt_mem_flash_controller = 0x1000000
                0x08000000                __alt_mem_sdram = 0x8000000

.entry          0x01000000        0x0
 *(.entry)
 .entry         0x01000000        0x0 //files.auckland.ac.nz/myhome/Documents/GitHub/low-cost-frequency-relay/software/LCFR_bsp//obj/HAL/src/crt0.o
                0x01000000                __reset

.exceptions     0x00000020      0x228
                0x00000020                PROVIDE (__ram_exceptions_start, ABSOLUTE (.))
                0x00000020                . = ALIGN (0x20)
 *(.irq)
 *(.exceptions.entry.label)
 *(.exceptions.entry.user)
 *(.exceptions.entry)
 .exceptions.entry
                0x00000020       0x8c obj/default/./FreeRTOS/port_asm.o
 *(.exceptions.irqtest.user)
 *(.exceptions.irqtest)
 .exceptions.irqtest
                0x000000ac       0x14 obj/default/./FreeRTOS/port_asm.o
 *(.exceptions.irqhandler.user)
 *(.exceptions.irqhandler)
 .exceptions.irqhandler
                0x000000c0        0x4 obj/default/./FreeRTOS/port_asm.o
 *(.exceptions.irqreturn.user)
 *(.exceptions.irqreturn)
 .exceptions.irqreturn
                0x000000c4       0x8c obj/default/./FreeRTOS/port_asm.o
                0x000000c4                restore_sp_from_pxCurrentTCB
 *(.exceptions.notirq.label)
 *(.exceptions.notirq.user)
 *(.exceptions.notirq)
 *(.exceptions.soft.user)
 *(.exceptions.soft)
 .exceptions.soft
                0x00000150       0x2c obj/default/./FreeRTOS/port_asm.o
 *(.exceptions.unknown.user)
 *(.exceptions.unknown)
 *(.exceptions.exit.label)
 *(.exceptions.exit.user)
 *(.exceptions.exit)
 *(.exceptions)
 .exceptions    0x0000017c       0xcc //files.auckland.ac.nz/myhome/Documents/GitHub/low-cost-frequency-relay/software/LCFR_bsp/\libhal_bsp.a(alt_irq_handler.o)
                0x0000017c                alt_irq_handler
                0x00000248                PROVIDE (__ram_exceptions_end, ABSOLUTE (.))
                0x00000020                PROVIDE (__flash_exceptions_start, LOADADDR (.exceptions))

.text           0x00000248    0x16344
                0x00000248                PROVIDE (stext, ABSOLUTE (.))
 *(.interp)
 *(.hash)
 *(.dynsym)
 *(.dynstr)
 *(.gnu.version)
 *(.gnu.version_d)
 *(.gnu.version_r)
 *(.rel.init)
 *(.rela.init)
 *(.rel.text .rel.text.* .rel.gnu.linkonce.t.*)
 *(.rela.text .rela.text.* .rela.gnu.linkonce.t.*)
 *(.rel.fini)
 *(.rela.fini)
 *(.rel.rodata .rel.rodata.* .rel.gnu.linkonce.r.*)
 *(.rela.rodata .rela.rodata.* .rela.gnu.linkonce.r.*)
 *(.rel.data .rel.data.* .rel.gnu.linkonce.d.*)
 *(.rela.data .rela.data.* .rela.gnu.linkonce.d.*)
 *(.rel.tdata .rel.tdata.* .rel.gnu.linkonce.td.*)
 *(.rela.tdata .rela.tdata.* .rela.gnu.linkonce.td.*)
 *(.rel.tbss .rel.tbss.* .rel.gnu.linkonce.tb.*)
 *(.rela.tbss .rela.tbss.* .rela.gnu.linkonce.tb.*)
 *(.rel.ctors)
 *(.rela.ctors)
 *(.rel.dtors)
 *(.rela.dtors)
 *(.rel.got)
 *(.rela.got)
 *(.rel.sdata .rel.sdata.* .rel.gnu.linkonce.s.*)
 *(.rela.sdata .rela.sdata.* .rela.gnu.linkonce.s.*)
 *(.rel.sbss .rel.sbss.* .rel.gnu.linkonce.sb.*)
 *(.rela.sbss .rela.sbss.* .rela.gnu.linkonce.sb.*)
 *(.rel.sdata2 .rel.sdata2.* .rel.gnu.linkonce.s2.*)
 *(.rela.sdata2 .rela.sdata2.* .rela.gnu.linkonce.s2.*)
 *(.rel.sbss2 .rel.sbss2.* .rel.gnu.linkonce.sb2.*)
 *(.rela.sbss2 .rela.sbss2.* .rela.gnu.linkonce.sb2.*)
 *(.rel.bss .rel.bss.* .rel.gnu.linkonce.b.*)
 *(.rela.bss .rela.bss.* .rela.gnu.linkonce.b.*)
 *(.rel.plt)
 *(.rela.plt)
 *(.rel.dyn)
 *(.init)
 *(.plt)
 *(.text .stub .text.* .gnu.linkonce.t.*)
 .text          0x00000248       0x48 //files.auckland.ac.nz/myhome/Documents/GitHub/low-cost-frequency-relay/software/LCFR_bsp//obj/HAL/src/crt0.o
                0x00000248                _start
 .text          0x00000290      0x60c obj/default/./FreeRTOS/croutine.o
                0x00000290                xCoRoutineCreate
                0x000003d0                vCoRoutineAddToDelayedList
                0x00000694                vCoRoutineSchedule
                0x0000081c                xCoRoutineRemoveFromEventList
 .text          0x0000089c      0x720 obj/default/./FreeRTOS/event_groups.o
                0x0000089c                xEventGroupCreate
                0x000008f0                xEventGroupSync
                0x00000a74                xEventGroupWaitBits
                0x00000c34                xEventGroupClearBits
                0x00000c9c                xEventGroupGetBitsFromISR
                0x00000cd8                xEventGroupSetBits
                0x00000e64                vEventGroupDelete
                0x00000ed4                vEventGroupSetBitsCallback
                0x00000f0c                vEventGroupClearBitsCallback
 .text          0x00000fbc      0x448 obj/default/./FreeRTOS/heap.o
                0x00000fbc                pvPortMalloc
                0x00001150                vPortFree
                0x000011d0                xPortGetFreeHeapSize
                0x000011f0                vPortInitialiseBlocks
 .text          0x00001404      0x28c obj/default/./FreeRTOS/list.o
                0x00001404                vListInitialise
                0x00001474                vListInitialiseItem
                0x0000149c                vListInsertEnd
                0x00001524                vListInsert
                0x000015f8                uxListRemove
 .text          0x00001690      0x434 obj/default/./FreeRTOS/port.o
                0x00001690                vApplicationStackOverflowHook
                0x000016f4                pxPortInitialiseStack
                0x000017dc                xPortStartScheduler
                0x00001814                vPortEndScheduler
                0x000018c8                vPortSysTickHandler
                0x00001914                alt_irq_register
 .text          0x00001ac4     0x1134 obj/default/./FreeRTOS/queue.o
                0x00001ac4                xQueueGenericReset
                0x00001bd8                xQueueGenericCreate
                0x00001cb4                xQueueCreateMutex
                0x00001d78                xQueueGiveMutexRecursive
                0x00001e0c                xQueueTakeMutexRecursive
                0x00001eb4                xQueueCreateCountingSemaphore
                0x00001f10                xQueueGenericSend
                0x000020c0                xQueueGenericSendFromISR
                0x000021a8                xQueueGiveFromISR
                0x00002280                xQueueGenericReceive
                0x000024ac                xQueueReceiveFromISR
                0x00002590                xQueuePeekFromISR
                0x00002610                uxQueueMessagesWaiting
                0x00002650                uxQueueSpacesAvailable
                0x000026a4                uxQueueMessagesWaitingFromISR
                0x000026d4                vQueueDelete
                0x00002a80                xQueueIsQueueEmptyFromISR
                0x00002b1c                xQueueIsQueueFullFromISR
                0x00002b64                vQueueWaitForMessageRestricted
 .text          0x00002bf8     0x1c94 obj/default/./FreeRTOS/tasks.o
                0x00002bf8                xTaskGenericCreate
                0x00002dc0                vTaskDelete
                0x00002e98                vTaskDelay
                0x00002f10                vTaskStartScheduler
                0x00002fac                vTaskEndScheduler
                0x00002ff0                vTaskSuspendAll
                0x00003018                xTaskResumeAll
                0x00003168                xTaskGetTickCount
                0x00003190                xTaskGetTickCountFromISR
                0x000031bc                uxTaskGetNumberOfTasks
                0x000031dc                xTaskIncrementTick
                0x000033b8                vTaskSwitchContext
                0x000034e8                vTaskPlaceOnEventList
                0x00003548                vTaskPlaceOnUnorderedEventList
                0x000035bc                vTaskPlaceOnEventListRestricted
                0x0000361c                xTaskRemoveFromEventList
                0x00003704                xTaskRemoveFromUnorderedEventList
                0x000037d4                vTaskSetTimeOutState
                0x0000380c                xTaskCheckForTimeOut
                0x000038d0                vTaskMissedYield
                0x00003d50                uxTaskGetStackHighWaterMark
                0x00003e6c                xTaskGetCurrentTaskHandle
                0x00003e94                xTaskGetSchedulerState
                0x00003ee8                vTaskPriorityInherit
                0x00004018                xTaskPriorityDisinherit
                0x00004114                vTaskEnterCritical
                0x00004168                vTaskExitCritical
                0x000041d0                uxTaskResetEventItemValue
                0x00004214                pvTaskIncrementMutexHeldCount
                0x00004250                ulTaskNotifyTake
                0x00004328                xTaskNotifyWait
                0x00004434                xTaskNotify
                0x000045bc                xTaskNotifyFromISR
                0x0000477c                vTaskNotifyGiveFromISR
 .text          0x0000488c      0x8b0 obj/default/./FreeRTOS/timers.o
                0x0000488c                xTimerCreateTimerTask
                0x000048fc                xTimerCreate
                0x000049ac                xTimerGenericCommand
                0x00004a74                pcTimerGetTimerName
                0x000050c0                xTimerIsTimerActive
                0x0000510c                pvTimerGetTimerID
 .text          0x0000513c      0x508 obj/default/./freertos_semaphore.o
                0x0000513c                print_status_task
                0x00005224                getsem_task1
                0x000052e4                getsem_task2
                0x000053a4                send_task
                0x00005404                receive_task1
                0x00005444                receive_task2
                0x00005484                main
                0x000054b0                initOSDataStructs
                0x000054fc                initCreateTasks
 .text          0x00005644        0x0 obj/default/./FreeRTOS/port_asm.o
 .text          0x00005644       0x74 c:/altera/13.0/nios2eds/bin/gnu/h-i686-mingw32/bin/../lib/gcc/nios2-elf/4.1.2/../../../../nios2-elf/lib\libc.a(lib_a-memcmp.o)
                0x00005644                memcmp
 .text          0x000056b8       0xa0 c:/altera/13.0/nios2eds/bin/gnu/h-i686-mingw32/bin/../lib/gcc/nios2-elf/4.1.2/../../../../nios2-elf/lib\libc.a(lib_a-memcpy.o)
                0x000056b8                memcpy
 .text          0x00005758       0x98 c:/altera/13.0/nios2eds/bin/gnu/h-i686-mingw32/bin/../lib/gcc/nios2-elf/4.1.2/../../../../nios2-elf/lib\libc.a(lib_a-memset.o)
                0x00005758                memset
 .text          0x000057f0       0x78 c:/altera/13.0/nios2eds/bin/gnu/h-i686-mingw32/bin/../lib/gcc/nios2-elf/4.1.2/../../../../nios2-elf/lib\libc.a(lib_a-printf.o)
                0x000057f0                printf
                0x00005834                _printf_r
 .text          0x00005868       0x24 c:/altera/13.0/nios2eds/bin/gnu/h-i686-mingw32/bin/../lib/gcc/nios2-elf/4.1.2/../../../../nios2-elf/lib\libc.a(lib_a-putchar.o)
                0x00005868                putchar
                0x00005884                _putchar_r
 .text          0x0000588c       0xb4 c:/altera/13.0/nios2eds/bin/gnu/h-i686-mingw32/bin/../lib/gcc/nios2-elf/4.1.2/../../../../nios2-elf/lib\libc.a(lib_a-puts.o)
                0x0000588c                _puts_r
                0x0000592c                puts
 .text          0x00005940       0x74 c:/altera/13.0/nios2eds/bin/gnu/h-i686-mingw32/bin/../lib/gcc/nios2-elf/4.1.2/../../../../nios2-elf/lib\libc.a(lib_a-strlen.o)
                0x00005940                strlen
 .text          0x000059b4     0x1f28 c:/altera/13.0/nios2eds/bin/gnu/h-i686-mingw32/bin/../lib/gcc/nios2-elf/4.1.2/../../../../nios2-elf/lib\libc.a(lib_a-vfprintf.o)
                0x00005a0c                ___vfprintf_internal_r
                0x000078b8                __vfprintf_internal
 .text          0x000078dc      0x13c c:/altera/13.0/nios2eds/bin/gnu/h-i686-mingw32/bin/../lib/gcc/nios2-elf/4.1.2/../../../../nios2-elf/lib\libc.a(lib_a-wsetup.o)
                0x000078dc                __swsetup_r
 .text          0x00007a18     0x17cc c:/altera/13.0/nios2eds/bin/gnu/h-i686-mingw32/bin/../lib/gcc/nios2-elf/4.1.2/../../../../nios2-elf/lib\libc.a(lib_a-dtoa.o)
                0x00007c30                _dtoa_r
 .text          0x000091e4      0x230 c:/altera/13.0/nios2eds/bin/gnu/h-i686-mingw32/bin/../lib/gcc/nios2-elf/4.1.2/../../../../nios2-elf/lib\libc.a(lib_a-fflush.o)
                0x000091e4                _fflush_r
                0x000093e0                fflush
 .text          0x00009414      0x2c0 c:/altera/13.0/nios2eds/bin/gnu/h-i686-mingw32/bin/../lib/gcc/nios2-elf/4.1.2/../../../../nios2-elf/lib\libc.a(lib_a-findfp.o)
                0x0000946c                __sfp_lock_acquire
                0x00009470                __sfp_lock_release
                0x00009474                __sinit_lock_acquire
                0x00009478                __sinit_lock_release
                0x0000947c                __sinit
                0x00009530                __fp_unlock_all
                0x00009548                __fp_lock_all
                0x00009560                _cleanup_r
                0x0000956c                _cleanup
                0x0000957c                __sfmoreglue
                0x000095e4                __sfp
 .text          0x000096d4      0x440 c:/altera/13.0/nios2eds/bin/gnu/h-i686-mingw32/bin/../lib/gcc/nios2-elf/4.1.2/../../../../nios2-elf/lib\libc.a(lib_a-freer.o)
                0x000096d4                _malloc_trim_r
                0x00009800                _free_r
 .text          0x00009b14      0x49c c:/altera/13.0/nios2eds/bin/gnu/h-i686-mingw32/bin/../lib/gcc/nios2-elf/4.1.2/../../../../nios2-elf/lib\libc.a(lib_a-fvwrite.o)
                0x00009b14                __sfvwrite_r
 .text          0x00009fb0      0x180 c:/altera/13.0/nios2eds/bin/gnu/h-i686-mingw32/bin/../lib/gcc/nios2-elf/4.1.2/../../../../nios2-elf/lib\libc.a(lib_a-fwalk.o)
                0x00009fb0                _fwalk_reent
                0x0000a078                _fwalk
 .text          0x0000a130        0x0 c:/altera/13.0/nios2eds/bin/gnu/h-i686-mingw32/bin/../lib/gcc/nios2-elf/4.1.2/../../../../nios2-elf/lib\libc.a(lib_a-impure.o)
 .text          0x0000a130       0xc4 c:/altera/13.0/nios2eds/bin/gnu/h-i686-mingw32/bin/../lib/gcc/nios2-elf/4.1.2/../../../../nios2-elf/lib\libc.a(lib_a-locale.o)
                0x0000a130                __locale_charset
                0x0000a138                _localeconv_r
                0x0000a144                localeconv
                0x0000a154                _setlocale_r
                0x0000a1d8                setlocale
 .text          0x0000a1f4      0x194 c:/altera/13.0/nios2eds/bin/gnu/h-i686-mingw32/bin/../lib/gcc/nios2-elf/4.1.2/../../../../nios2-elf/lib\libc.a(lib_a-makebuf.o)
                0x0000a1f4                __smakebuf_r
 .text          0x0000a388      0x740 c:/altera/13.0/nios2eds/bin/gnu/h-i686-mingw32/bin/../lib/gcc/nios2-elf/4.1.2/../../../../nios2-elf/lib\libc.a(lib_a-mallocr.o)
                0x0000a388                _malloc_r
 .text          0x0000aac8       0xe4 c:/altera/13.0/nios2eds/bin/gnu/h-i686-mingw32/bin/../lib/gcc/nios2-elf/4.1.2/../../../../nios2-elf/lib\libc.a(lib_a-memchr.o)
                0x0000aac8                memchr
 .text          0x0000abac       0xe0 c:/altera/13.0/nios2eds/bin/gnu/h-i686-mingw32/bin/../lib/gcc/nios2-elf/4.1.2/../../../../nios2-elf/lib\libc.a(lib_a-memmove.o)
                0x0000abac                memmove
 .text          0x0000ac8c      0xff4 c:/altera/13.0/nios2eds/bin/gnu/h-i686-mingw32/bin/../lib/gcc/nios2-elf/4.1.2/../../../../nios2-elf/lib\libc.a(lib_a-mprec.o)
                0x0000ac8c                _Bfree
                0x0000acb4                __hi0bits
                0x0000ad24                __lo0bits
                0x0000ade8                __mcmp
                0x0000ae48                __ulp
                0x0000aec8                __b2d
                0x0000afe8                __ratio
                0x0000b098                _mprec_log10
                0x0000b12c                __copybits
                0x0000b184                __any_on
                0x0000b20c                _Balloc
                0x0000b2c8                __d2b
                0x0000b444                __mdiff
                0x0000b5d0                __lshift
                0x0000b71c                __multiply
                0x0000b904                __i2b
                0x0000b940                __multadd
                0x0000ba40                __pow5mult
                0x0000bb60                __s2b
 .text          0x0000bc80      0x1ec c:/altera/13.0/nios2eds/bin/gnu/h-i686-mingw32/bin/../lib/gcc/nios2-elf/4.1.2/../../../../nios2-elf/lib\libc.a(lib_a-putc.o)
                0x0000bc80                putc
                0x0000bd84                _putc_r
 .text          0x0000be6c      0x5f4 c:/altera/13.0/nios2eds/bin/gnu/h-i686-mingw32/bin/../lib/gcc/nios2-elf/4.1.2/../../../../nios2-elf/lib\libc.a(lib_a-reallocr.o)
                0x0000be6c                _realloc_r
 .text          0x0000c460       0x40 c:/altera/13.0/nios2eds/bin/gnu/h-i686-mingw32/bin/../lib/gcc/nios2-elf/4.1.2/../../../../nios2-elf/lib\libc.a(lib_a-s_isinfd.o)
                0x0000c460                __isinfd
 .text          0x0000c4a0       0x30 c:/altera/13.0/nios2eds/bin/gnu/h-i686-mingw32/bin/../lib/gcc/nios2-elf/4.1.2/../../../../nios2-elf/lib\libc.a(lib_a-s_isnand.o)
                0x0000c4a0                __isnand
 .text          0x0000c4d0       0x70 c:/altera/13.0/nios2eds/bin/gnu/h-i686-mingw32/bin/../lib/gcc/nios2-elf/4.1.2/../../../../nios2-elf/lib\libc.a(lib_a-sbrkr.o)
                0x0000c4d0                _sbrk_r
 .text          0x0000c540      0x14c c:/altera/13.0/nios2eds/bin/gnu/h-i686-mingw32/bin/../lib/gcc/nios2-elf/4.1.2/../../../../nios2-elf/lib\libc.a(lib_a-stdio.o)
                0x0000c540                __sclose
                0x0000c548                __sseek
                0x0000c5b0                __swrite
                0x0000c62c                __sread
 .text          0x0000c68c       0xbc c:/altera/13.0/nios2eds/bin/gnu/h-i686-mingw32/bin/../lib/gcc/nios2-elf/4.1.2/../../../../nios2-elf/lib\libc.a(lib_a-strcmp.o)
                0x0000c68c                strcmp
 .text          0x0000c748      0x14c c:/altera/13.0/nios2eds/bin/gnu/h-i686-mingw32/bin/../lib/gcc/nios2-elf/4.1.2/../../../../nios2-elf/lib\libc.a(lib_a-wbuf.o)
                0x0000c748                __swbuf_r
                0x0000c878                __swbuf
 .text          0x0000c894       0x78 c:/altera/13.0/nios2eds/bin/gnu/h-i686-mingw32/bin/../lib/gcc/nios2-elf/4.1.2/../../../../nios2-elf/lib\libc.a(lib_a-writer.o)
                0x0000c894                _write_r
 .text          0x0000c90c       0xb4 c:/altera/13.0/nios2eds/bin/gnu/h-i686-mingw32/bin/../lib/gcc/nios2-elf/4.1.2/../../../../nios2-elf/lib\libc.a(lib_a-callocr.o)
                0x0000c90c                _calloc_r
 .text          0x0000c9c0       0x70 c:/altera/13.0/nios2eds/bin/gnu/h-i686-mingw32/bin/../lib/gcc/nios2-elf/4.1.2/../../../../nios2-elf/lib\libc.a(lib_a-closer.o)
                0x0000c9c0                _close_r
 .text          0x0000ca30      0x124 c:/altera/13.0/nios2eds/bin/gnu/h-i686-mingw32/bin/../lib/gcc/nios2-elf/4.1.2/../../../../nios2-elf/lib\libc.a(lib_a-fclose.o)
                0x0000ca30                _fclose_r
                0x0000cb40                fclose
 .text          0x0000cb54       0x74 c:/altera/13.0/nios2eds/bin/gnu/h-i686-mingw32/bin/../lib/gcc/nios2-elf/4.1.2/../../../../nios2-elf/lib\libc.a(lib_a-fstatr.o)
                0x0000cb54                _fstat_r
 .text          0x0000cbc8        0x0 c:/altera/13.0/nios2eds/bin/gnu/h-i686-mingw32/bin/../lib/gcc/nios2-elf/4.1.2/../../../../nios2-elf/lib\libc.a(lib_a-int_errno.o)
 .text          0x0000cbc8       0x70 c:/altera/13.0/nios2eds/bin/gnu/h-i686-mingw32/bin/../lib/gcc/nios2-elf/4.1.2/../../../../nios2-elf/lib\libc.a(lib_a-isattyr.o)
                0x0000cbc8                _isatty_r
 .text          0x0000cc38       0x78 c:/altera/13.0/nios2eds/bin/gnu/h-i686-mingw32/bin/../lib/gcc/nios2-elf/4.1.2/../../../../nios2-elf/lib\libc.a(lib_a-lseekr.o)
                0x0000cc38                _lseek_r
 .text          0x0000ccb0       0x78 c:/altera/13.0/nios2eds/bin/gnu/h-i686-mingw32/bin/../lib/gcc/nios2-elf/4.1.2/../../../../nios2-elf/lib\libc.a(lib_a-readr.o)
                0x0000ccb0                _read_r
 .text          0x0000cd28      0x5dc c:/altera/13.0/nios2eds/bin/gnu/h-i686-mingw32/bin/../lib/gcc/nios2-elf/4.1.2\libgcc.a(_udivdi3.o)
                0x0000cd28                __udivdi3
 .text          0x0000d304      0x5b0 c:/altera/13.0/nios2eds/bin/gnu/h-i686-mingw32/bin/../lib/gcc/nios2-elf/4.1.2\libgcc.a(_umoddi3.o)
                0x0000d304                __umoddi3
 .text          0x0000d8b4      0x504 c:/altera/13.0/nios2eds/bin/gnu/h-i686-mingw32/bin/../lib/gcc/nios2-elf/4.1.2\libgcc.a(_addsub_df.o)
                0x0000dcc4                __subdf3
                0x0000dd44                __adddf3
 .text          0x0000ddb8      0x3c4 c:/altera/13.0/nios2eds/bin/gnu/h-i686-mingw32/bin/../lib/gcc/nios2-elf/4.1.2\libgcc.a(_mul_df.o)
                0x0000ddb8                __muldf3
 .text          0x0000e17c      0x258 c:/altera/13.0/nios2eds/bin/gnu/h-i686-mingw32/bin/../lib/gcc/nios2-elf/4.1.2\libgcc.a(_div_df.o)
                0x0000e17c                __divdf3
 .text          0x0000e3d4       0x88 c:/altera/13.0/nios2eds/bin/gnu/h-i686-mingw32/bin/../lib/gcc/nios2-elf/4.1.2\libgcc.a(_eq_df.o)
                0x0000e3d4                __eqdf2
 .text          0x0000e45c       0x88 c:/altera/13.0/nios2eds/bin/gnu/h-i686-mingw32/bin/../lib/gcc/nios2-elf/4.1.2\libgcc.a(_ne_df.o)
                0x0000e45c                __nedf2
 .text          0x0000e4e4       0x88 c:/altera/13.0/nios2eds/bin/gnu/h-i686-mingw32/bin/../lib/gcc/nios2-elf/4.1.2\libgcc.a(_gt_df.o)
                0x0000e4e4                __gtdf2
 .text          0x0000e56c       0x88 c:/altera/13.0/nios2eds/bin/gnu/h-i686-mingw32/bin/../lib/gcc/nios2-elf/4.1.2\libgcc.a(_ge_df.o)
                0x0000e56c                __gedf2
 .text          0x0000e5f4       0x88 c:/altera/13.0/nios2eds/bin/gnu/h-i686-mingw32/bin/../lib/gcc/nios2-elf/4.1.2\libgcc.a(_lt_df.o)
                0x0000e5f4                __ltdf2
 .text          0x0000e67c       0xf8 c:/altera/13.0/nios2eds/bin/gnu/h-i686-mingw32/bin/../lib/gcc/nios2-elf/4.1.2\libgcc.a(_si_to_df.o)
                0x0000e67c                __floatsidf
 .text          0x0000e774       0xd8 c:/altera/13.0/nios2eds/bin/gnu/h-i686-mingw32/bin/../lib/gcc/nios2-elf/4.1.2\libgcc.a(_df_to_si.o)
                0x0000e774                __fixdfsi
 .text          0x0000e84c        0x0 c:/altera/13.0/nios2eds/bin/gnu/h-i686-mingw32/bin/../lib/gcc/nios2-elf/4.1.2\libgcc.a(_thenan_df.o)
 .text          0x0000e84c      0x194 c:/altera/13.0/nios2eds/bin/gnu/h-i686-mingw32/bin/../lib/gcc/nios2-elf/4.1.2\libgcc.a(_usi_to_df.o)
                0x0000e84c                __floatunsidf
 .text          0x0000e9e0      0x14c c:/altera/13.0/nios2eds/bin/gnu/h-i686-mingw32/bin/../lib/gcc/nios2-elf/4.1.2\libgcc.a(lib2-divmod.o)
                0x0000ea5c                __divsi3
                0x0000eabc                __modsi3
                0x0000eb1c                __udivsi3
                0x0000eb24                __umodsi3
 .text          0x0000eb2c       0x98 c:/altera/13.0/nios2eds/bin/gnu/h-i686-mingw32/bin/../lib/gcc/nios2-elf/4.1.2\libgcc.a(_muldi3.o)
                0x0000eb2c                __muldi3
 .text          0x0000ebc4        0x0 c:/altera/13.0/nios2eds/bin/gnu/h-i686-mingw32/bin/../lib/gcc/nios2-elf/4.1.2\libgcc.a(_clz.o)
 .text          0x0000ebc4       0x80 c:/altera/13.0/nios2eds/bin/gnu/h-i686-mingw32/bin/../lib/gcc/nios2-elf/4.1.2\libgcc.a(_clzsi2.o)
                0x0000ebc4                __clzsi2
 .text          0x0000ec44      0x314 c:/altera/13.0/nios2eds/bin/gnu/h-i686-mingw32/bin/../lib/gcc/nios2-elf/4.1.2\libgcc.a(_pack_df.o)
                0x0000ec44                __pack_d
 .text          0x0000ef58      0x138 c:/altera/13.0/nios2eds/bin/gnu/h-i686-mingw32/bin/../lib/gcc/nios2-elf/4.1.2\libgcc.a(_unpack_df.o)
                0x0000ef58                __unpack_d
 .text          0x0000f090       0xc8 c:/altera/13.0/nios2eds/bin/gnu/h-i686-mingw32/bin/../lib/gcc/nios2-elf/4.1.2\libgcc.a(_fpcmp_parts_df.o)
                0x0000f090                __fpcmp_parts_d
 .text          0x0000f158      0x15c //files.auckland.ac.nz/myhome/Documents/GitHub/low-cost-frequency-relay/software/LCFR_bsp/\libhal_bsp.a(alt_close.o)
                0x0000f158                close
 .text          0x0000f2b4       0x2c //files.auckland.ac.nz/myhome/Documents/GitHub/low-cost-frequency-relay/software/LCFR_bsp/\libhal_bsp.a(alt_dev.o)
 .text          0x0000f2e0        0x0 //files.auckland.ac.nz/myhome/Documents/GitHub/low-cost-frequency-relay/software/LCFR_bsp/\libhal_bsp.a(alt_errno.o)
 .text          0x0000f2e0      0x134 //files.auckland.ac.nz/myhome/Documents/GitHub/low-cost-frequency-relay/software/LCFR_bsp/\libhal_bsp.a(alt_fstat.o)
                0x0000f2e0                fstat
 .text          0x0000f414        0x0 //files.auckland.ac.nz/myhome/Documents/GitHub/low-cost-frequency-relay/software/LCFR_bsp/\libhal_bsp.a(alt_irq_handler.o)
 .text          0x0000f414        0x0 //files.auckland.ac.nz/myhome/Documents/GitHub/low-cost-frequency-relay/software/LCFR_bsp/\libhal_bsp.a(alt_irq_vars.o)
 .text          0x0000f414      0x120 //files.auckland.ac.nz/myhome/Documents/GitHub/low-cost-frequency-relay/software/LCFR_bsp/\libhal_bsp.a(alt_isatty.o)
                0x0000f414                isatty
 .text          0x0000f534      0x150 //files.auckland.ac.nz/myhome/Documents/GitHub/low-cost-frequency-relay/software/LCFR_bsp/\libhal_bsp.a(alt_lseek.o)
                0x0000f534                lseek
 .text          0x0000f684       0x6c //files.auckland.ac.nz/myhome/Documents/GitHub/low-cost-frequency-relay/software/LCFR_bsp/\libhal_bsp.a(alt_main.o)
                0x0000f684                alt_main
 .text          0x0000f6f0       0x40 //files.auckland.ac.nz/myhome/Documents/GitHub/low-cost-frequency-relay/software/LCFR_bsp/\libhal_bsp.a(alt_malloc_lock.o)
                0x0000f6f0                __malloc_lock
                0x0000f710                __malloc_unlock
 .text          0x0000f730      0x180 //files.auckland.ac.nz/myhome/Documents/GitHub/low-cost-frequency-relay/software/LCFR_bsp/\libhal_bsp.a(alt_read.o)
                0x0000f730                read
 .text          0x0000f8b0       0x60 //files.auckland.ac.nz/myhome/Documents/GitHub/low-cost-frequency-relay/software/LCFR_bsp/\libhal_bsp.a(alt_release_fd.o)
                0x0000f8b0                alt_release_fd
 .text          0x0000f910       0xbc //files.auckland.ac.nz/myhome/Documents/GitHub/low-cost-frequency-relay/software/LCFR_bsp/\libhal_bsp.a(alt_sbrk.o)
                0x0000f910                sbrk
 .text          0x0000f9cc      0x180 //files.auckland.ac.nz/myhome/Documents/GitHub/low-cost-frequency-relay/software/LCFR_bsp/\libhal_bsp.a(alt_write.o)
                0x0000f9cc                write
 .text          0x0000fb4c      0x3d8 //files.auckland.ac.nz/myhome/Documents/GitHub/low-cost-frequency-relay/software/LCFR_bsp/\libhal_bsp.a(alt_sys_init.o)
                0x0000fb4c                alt_irq_init
                0x0000fb80                alt_sys_init
 .text          0x0000ff24      0x8d8 //files.auckland.ac.nz/myhome/Documents/GitHub/low-cost-frequency-relay/software/LCFR_bsp/\libhal_bsp.a(altera_avalon_cfi_flash.o)
                0x0000ff24                alt_flash_cfi_init
                0x0000fff8                alt_flash_cfi_write
                0x000102b8                alt_flash_cfi_get_info
                0x00010348                alt_flash_cfi_read
                0x000103b0                alt_write_value_to_flash
                0x00010514                alt_flash_program_block
 .text          0x000107fc     0x14a8 //files.auckland.ac.nz/myhome/Documents/GitHub/low-cost-frequency-relay/software/LCFR_bsp/\libhal_bsp.a(altera_avalon_cfi_flash_table.o)
                0x000107fc                alt_read_query_entry_8bit
                0x0001083c                alt_read_query_entry_16bit
                0x00010880                alt_read_query_entry_32bit
                0x000108c8                alt_write_flash_command_8bit_device_8bit_mode
                0x00010904                alt_write_flash_command_16bit_device_8bit_mode
                0x00010980                alt_write_flash_command_32bit_device_8bit_mode
                0x000109c8                alt_write_flash_command_16bit_device_16bit_mode
                0x00010a0c                alt_write_flash_command_32bit_device_16bit_mode
                0x00010a54                alt_write_flash_command_32bit_device_32bit_mode
                0x00010a9c                alt_write_native_8bit
                0x00010ad0                alt_write_native_16bit
                0x00010b04                alt_write_native_32bit
                0x00010b34                alt_set_flash_width_func
                0x00010d14                alt_set_flash_algorithm_func
                0x00010e3c                alt_read_cfi_table
                0x0001141c                alt_read_cfi_width
                0x00011bc8                alt_check_primary_table
 .text          0x00011ca4      0x148 //files.auckland.ac.nz/myhome/Documents/GitHub/low-cost-frequency-relay/software/LCFR_bsp/\libhal_bsp.a(altera_avalon_jtag_uart_fd.o)
                0x00011ca4                altera_avalon_jtag_uart_read_fd
                0x00011cfc                altera_avalon_jtag_uart_write_fd
                0x00011d54                altera_avalon_jtag_uart_close_fd
                0x00011d9c                altera_avalon_jtag_uart_ioctl_fd
 .text          0x00011dec      0x408 //files.auckland.ac.nz/myhome/Documents/GitHub/low-cost-frequency-relay/software/LCFR_bsp/\libhal_bsp.a(altera_avalon_jtag_uart_init.o)
                0x00011dec                altera_avalon_jtag_uart_init
                0x00012180                altera_avalon_jtag_uart_close
 .text          0x000121f4       0xf4 //files.auckland.ac.nz/myhome/Documents/GitHub/low-cost-frequency-relay/software/LCFR_bsp/\libhal_bsp.a(altera_avalon_jtag_uart_ioctl.o)
                0x000121f4                altera_avalon_jtag_uart_ioctl
 .text          0x000122e8      0x224 //files.auckland.ac.nz/myhome/Documents/GitHub/low-cost-frequency-relay/software/LCFR_bsp/\libhal_bsp.a(altera_avalon_jtag_uart_read.o)
                0x000122e8                altera_avalon_jtag_uart_read
 .text          0x0001250c      0x240 //files.auckland.ac.nz/myhome/Documents/GitHub/low-cost-frequency-relay/software/LCFR_bsp/\libhal_bsp.a(altera_avalon_jtag_uart_write.o)
                0x0001250c                altera_avalon_jtag_uart_write
 .text          0x0001274c      0xee0 //files.auckland.ac.nz/myhome/Documents/GitHub/low-cost-frequency-relay/software/LCFR_bsp/\libhal_bsp.a(altera_avalon_lcd_16207.o)
                0x00012f20                altera_avalon_lcd_16207_write
                0x000134f0                altera_avalon_lcd_16207_init
 .text          0x0001362c       0x58 //files.auckland.ac.nz/myhome/Documents/GitHub/low-cost-frequency-relay/software/LCFR_bsp/\libhal_bsp.a(altera_avalon_lcd_16207_fd.o)
                0x0001362c                altera_avalon_lcd_16207_write_fd
 .text          0x00013684       0xfc //files.auckland.ac.nz/myhome/Documents/GitHub/low-cost-frequency-relay/software/LCFR_bsp/\libhal_bsp.a(altera_avalon_timer_sc.o)
                0x000136f8                alt_avalon_timer_sc_init
 .text          0x00013780       0xf8 //files.auckland.ac.nz/myhome/Documents/GitHub/low-cost-frequency-relay/software/LCFR_bsp/\libhal_bsp.a(altera_avalon_uart_fd.o)
                0x00013780                altera_avalon_uart_read_fd
                0x000137d8                altera_avalon_uart_write_fd
                0x00013830                altera_avalon_uart_close_fd
 .text          0x00013878      0x3fc //files.auckland.ac.nz/myhome/Documents/GitHub/low-cost-frequency-relay/software/LCFR_bsp/\libhal_bsp.a(altera_avalon_uart_init.o)
                0x00013878                altera_avalon_uart_init
                0x00013c14                altera_avalon_uart_close
 .text          0x00013c74      0x290 //files.auckland.ac.nz/myhome/Documents/GitHub/low-cost-frequency-relay/software/LCFR_bsp/\libhal_bsp.a(altera_avalon_uart_read.o)
                0x00013c74                altera_avalon_uart_read
 .text          0x00013f04      0x228 //files.auckland.ac.nz/myhome/Documents/GitHub/low-cost-frequency-relay/software/LCFR_bsp/\libhal_bsp.a(altera_avalon_uart_write.o)
                0x00013f04                altera_avalon_uart_write
 .text          0x0001412c      0x700 //files.auckland.ac.nz/myhome/Documents/GitHub/low-cost-frequency-relay/software/LCFR_bsp/\libhal_bsp.a(altera_up_avalon_ps2.o)
                0x0001412c                read_RI_bit
                0x00014160                read_RE_bit
                0x00014190                read_CE_bit
                0x000141c4                read_num_bytes_available
                0x000141f8                read_data_valid
                0x0001422c                read_data_byte
                0x00014258                alt_up_ps2_init
                0x00014324                alt_up_ps2_enable_read_interrupt
                0x00014378                alt_up_ps2_disable_read_interrupt
                0x000143d0                alt_up_ps2_write_data_byte
                0x00014448                alt_up_ps2_wait_for_ack
                0x000144b8                alt_up_ps2_write_data_byte_with_ack
                0x00014524                alt_up_ps2_read_data_byte_timeout
                0x000145d4                alt_up_ps2_read_data_byte
                0x00014650                alt_up_ps2_clear_fifo
                0x000146a8                alt_up_ps2_read_fd
                0x00014744                alt_up_ps2_write_fd
                0x000147ec                alt_up_ps2_open_dev
 .text          0x0001482c      0x304 //files.auckland.ac.nz/myhome/Documents/GitHub/low-cost-frequency-relay/software/LCFR_bsp/\libhal_bsp.a(altera_up_avalon_video_character_buffer_with_dma.o)
                0x0001482c                alt_up_char_buffer_init
                0x000148b0                alt_up_char_buffer_open_dev
                0x000148f0                alt_up_char_buffer_draw
                0x000149c0                alt_up_char_buffer_string
                0x00014ad4                alt_up_char_buffer_clear
 .text          0x00014b30      0x154 //files.auckland.ac.nz/myhome/Documents/GitHub/low-cost-frequency-relay/software/LCFR_bsp/\libhal_bsp.a(alt_alarm_start.o)
                0x00014b30                alt_alarm_start
 .text          0x00014c84       0x78 //files.auckland.ac.nz/myhome/Documents/GitHub/low-cost-frequency-relay/software/LCFR_bsp/\libhal_bsp.a(alt_dcache_flush.o)
                0x00014c84                alt_dcache_flush
 .text          0x00014cfc      0x114 //files.auckland.ac.nz/myhome/Documents/GitHub/low-cost-frequency-relay/software/LCFR_bsp/\libhal_bsp.a(alt_dev_llist_insert.o)
                0x00014cfc                alt_dev_llist_insert
 .text          0x00014e10       0x64 //files.auckland.ac.nz/myhome/Documents/GitHub/low-cost-frequency-relay/software/LCFR_bsp/\libhal_bsp.a(alt_do_ctors.o)
                0x00014e10                _do_ctors
 .text          0x00014e74       0x64 //files.auckland.ac.nz/myhome/Documents/GitHub/low-cost-frequency-relay/software/LCFR_bsp/\libhal_bsp.a(alt_do_dtors.o)
                0x00014e74                _do_dtors
 .text          0x00014ed8       0x94 //files.auckland.ac.nz/myhome/Documents/GitHub/low-cost-frequency-relay/software/LCFR_bsp/\libhal_bsp.a(alt_find_dev.o)
                0x00014ed8                alt_find_dev
 .text          0x00014f6c       0xd0 //files.auckland.ac.nz/myhome/Documents/GitHub/low-cost-frequency-relay/software/LCFR_bsp/\libhal_bsp.a(alt_flash_dev.o)
                0x00014f6c                alt_flash_open_dev
                0x00014fe8                alt_flash_close_dev
 .text          0x0001503c      0x13c //files.auckland.ac.nz/myhome/Documents/GitHub/low-cost-frequency-relay/software/LCFR_bsp/\libhal_bsp.a(alt_io_redirect.o)
                0x00015100                alt_io_redirect
 .text          0x00015178      0x2c4 //files.auckland.ac.nz/myhome/Documents/GitHub/low-cost-frequency-relay/software/LCFR_bsp/\libhal_bsp.a(alt_open.o)
                0x00015254                open
 .text          0x0001543c      0x1a4 //files.auckland.ac.nz/myhome/Documents/GitHub/low-cost-frequency-relay/software/LCFR_bsp/\libhal_bsp.a(alt_tick.o)
                0x0001543c                alt_alarm_stop
                0x000154d4                alt_tick
 .text          0x000155e0       0x30 //files.auckland.ac.nz/myhome/Documents/GitHub/low-cost-frequency-relay/software/LCFR_bsp/\libhal_bsp.a(alt_usleep.o)
                0x000155e0                usleep
 .text          0x00015610       0x20 //files.auckland.ac.nz/myhome/Documents/GitHub/low-cost-frequency-relay/software/LCFR_bsp/\libhal_bsp.a(altera_nios2_qsys_irq.o)
                0x00015610                altera_nios2_qsys_irq_init
 .text          0x00015630      0x460 //files.auckland.ac.nz/myhome/Documents/GitHub/low-cost-frequency-relay/software/LCFR_bsp/\libhal_bsp.a(altera_avalon_cfi_flash_amd.o)
                0x00015630                alt_program_amd
                0x00015698                alt_erase_block_amd
 .text          0x00015a90      0x460 //files.auckland.ac.nz/myhome/Documents/GitHub/low-cost-frequency-relay/software/LCFR_bsp/\libhal_bsp.a(altera_avalon_cfi_flash_intel.o)
                0x00015a90                alt_program_intel
                0x00015b14                alt_erase_block_intel
 .text          0x00015ef0      0x12c //files.auckland.ac.nz/myhome/Documents/GitHub/low-cost-frequency-relay/software/LCFR_bsp/\libhal_bsp.a(alt_busy_sleep.o)
                0x00015ef0                alt_busy_sleep
 .text          0x0001601c      0x120 //files.auckland.ac.nz/myhome/Documents/GitHub/low-cost-frequency-relay/software/LCFR_bsp/\libhal_bsp.a(alt_find_file.o)
                0x0001601c                alt_find_file
 .text          0x0001613c       0xb8 //files.auckland.ac.nz/myhome/Documents/GitHub/low-cost-frequency-relay/software/LCFR_bsp/\libhal_bsp.a(alt_get_fd.o)
                0x0001613c                alt_get_fd
 .text          0x000161f4       0x14 c:/altera/13.0/nios2eds/bin/gnu/h-i686-mingw32/bin/../lib/gcc/nios2-elf/4.1.2/../../../../nios2-elf/lib\libc.a(lib_a-atexit.o)
                0x000161f4                atexit
 .text          0x00016208        0x0 c:/altera/13.0/nios2eds/bin/gnu/h-i686-mingw32/bin/../lib/gcc/nios2-elf/4.1.2/../../../../nios2-elf/lib\libc.a(lib_a-ctype_.o)
 .text          0x00016208       0x38 c:/altera/13.0/nios2eds/bin/gnu/h-i686-mingw32/bin/../lib/gcc/nios2-elf/4.1.2/../../../../nios2-elf/lib\libc.a(lib_a-exit.o)
                0x00016208                exit
 .text          0x00016240      0x134 c:/altera/13.0/nios2eds/bin/gnu/h-i686-mingw32/bin/../lib/gcc/nios2-elf/4.1.2/../../../../nios2-elf/lib\libc.a(lib_a-__atexit.o)
                0x00016240                __register_exitproc
 .text          0x00016374      0x1b4 c:/altera/13.0/nios2eds/bin/gnu/h-i686-mingw32/bin/../lib/gcc/nios2-elf/4.1.2/../../../../nios2-elf/lib\libc.a(lib_a-__call_atexit.o)
                0x00016378                __call_exitprocs
 .text          0x00016528       0x60 //files.auckland.ac.nz/myhome/Documents/GitHub/low-cost-frequency-relay/software/LCFR_bsp/\libhal_bsp.a(alt_exit.o)
                0x00016568                _exit
 *(.gnu.warning.*)
 *(.fini)
                0x00016588                PROVIDE (__etext, ABSOLUTE (.))
                0x00016588                PROVIDE (_etext, ABSOLUTE (.))
                0x00016588                PROVIDE (etext, ABSOLUTE (.))
 *(.eh_frame_hdr)
                0x00016588                . = ALIGN (0x4)
                0x00016588                PROVIDE (__preinit_array_start, ABSOLUTE (.))
 *(.preinit_array)
                0x00016588                PROVIDE (__preinit_array_end, ABSOLUTE (.))
                0x00016588                PROVIDE (__init_array_start, ABSOLUTE (.))
 *(.init_array)
                0x00016588                PROVIDE (__init_array_end, ABSOLUTE (.))
                0x00016588                PROVIDE (__fini_array_start, ABSOLUTE (.))
 *(.fini_array)
                0x00016588                PROVIDE (__fini_array_end, ABSOLUTE (.))
 *(.eh_frame)
 *(.gcc_except_table)
 *(.dynamic)
                0x00016588                PROVIDE (__CTOR_LIST__, ABSOLUTE (.))
 *(.ctors)
 *(SORT(.ctors.*))
 .ctors.65535   0x00016588        0x4 c:/altera/13.0/nios2eds/bin/gnu/h-i686-mingw32/bin/../lib/gcc/nios2-elf/4.1.2/../../../../nios2-elf/lib\libc.a(lib_a-__call_atexit.o)
                0x0001658c                PROVIDE (__CTOR_END__, ABSOLUTE (.))
                0x0001658c                PROVIDE (__DTOR_LIST__, ABSOLUTE (.))
 *(.dtors)
 *(SORT(.dtors.*))
                0x0001658c                PROVIDE (__DTOR_END__, ABSOLUTE (.))
 *(.jcr)
                0x0001658c                . = ALIGN (0x4)

.rodata         0x08000000      0x90c
                0x08000000                PROVIDE (__ram_rodata_start, ABSOLUTE (.))
                0x08000000                . = ALIGN (0x4)
 *(.rodata .rodata.* .gnu.linkonce.r.*)
 .rodata        0x08000000       0x34 obj/default/./FreeRTOS/port.o
 .rodata        0x08000034       0x1c obj/default/./FreeRTOS/tasks.o
 .rodata        0x08000050        0x8 obj/default/./FreeRTOS/timers.o
 .rodata        0x08000058      0x238 obj/default/./freertos_semaphore.o
 .rodata.str1.4
                0x08000290        0x2 c:/altera/13.0/nios2eds/bin/gnu/h-i686-mingw32/bin/../lib/gcc/nios2-elf/4.1.2/../../../../nios2-elf/lib\libc.a(lib_a-puts.o)
                                  0x4 (size before relaxing)
 *fill*         0x08000292        0x2 00
 .rodata.str1.4
                0x08000294       0x5e c:/altera/13.0/nios2eds/bin/gnu/h-i686-mingw32/bin/../lib/gcc/nios2-elf/4.1.2/../../../../nios2-elf/lib\libc.a(lib_a-vfprintf.o)
                                 0x60 (size before relaxing)
 *fill*         0x080002f2        0x2 00
 .rodata        0x080002f4       0x20 c:/altera/13.0/nios2eds/bin/gnu/h-i686-mingw32/bin/../lib/gcc/nios2-elf/4.1.2/../../../../nios2-elf/lib\libc.a(lib_a-vfprintf.o)
 .rodata.str1.4
                0x08000314       0x10 c:/altera/13.0/nios2eds/bin/gnu/h-i686-mingw32/bin/../lib/gcc/nios2-elf/4.1.2/../../../../nios2-elf/lib\libc.a(lib_a-dtoa.o)
                                 0x14 (size before relaxing)
 .rodata.str1.4
                0x08000324        0x2 c:/altera/13.0/nios2eds/bin/gnu/h-i686-mingw32/bin/../lib/gcc/nios2-elf/4.1.2/../../../../nios2-elf/lib\libc.a(lib_a-impure.o)
                                  0x4 (size before relaxing)
 *fill*         0x08000326        0x2 00
 .rodata.str1.4
                0x08000328       0x10 c:/altera/13.0/nios2eds/bin/gnu/h-i686-mingw32/bin/../lib/gcc/nios2-elf/4.1.2/../../../../nios2-elf/lib\libc.a(lib_a-locale.o)
                                 0x18 (size before relaxing)
 .rodata        0x08000338       0x30 c:/altera/13.0/nios2eds/bin/gnu/h-i686-mingw32/bin/../lib/gcc/nios2-elf/4.1.2/../../../../nios2-elf/lib\libc.a(lib_a-locale.o)
 .rodata        0x08000368      0x124 c:/altera/13.0/nios2eds/bin/gnu/h-i686-mingw32/bin/../lib/gcc/nios2-elf/4.1.2/../../../../nios2-elf/lib\libc.a(lib_a-mprec.o)
                0x08000368                __mprec_tens
                0x08000430                __mprec_bigtens
                0x08000458                __mprec_tinytens
 .rodata        0x0800048c       0x14 c:/altera/13.0/nios2eds/bin/gnu/h-i686-mingw32/bin/../lib/gcc/nios2-elf/4.1.2\libgcc.a(_thenan_df.o)
                0x0800048c                __thenan_df
 .rodata        0x080004a0      0x100 c:/altera/13.0/nios2eds/bin/gnu/h-i686-mingw32/bin/../lib/gcc/nios2-elf/4.1.2\libgcc.a(_clz.o)
                0x080004a0                __clz_tab
 .rodata        0x080005a0        0xc //files.auckland.ac.nz/myhome/Documents/GitHub/low-cost-frequency-relay/software/LCFR_bsp/\libhal_bsp.a(alt_dev.o)
 .rodata        0x080005ac       0x10 //files.auckland.ac.nz/myhome/Documents/GitHub/low-cost-frequency-relay/software/LCFR_bsp/\libhal_bsp.a(alt_main.o)
 .rodata        0x080005bc       0xb0 //files.auckland.ac.nz/myhome/Documents/GitHub/low-cost-frequency-relay/software/LCFR_bsp/\libhal_bsp.a(alt_sys_init.o)
 .rodata        0x0800066c       0x1c //files.auckland.ac.nz/myhome/Documents/GitHub/low-cost-frequency-relay/software/LCFR_bsp/\libhal_bsp.a(altera_up_avalon_video_character_buffer_with_dma.o)
 .rodata        0x08000688      0x284 c:/altera/13.0/nios2eds/bin/gnu/h-i686-mingw32/bin/../lib/gcc/nios2-elf/4.1.2/../../../../nios2-elf/lib\libc.a(lib_a-ctype_.o)
                0x08000688                _ctype_
 *(.rodata1)
                0x0800090c                . = ALIGN (0x4)
                0x0800090c                PROVIDE (__ram_rodata_end, ABSOLUTE (.))
                0x08000000                PROVIDE (__flash_rodata_start, LOADADDR (.rodata))

.rwdata         0x0800090c     0x1e0c
                0x0800090c                PROVIDE (__ram_rwdata_start, ABSOLUTE (.))
                0x0800090c                . = ALIGN (0x4)
 *(.got.plt)
 *(.got)
 *(.data1)
 *(.data .data.* .gnu.linkonce.d.*)
 .data          0x0800090c        0x0 //files.auckland.ac.nz/myhome/Documents/GitHub/low-cost-frequency-relay/software/LCFR_bsp//obj/HAL/src/crt0.o
 .data          0x0800090c        0x0 obj/default/./FreeRTOS/croutine.o
 .data          0x0800090c        0x0 obj/default/./FreeRTOS/event_groups.o
 .data          0x0800090c        0x0 obj/default/./FreeRTOS/heap.o
 .data          0x0800090c        0x0 obj/default/./FreeRTOS/list.o
 .data          0x0800090c        0x0 obj/default/./FreeRTOS/port.o
 .data          0x0800090c        0x0 obj/default/./FreeRTOS/queue.o
 .data          0x0800090c        0x0 obj/default/./FreeRTOS/tasks.o
 .data          0x0800090c        0x0 obj/default/./FreeRTOS/timers.o
 .data          0x0800090c        0x0 obj/default/./freertos_semaphore.o
 .data          0x0800090c        0x0 obj/default/./FreeRTOS/port_asm.o
 .data          0x0800090c        0x0 c:/altera/13.0/nios2eds/bin/gnu/h-i686-mingw32/bin/../lib/gcc/nios2-elf/4.1.2/../../../../nios2-elf/lib\libc.a(lib_a-memcmp.o)
 .data          0x0800090c        0x0 c:/altera/13.0/nios2eds/bin/gnu/h-i686-mingw32/bin/../lib/gcc/nios2-elf/4.1.2/../../../../nios2-elf/lib\libc.a(lib_a-memcpy.o)
 .data          0x0800090c        0x0 c:/altera/13.0/nios2eds/bin/gnu/h-i686-mingw32/bin/../lib/gcc/nios2-elf/4.1.2/../../../../nios2-elf/lib\libc.a(lib_a-memset.o)
 .data          0x0800090c        0x0 c:/altera/13.0/nios2eds/bin/gnu/h-i686-mingw32/bin/../lib/gcc/nios2-elf/4.1.2/../../../../nios2-elf/lib\libc.a(lib_a-printf.o)
 .data          0x0800090c        0x0 c:/altera/13.0/nios2eds/bin/gnu/h-i686-mingw32/bin/../lib/gcc/nios2-elf/4.1.2/../../../../nios2-elf/lib\libc.a(lib_a-putchar.o)
 .data          0x0800090c        0x0 c:/altera/13.0/nios2eds/bin/gnu/h-i686-mingw32/bin/../lib/gcc/nios2-elf/4.1.2/../../../../nios2-elf/lib\libc.a(lib_a-puts.o)
 .data          0x0800090c        0x0 c:/altera/13.0/nios2eds/bin/gnu/h-i686-mingw32/bin/../lib/gcc/nios2-elf/4.1.2/../../../../nios2-elf/lib\libc.a(lib_a-strlen.o)
 .data          0x0800090c        0x0 c:/altera/13.0/nios2eds/bin/gnu/h-i686-mingw32/bin/../lib/gcc/nios2-elf/4.1.2/../../../../nios2-elf/lib\libc.a(lib_a-vfprintf.o)
 .data          0x0800090c        0x0 c:/altera/13.0/nios2eds/bin/gnu/h-i686-mingw32/bin/../lib/gcc/nios2-elf/4.1.2/../../../../nios2-elf/lib\libc.a(lib_a-wsetup.o)
 .data          0x0800090c        0x0 c:/altera/13.0/nios2eds/bin/gnu/h-i686-mingw32/bin/../lib/gcc/nios2-elf/4.1.2/../../../../nios2-elf/lib\libc.a(lib_a-dtoa.o)
 .data          0x0800090c        0x0 c:/altera/13.0/nios2eds/bin/gnu/h-i686-mingw32/bin/../lib/gcc/nios2-elf/4.1.2/../../../../nios2-elf/lib\libc.a(lib_a-fflush.o)
 .data          0x0800090c        0x0 c:/altera/13.0/nios2eds/bin/gnu/h-i686-mingw32/bin/../lib/gcc/nios2-elf/4.1.2/../../../../nios2-elf/lib\libc.a(lib_a-findfp.o)
 .data          0x0800090c        0x0 c:/altera/13.0/nios2eds/bin/gnu/h-i686-mingw32/bin/../lib/gcc/nios2-elf/4.1.2/../../../../nios2-elf/lib\libc.a(lib_a-freer.o)
 .data          0x0800090c        0x0 c:/altera/13.0/nios2eds/bin/gnu/h-i686-mingw32/bin/../lib/gcc/nios2-elf/4.1.2/../../../../nios2-elf/lib\libc.a(lib_a-fvwrite.o)
 .data          0x0800090c        0x0 c:/altera/13.0/nios2eds/bin/gnu/h-i686-mingw32/bin/../lib/gcc/nios2-elf/4.1.2/../../../../nios2-elf/lib\libc.a(lib_a-fwalk.o)
 .data          0x0800090c      0x400 c:/altera/13.0/nios2eds/bin/gnu/h-i686-mingw32/bin/../lib/gcc/nios2-elf/4.1.2/../../../../nios2-elf/lib\libc.a(lib_a-impure.o)
 .data          0x08000d0c        0xc c:/altera/13.0/nios2eds/bin/gnu/h-i686-mingw32/bin/../lib/gcc/nios2-elf/4.1.2/../../../../nios2-elf/lib\libc.a(lib_a-locale.o)
                0x08000d0c                __lc_ctype
 .data          0x08000d18        0x0 c:/altera/13.0/nios2eds/bin/gnu/h-i686-mingw32/bin/../lib/gcc/nios2-elf/4.1.2/../../../../nios2-elf/lib\libc.a(lib_a-makebuf.o)
 .data          0x08000d18      0x408 c:/altera/13.0/nios2eds/bin/gnu/h-i686-mingw32/bin/../lib/gcc/nios2-elf/4.1.2/../../../../nios2-elf/lib\libc.a(lib_a-mallocr.o)
                0x08000d18                __malloc_av_
 .data          0x08001120        0x0 c:/altera/13.0/nios2eds/bin/gnu/h-i686-mingw32/bin/../lib/gcc/nios2-elf/4.1.2/../../../../nios2-elf/lib\libc.a(lib_a-memchr.o)
 .data          0x08001120        0x0 c:/altera/13.0/nios2eds/bin/gnu/h-i686-mingw32/bin/../lib/gcc/nios2-elf/4.1.2/../../../../nios2-elf/lib\libc.a(lib_a-memmove.o)
 .data          0x08001120        0x0 c:/altera/13.0/nios2eds/bin/gnu/h-i686-mingw32/bin/../lib/gcc/nios2-elf/4.1.2/../../../../nios2-elf/lib\libc.a(lib_a-mprec.o)
 .data          0x08001120        0x0 c:/altera/13.0/nios2eds/bin/gnu/h-i686-mingw32/bin/../lib/gcc/nios2-elf/4.1.2/../../../../nios2-elf/lib\libc.a(lib_a-putc.o)
 .data          0x08001120        0x0 c:/altera/13.0/nios2eds/bin/gnu/h-i686-mingw32/bin/../lib/gcc/nios2-elf/4.1.2/../../../../nios2-elf/lib\libc.a(lib_a-reallocr.o)
 .data          0x08001120        0x0 c:/altera/13.0/nios2eds/bin/gnu/h-i686-mingw32/bin/../lib/gcc/nios2-elf/4.1.2/../../../../nios2-elf/lib\libc.a(lib_a-s_isinfd.o)
 .data          0x08001120        0x0 c:/altera/13.0/nios2eds/bin/gnu/h-i686-mingw32/bin/../lib/gcc/nios2-elf/4.1.2/../../../../nios2-elf/lib\libc.a(lib_a-s_isnand.o)
 .data          0x08001120        0x0 c:/altera/13.0/nios2eds/bin/gnu/h-i686-mingw32/bin/../lib/gcc/nios2-elf/4.1.2/../../../../nios2-elf/lib\libc.a(lib_a-sbrkr.o)
 .data          0x08001120        0x0 c:/altera/13.0/nios2eds/bin/gnu/h-i686-mingw32/bin/../lib/gcc/nios2-elf/4.1.2/../../../../nios2-elf/lib\libc.a(lib_a-stdio.o)
 .data          0x08001120        0x0 c:/altera/13.0/nios2eds/bin/gnu/h-i686-mingw32/bin/../lib/gcc/nios2-elf/4.1.2/../../../../nios2-elf/lib\libc.a(lib_a-strcmp.o)
 .data          0x08001120        0x0 c:/altera/13.0/nios2eds/bin/gnu/h-i686-mingw32/bin/../lib/gcc/nios2-elf/4.1.2/../../../../nios2-elf/lib\libc.a(lib_a-wbuf.o)
 .data          0x08001120        0x0 c:/altera/13.0/nios2eds/bin/gnu/h-i686-mingw32/bin/../lib/gcc/nios2-elf/4.1.2/../../../../nios2-elf/lib\libc.a(lib_a-writer.o)
 .data          0x08001120        0x0 c:/altera/13.0/nios2eds/bin/gnu/h-i686-mingw32/bin/../lib/gcc/nios2-elf/4.1.2/../../../../nios2-elf/lib\libc.a(lib_a-callocr.o)
 .data          0x08001120        0x0 c:/altera/13.0/nios2eds/bin/gnu/h-i686-mingw32/bin/../lib/gcc/nios2-elf/4.1.2/../../../../nios2-elf/lib\libc.a(lib_a-closer.o)
 .data          0x08001120        0x0 c:/altera/13.0/nios2eds/bin/gnu/h-i686-mingw32/bin/../lib/gcc/nios2-elf/4.1.2/../../../../nios2-elf/lib\libc.a(lib_a-fclose.o)
 .data          0x08001120        0x0 c:/altera/13.0/nios2eds/bin/gnu/h-i686-mingw32/bin/../lib/gcc/nios2-elf/4.1.2/../../../../nios2-elf/lib\libc.a(lib_a-fstatr.o)
 .data          0x08001120        0x0 c:/altera/13.0/nios2eds/bin/gnu/h-i686-mingw32/bin/../lib/gcc/nios2-elf/4.1.2/../../../../nios2-elf/lib\libc.a(lib_a-int_errno.o)
 .data          0x08001120        0x0 c:/altera/13.0/nios2eds/bin/gnu/h-i686-mingw32/bin/../lib/gcc/nios2-elf/4.1.2/../../../../nios2-elf/lib\libc.a(lib_a-isattyr.o)
 .data          0x08001120        0x0 c:/altera/13.0/nios2eds/bin/gnu/h-i686-mingw32/bin/../lib/gcc/nios2-elf/4.1.2/../../../../nios2-elf/lib\libc.a(lib_a-lseekr.o)
 .data          0x08001120        0x0 c:/altera/13.0/nios2eds/bin/gnu/h-i686-mingw32/bin/../lib/gcc/nios2-elf/4.1.2/../../../../nios2-elf/lib\libc.a(lib_a-readr.o)
 .data          0x08001120        0x0 c:/altera/13.0/nios2eds/bin/gnu/h-i686-mingw32/bin/../lib/gcc/nios2-elf/4.1.2\libgcc.a(_udivdi3.o)
 .data          0x08001120        0x0 c:/altera/13.0/nios2eds/bin/gnu/h-i686-mingw32/bin/../lib/gcc/nios2-elf/4.1.2\libgcc.a(_umoddi3.o)
 .data          0x08001120        0x0 c:/altera/13.0/nios2eds/bin/gnu/h-i686-mingw32/bin/../lib/gcc/nios2-elf/4.1.2\libgcc.a(_addsub_df.o)
 .data          0x08001120        0x0 c:/altera/13.0/nios2eds/bin/gnu/h-i686-mingw32/bin/../lib/gcc/nios2-elf/4.1.2\libgcc.a(_mul_df.o)
 .data          0x08001120        0x0 c:/altera/13.0/nios2eds/bin/gnu/h-i686-mingw32/bin/../lib/gcc/nios2-elf/4.1.2\libgcc.a(_div_df.o)
 .data          0x08001120        0x0 c:/altera/13.0/nios2eds/bin/gnu/h-i686-mingw32/bin/../lib/gcc/nios2-elf/4.1.2\libgcc.a(_eq_df.o)
 .data          0x08001120        0x0 c:/altera/13.0/nios2eds/bin/gnu/h-i686-mingw32/bin/../lib/gcc/nios2-elf/4.1.2\libgcc.a(_ne_df.o)
 .data          0x08001120        0x0 c:/altera/13.0/nios2eds/bin/gnu/h-i686-mingw32/bin/../lib/gcc/nios2-elf/4.1.2\libgcc.a(_gt_df.o)
 .data          0x08001120        0x0 c:/altera/13.0/nios2eds/bin/gnu/h-i686-mingw32/bin/../lib/gcc/nios2-elf/4.1.2\libgcc.a(_ge_df.o)
 .data          0x08001120        0x0 c:/altera/13.0/nios2eds/bin/gnu/h-i686-mingw32/bin/../lib/gcc/nios2-elf/4.1.2\libgcc.a(_lt_df.o)
 .data          0x08001120        0x0 c:/altera/13.0/nios2eds/bin/gnu/h-i686-mingw32/bin/../lib/gcc/nios2-elf/4.1.2\libgcc.a(_si_to_df.o)
 .data          0x08001120        0x0 c:/altera/13.0/nios2eds/bin/gnu/h-i686-mingw32/bin/../lib/gcc/nios2-elf/4.1.2\libgcc.a(_df_to_si.o)
 .data          0x08001120        0x0 c:/altera/13.0/nios2eds/bin/gnu/h-i686-mingw32/bin/../lib/gcc/nios2-elf/4.1.2\libgcc.a(_thenan_df.o)
 .data          0x08001120        0x0 c:/altera/13.0/nios2eds/bin/gnu/h-i686-mingw32/bin/../lib/gcc/nios2-elf/4.1.2\libgcc.a(_usi_to_df.o)
 .data          0x08001120        0x0 c:/altera/13.0/nios2eds/bin/gnu/h-i686-mingw32/bin/../lib/gcc/nios2-elf/4.1.2\libgcc.a(lib2-divmod.o)
 .data          0x08001120        0x0 c:/altera/13.0/nios2eds/bin/gnu/h-i686-mingw32/bin/../lib/gcc/nios2-elf/4.1.2\libgcc.a(_muldi3.o)
 .data          0x08001120        0x0 c:/altera/13.0/nios2eds/bin/gnu/h-i686-mingw32/bin/../lib/gcc/nios2-elf/4.1.2\libgcc.a(_clz.o)
 .data          0x08001120        0x0 c:/altera/13.0/nios2eds/bin/gnu/h-i686-mingw32/bin/../lib/gcc/nios2-elf/4.1.2\libgcc.a(_clzsi2.o)
 .data          0x08001120        0x0 c:/altera/13.0/nios2eds/bin/gnu/h-i686-mingw32/bin/../lib/gcc/nios2-elf/4.1.2\libgcc.a(_pack_df.o)
 .data          0x08001120        0x0 c:/altera/13.0/nios2eds/bin/gnu/h-i686-mingw32/bin/../lib/gcc/nios2-elf/4.1.2\libgcc.a(_unpack_df.o)
 .data          0x08001120        0x0 c:/altera/13.0/nios2eds/bin/gnu/h-i686-mingw32/bin/../lib/gcc/nios2-elf/4.1.2\libgcc.a(_fpcmp_parts_df.o)
 .data          0x08001120        0x0 //files.auckland.ac.nz/myhome/Documents/GitHub/low-cost-frequency-relay/software/LCFR_bsp/\libhal_bsp.a(alt_close.o)
 .data          0x08001120      0x1a8 //files.auckland.ac.nz/myhome/Documents/GitHub/low-cost-frequency-relay/software/LCFR_bsp/\libhal_bsp.a(alt_dev.o)
                0x08001120                alt_dev_null
                0x08001148                alt_fd_list
 .data          0x080012c8        0x0 //files.auckland.ac.nz/myhome/Documents/GitHub/low-cost-frequency-relay/software/LCFR_bsp/\libhal_bsp.a(alt_errno.o)
 .data          0x080012c8        0x0 //files.auckland.ac.nz/myhome/Documents/GitHub/low-cost-frequency-relay/software/LCFR_bsp/\libhal_bsp.a(alt_fstat.o)
 .data          0x080012c8        0x0 //files.auckland.ac.nz/myhome/Documents/GitHub/low-cost-frequency-relay/software/LCFR_bsp/\libhal_bsp.a(alt_irq_handler.o)
 .data          0x080012c8        0x0 //files.auckland.ac.nz/myhome/Documents/GitHub/low-cost-frequency-relay/software/LCFR_bsp/\libhal_bsp.a(alt_irq_vars.o)
 .data          0x080012c8        0x0 //files.auckland.ac.nz/myhome/Documents/GitHub/low-cost-frequency-relay/software/LCFR_bsp/\libhal_bsp.a(alt_isatty.o)
 .data          0x080012c8        0x0 //files.auckland.ac.nz/myhome/Documents/GitHub/low-cost-frequency-relay/software/LCFR_bsp/\libhal_bsp.a(alt_lseek.o)
 .data          0x080012c8        0x0 //files.auckland.ac.nz/myhome/Documents/GitHub/low-cost-frequency-relay/software/LCFR_bsp/\libhal_bsp.a(alt_main.o)
 .data          0x080012c8        0x0 //files.auckland.ac.nz/myhome/Documents/GitHub/low-cost-frequency-relay/software/LCFR_bsp/\libhal_bsp.a(alt_malloc_lock.o)
 .data          0x080012c8        0x0 //files.auckland.ac.nz/myhome/Documents/GitHub/low-cost-frequency-relay/software/LCFR_bsp/\libhal_bsp.a(alt_read.o)
 .data          0x080012c8        0x0 //files.auckland.ac.nz/myhome/Documents/GitHub/low-cost-frequency-relay/software/LCFR_bsp/\libhal_bsp.a(alt_release_fd.o)
 .data          0x080012c8        0x0 //files.auckland.ac.nz/myhome/Documents/GitHub/low-cost-frequency-relay/software/LCFR_bsp/\libhal_bsp.a(alt_sbrk.o)
 .data          0x080012c8        0x0 //files.auckland.ac.nz/myhome/Documents/GitHub/low-cost-frequency-relay/software/LCFR_bsp/\libhal_bsp.a(alt_write.o)
 .data          0x080012c8     0x13f0 //files.auckland.ac.nz/myhome/Documents/GitHub/low-cost-frequency-relay/software/LCFR_bsp/\libhal_bsp.a(alt_sys_init.o)
 .data          0x080026b8        0x0 //files.auckland.ac.nz/myhome/Documents/GitHub/low-cost-frequency-relay/software/LCFR_bsp/\libhal_bsp.a(altera_avalon_cfi_flash.o)
 .data          0x080026b8        0x0 //files.auckland.ac.nz/myhome/Documents/GitHub/low-cost-frequency-relay/software/LCFR_bsp/\libhal_bsp.a(altera_avalon_cfi_flash_table.o)
 .data          0x080026b8        0x0 //files.auckland.ac.nz/myhome/Documents/GitHub/low-cost-frequency-relay/software/LCFR_bsp/\libhal_bsp.a(altera_avalon_jtag_uart_fd.o)
 .data          0x080026b8        0x0 //files.auckland.ac.nz/myhome/Documents/GitHub/low-cost-frequency-relay/software/LCFR_bsp/\libhal_bsp.a(altera_avalon_jtag_uart_init.o)
 .data          0x080026b8        0x0 //files.auckland.ac.nz/myhome/Documents/GitHub/low-cost-frequency-relay/software/LCFR_bsp/\libhal_bsp.a(altera_avalon_jtag_uart_ioctl.o)
 .data          0x080026b8        0x0 //files.auckland.ac.nz/myhome/Documents/GitHub/low-cost-frequency-relay/software/LCFR_bsp/\libhal_bsp.a(altera_avalon_jtag_uart_read.o)
 .data          0x080026b8        0x0 //files.auckland.ac.nz/myhome/Documents/GitHub/low-cost-frequency-relay/software/LCFR_bsp/\libhal_bsp.a(altera_avalon_jtag_uart_write.o)
 .data          0x080026b8        0x0 //files.auckland.ac.nz/myhome/Documents/GitHub/low-cost-frequency-relay/software/LCFR_bsp/\libhal_bsp.a(altera_avalon_lcd_16207.o)
 .data          0x080026b8        0x0 //files.auckland.ac.nz/myhome/Documents/GitHub/low-cost-frequency-relay/software/LCFR_bsp/\libhal_bsp.a(altera_avalon_lcd_16207_fd.o)
 .data          0x080026b8        0x0 //files.auckland.ac.nz/myhome/Documents/GitHub/low-cost-frequency-relay/software/LCFR_bsp/\libhal_bsp.a(altera_avalon_timer_sc.o)
 .data          0x080026b8        0x0 //files.auckland.ac.nz/myhome/Documents/GitHub/low-cost-frequency-relay/software/LCFR_bsp/\libhal_bsp.a(altera_avalon_uart_fd.o)
 .data          0x080026b8        0x0 //files.auckland.ac.nz/myhome/Documents/GitHub/low-cost-frequency-relay/software/LCFR_bsp/\libhal_bsp.a(altera_avalon_uart_init.o)
 .data          0x080026b8        0x0 //files.auckland.ac.nz/myhome/Documents/GitHub/low-cost-frequency-relay/software/LCFR_bsp/\libhal_bsp.a(altera_avalon_uart_read.o)
 .data          0x080026b8        0x0 //files.auckland.ac.nz/myhome/Documents/GitHub/low-cost-frequency-relay/software/LCFR_bsp/\libhal_bsp.a(altera_avalon_uart_write.o)
 .data          0x080026b8        0x0 //files.auckland.ac.nz/myhome/Documents/GitHub/low-cost-frequency-relay/software/LCFR_bsp/\libhal_bsp.a(altera_up_avalon_ps2.o)
 .data          0x080026b8        0x0 //files.auckland.ac.nz/myhome/Documents/GitHub/low-cost-frequency-relay/software/LCFR_bsp/\libhal_bsp.a(altera_up_avalon_video_character_buffer_with_dma.o)
 .data          0x080026b8        0x0 //files.auckland.ac.nz/myhome/Documents/GitHub/low-cost-frequency-relay/software/LCFR_bsp/\libhal_bsp.a(alt_alarm_start.o)
 .data          0x080026b8        0x0 //files.auckland.ac.nz/myhome/Documents/GitHub/low-cost-frequency-relay/software/LCFR_bsp/\libhal_bsp.a(alt_dcache_flush.o)
 .data          0x080026b8        0x0 //files.auckland.ac.nz/myhome/Documents/GitHub/low-cost-frequency-relay/software/LCFR_bsp/\libhal_bsp.a(alt_dev_llist_insert.o)
 .data          0x080026b8        0x0 //files.auckland.ac.nz/myhome/Documents/GitHub/low-cost-frequency-relay/software/LCFR_bsp/\libhal_bsp.a(alt_do_ctors.o)
 .data          0x080026b8        0x0 //files.auckland.ac.nz/myhome/Documents/GitHub/low-cost-frequency-relay/software/LCFR_bsp/\libhal_bsp.a(alt_do_dtors.o)
 .data          0x080026b8        0x0 //files.auckland.ac.nz/myhome/Documents/GitHub/low-cost-frequency-relay/software/LCFR_bsp/\libhal_bsp.a(alt_find_dev.o)
 .data          0x080026b8        0x0 //files.auckland.ac.nz/myhome/Documents/GitHub/low-cost-frequency-relay/software/LCFR_bsp/\libhal_bsp.a(alt_flash_dev.o)
 .data          0x080026b8        0x0 //files.auckland.ac.nz/myhome/Documents/GitHub/low-cost-frequency-relay/software/LCFR_bsp/\libhal_bsp.a(alt_io_redirect.o)
 .data          0x080026b8        0x0 //files.auckland.ac.nz/myhome/Documents/GitHub/low-cost-frequency-relay/software/LCFR_bsp/\libhal_bsp.a(alt_open.o)
 .data          0x080026b8        0x0 //files.auckland.ac.nz/myhome/Documents/GitHub/low-cost-frequency-relay/software/LCFR_bsp/\libhal_bsp.a(alt_tick.o)
 .data          0x080026b8        0x0 //files.auckland.ac.nz/myhome/Documents/GitHub/low-cost-frequency-relay/software/LCFR_bsp/\libhal_bsp.a(alt_usleep.o)
 .data          0x080026b8        0x0 //files.auckland.ac.nz/myhome/Documents/GitHub/low-cost-frequency-relay/software/LCFR_bsp/\libhal_bsp.a(altera_nios2_qsys_irq.o)
 .data          0x080026b8        0x0 //files.auckland.ac.nz/myhome/Documents/GitHub/low-cost-frequency-relay/software/LCFR_bsp/\libhal_bsp.a(altera_avalon_cfi_flash_amd.o)
 .data          0x080026b8        0x0 //files.auckland.ac.nz/myhome/Documents/GitHub/low-cost-frequency-relay/software/LCFR_bsp/\libhal_bsp.a(altera_avalon_cfi_flash_intel.o)
 .data          0x080026b8        0x0 //files.auckland.ac.nz/myhome/Documents/GitHub/low-cost-frequency-relay/software/LCFR_bsp/\libhal_bsp.a(alt_busy_sleep.o)
 .data          0x080026b8        0x0 //files.auckland.ac.nz/myhome/Documents/GitHub/low-cost-frequency-relay/software/LCFR_bsp/\libhal_bsp.a(alt_find_file.o)
 .data          0x080026b8        0x0 //files.auckland.ac.nz/myhome/Documents/GitHub/low-cost-frequency-relay/software/LCFR_bsp/\libhal_bsp.a(alt_get_fd.o)
 .data          0x080026b8        0x0 c:/altera/13.0/nios2eds/bin/gnu/h-i686-mingw32/bin/../lib/gcc/nios2-elf/4.1.2/../../../../nios2-elf/lib\libc.a(lib_a-atexit.o)
 .data          0x080026b8        0x0 c:/altera/13.0/nios2eds/bin/gnu/h-i686-mingw32/bin/../lib/gcc/nios2-elf/4.1.2/../../../../nios2-elf/lib\libc.a(lib_a-ctype_.o)
 .data          0x080026b8        0x0 c:/altera/13.0/nios2eds/bin/gnu/h-i686-mingw32/bin/../lib/gcc/nios2-elf/4.1.2/../../../../nios2-elf/lib\libc.a(lib_a-exit.o)
 .data          0x080026b8        0x0 c:/altera/13.0/nios2eds/bin/gnu/h-i686-mingw32/bin/../lib/gcc/nios2-elf/4.1.2/../../../../nios2-elf/lib\libc.a(lib_a-__atexit.o)
 .data          0x080026b8        0x0 c:/altera/13.0/nios2eds/bin/gnu/h-i686-mingw32/bin/../lib/gcc/nios2-elf/4.1.2/../../../../nios2-elf/lib\libc.a(lib_a-__call_atexit.o)
 .data          0x080026b8        0x0 //files.auckland.ac.nz/myhome/Documents/GitHub/low-cost-frequency-relay/software/LCFR_bsp/\libhal_bsp.a(alt_exit.o)
                0x0800a6b8                _gp = ABSOLUTE ((. + 0x8000))
                0x0800a6b8                PROVIDE (gp, _gp)
 *(.rwdata .rwdata.*)
 *(.sdata .sdata.* .gnu.linkonce.s.*)
 .sdata         0x080026b8        0xc obj/default/./FreeRTOS/heap.o
 .sdata         0x080026c4        0x4 obj/default/./FreeRTOS/tasks.o
 .sdata         0x080026c8        0x8 c:/altera/13.0/nios2eds/bin/gnu/h-i686-mingw32/bin/../lib/gcc/nios2-elf/4.1.2/../../../../nios2-elf/lib\libc.a(lib_a-impure.o)
                0x080026c8                _impure_ptr
                0x080026cc                _global_impure_ptr
 .sdata         0x080026d0        0x8 c:/altera/13.0/nios2eds/bin/gnu/h-i686-mingw32/bin/../lib/gcc/nios2-elf/4.1.2/../../../../nios2-elf/lib\libc.a(lib_a-locale.o)
                0x080026d0                __mb_cur_max
 .sdata         0x080026d8        0x8 c:/altera/13.0/nios2eds/bin/gnu/h-i686-mingw32/bin/../lib/gcc/nios2-elf/4.1.2/../../../../nios2-elf/lib\libc.a(lib_a-mallocr.o)
                0x080026d8                __malloc_trim_threshold
                0x080026dc                __malloc_sbrk_base
 .sdata         0x080026e0       0x14 //files.auckland.ac.nz/myhome/Documents/GitHub/low-cost-frequency-relay/software/LCFR_bsp/\libhal_bsp.a(alt_dev.o)
                0x080026e0                alt_fs_list
                0x080026e8                alt_dev_list
                0x080026f0                alt_max_fd
 .sdata         0x080026f4        0x4 //files.auckland.ac.nz/myhome/Documents/GitHub/low-cost-frequency-relay/software/LCFR_bsp/\libhal_bsp.a(alt_errno.o)
                0x080026f4                alt_errno
 .sdata         0x080026f8        0x4 //files.auckland.ac.nz/myhome/Documents/GitHub/low-cost-frequency-relay/software/LCFR_bsp/\libhal_bsp.a(alt_irq_vars.o)
                0x080026f8                alt_priority_mask
 .sdata         0x080026fc        0x4 //files.auckland.ac.nz/myhome/Documents/GitHub/low-cost-frequency-relay/software/LCFR_bsp/\libhal_bsp.a(alt_sbrk.o)
 .sdata         0x08002700        0x4 //files.auckland.ac.nz/myhome/Documents/GitHub/low-cost-frequency-relay/software/LCFR_bsp/\libhal_bsp.a(altera_avalon_lcd_16207.o)
 .sdata         0x08002704        0x8 //files.auckland.ac.nz/myhome/Documents/GitHub/low-cost-frequency-relay/software/LCFR_bsp/\libhal_bsp.a(alt_flash_dev.o)
                0x08002704                alt_flash_dev_list
 .sdata         0x0800270c        0x8 //files.auckland.ac.nz/myhome/Documents/GitHub/low-cost-frequency-relay/software/LCFR_bsp/\libhal_bsp.a(alt_tick.o)
                0x0800270c                alt_alarm_list
 .sdata         0x08002714        0x4 c:/altera/13.0/nios2eds/bin/gnu/h-i686-mingw32/bin/../lib/gcc/nios2-elf/4.1.2/../../../../nios2-elf/lib\libc.a(lib_a-ctype_.o)
                0x08002714                __ctype_ptr
 *(.sdata2 .sdata2.* .gnu.linkonce.s2.*)
                0x08002718                . = ALIGN (0x4)
                0x08002718                _edata = ABSOLUTE (.)
                0x08002718                PROVIDE (edata, ABSOLUTE (.))
                0x08002718                PROVIDE (__ram_rwdata_end, ABSOLUTE (.))
                0x0800090c                PROVIDE (__flash_rwdata_start, LOADADDR (.rwdata))

.bss            0x08002718    0x7d558
                0x08002718                __bss_start = ABSOLUTE (.)
                0x08002718                PROVIDE (__sbss_start, ABSOLUTE (.))
                0x08002718                PROVIDE (___sbss_start, ABSOLUTE (.))
 *(.dynsbss)
 *(.sbss .sbss.* .gnu.linkonce.sb.*)
 .sbss          0x08002718       0x1c obj/default/./FreeRTOS/croutine.o
                0x08002718                pxCurrentCoRoutine
 .sbss          0x08002734        0xc obj/default/./FreeRTOS/heap.o
 .sbss          0x08002740       0x34 obj/default/./FreeRTOS/tasks.o
                0x08002740                pxCurrentTCB
 .sbss          0x08002774       0x10 obj/default/./FreeRTOS/timers.o
 .sbss          0x08002784       0x14 obj/default/./freertos_semaphore.o
                0x08002784                number_of_messages_sent
                0x08002788                number_of_messages_received_task1
                0x0800278c                number_of_messages_received_task2
                0x08002790                getsem_task1_got_sem
                0x08002794                getsem_task2_got_sem
 .sbss          0x08002798        0xc obj/default/./freertos_semaphore.o
                0x08002798                xHandle
                0x0800279c                msgqueue
                0x080027a0                shared_resource_sem
 .sbss          0x080027a4        0xc c:/altera/13.0/nios2eds/bin/gnu/h-i686-mingw32/bin/../lib/gcc/nios2-elf/4.1.2/../../../../nios2-elf/lib\libc.a(lib_a-locale.o)
                0x080027a4                __nlocale_changed
                0x080027a8                __mlocale_changed
                0x080027ac                _PathLocale
 .sbss          0x080027b0        0xc c:/altera/13.0/nios2eds/bin/gnu/h-i686-mingw32/bin/../lib/gcc/nios2-elf/4.1.2/../../../../nios2-elf/lib\libc.a(lib_a-mallocr.o)
                0x080027b0                __malloc_top_pad
                0x080027b4                __malloc_max_sbrked_mem
                0x080027b8                __malloc_max_total_mem
 .sbss          0x080027bc        0x4 c:/altera/13.0/nios2eds/bin/gnu/h-i686-mingw32/bin/../lib/gcc/nios2-elf/4.1.2/../../../../nios2-elf/lib\libc.a(lib_a-int_errno.o)
                0x080027bc                errno
 .sbss          0x080027c0        0x4 //files.auckland.ac.nz/myhome/Documents/GitHub/low-cost-frequency-relay/software/LCFR_bsp/\libhal_bsp.a(alt_irq_vars.o)
                0x080027c0                alt_irq_active
 .sbss          0x080027c4        0xc //files.auckland.ac.nz/myhome/Documents/GitHub/low-cost-frequency-relay/software/LCFR_bsp/\libhal_bsp.a(alt_main.o)
                0x080027c4                alt_argc
                0x080027c8                alt_argv
                0x080027cc                alt_envp
 .sbss          0x080027d0        0x8 //files.auckland.ac.nz/myhome/Documents/GitHub/low-cost-frequency-relay/software/LCFR_bsp/\libhal_bsp.a(alt_tick.o)
                0x080027d0                _alt_tick_rate
                0x080027d4                _alt_nticks
 *(.sbss2 .sbss2.* .gnu.linkonce.sb2.*)
 *(.scommon)
                0x080027d8                PROVIDE (__sbss_end, ABSOLUTE (.))
                0x080027d8                PROVIDE (___sbss_end, ABSOLUTE (.))
 *(.dynbss)
 *(.bss .bss.* .gnu.linkonce.b.*)
 .bss           0x080027d8        0x0 //files.auckland.ac.nz/myhome/Documents/GitHub/low-cost-frequency-relay/software/LCFR_bsp//obj/HAL/src/crt0.o
 .bss           0x080027d8       0x64 obj/default/./FreeRTOS/croutine.o
 .bss           0x0800283c        0x0 obj/default/./FreeRTOS/event_groups.o
 .bss           0x0800283c    0x7d000 obj/default/./FreeRTOS/heap.o
 .bss           0x0807f83c        0x0 obj/default/./FreeRTOS/list.o
 .bss           0x0807f83c        0x0 obj/default/./FreeRTOS/port.o
 .bss           0x0807f83c        0x0 obj/default/./FreeRTOS/queue.o
 .bss           0x0807f83c      0x140 obj/default/./FreeRTOS/tasks.o
 .bss           0x0807f97c       0x28 obj/default/./FreeRTOS/timers.o
 .bss           0x0807f9a4        0x0 obj/default/./freertos_semaphore.o
 .bss           0x0807f9a4        0x0 obj/default/./FreeRTOS/port_asm.o
 .bss           0x0807f9a4        0x0 c:/altera/13.0/nios2eds/bin/gnu/h-i686-mingw32/bin/../lib/gcc/nios2-elf/4.1.2/../../../../nios2-elf/lib\libc.a(lib_a-memcmp.o)
 .bss           0x0807f9a4        0x0 c:/altera/13.0/nios2eds/bin/gnu/h-i686-mingw32/bin/../lib/gcc/nios2-elf/4.1.2/../../../../nios2-elf/lib\libc.a(lib_a-memcpy.o)
 .bss           0x0807f9a4        0x0 c:/altera/13.0/nios2eds/bin/gnu/h-i686-mingw32/bin/../lib/gcc/nios2-elf/4.1.2/../../../../nios2-elf/lib\libc.a(lib_a-memset.o)
 .bss           0x0807f9a4        0x0 c:/altera/13.0/nios2eds/bin/gnu/h-i686-mingw32/bin/../lib/gcc/nios2-elf/4.1.2/../../../../nios2-elf/lib\libc.a(lib_a-printf.o)
 .bss           0x0807f9a4        0x0 c:/altera/13.0/nios2eds/bin/gnu/h-i686-mingw32/bin/../lib/gcc/nios2-elf/4.1.2/../../../../nios2-elf/lib\libc.a(lib_a-putchar.o)
 .bss           0x0807f9a4        0x0 c:/altera/13.0/nios2eds/bin/gnu/h-i686-mingw32/bin/../lib/gcc/nios2-elf/4.1.2/../../../../nios2-elf/lib\libc.a(lib_a-puts.o)
 .bss           0x0807f9a4        0x0 c:/altera/13.0/nios2eds/bin/gnu/h-i686-mingw32/bin/../lib/gcc/nios2-elf/4.1.2/../../../../nios2-elf/lib\libc.a(lib_a-strlen.o)
 .bss           0x0807f9a4        0x0 c:/altera/13.0/nios2eds/bin/gnu/h-i686-mingw32/bin/../lib/gcc/nios2-elf/4.1.2/../../../../nios2-elf/lib\libc.a(lib_a-vfprintf.o)
 .bss           0x0807f9a4        0x0 c:/altera/13.0/nios2eds/bin/gnu/h-i686-mingw32/bin/../lib/gcc/nios2-elf/4.1.2/../../../../nios2-elf/lib\libc.a(lib_a-wsetup.o)
 .bss           0x0807f9a4        0x0 c:/altera/13.0/nios2eds/bin/gnu/h-i686-mingw32/bin/../lib/gcc/nios2-elf/4.1.2/../../../../nios2-elf/lib\libc.a(lib_a-dtoa.o)
 .bss           0x0807f9a4        0x0 c:/altera/13.0/nios2eds/bin/gnu/h-i686-mingw32/bin/../lib/gcc/nios2-elf/4.1.2/../../../../nios2-elf/lib\libc.a(lib_a-fflush.o)
 .bss           0x0807f9a4        0x0 c:/altera/13.0/nios2eds/bin/gnu/h-i686-mingw32/bin/../lib/gcc/nios2-elf/4.1.2/../../../../nios2-elf/lib\libc.a(lib_a-findfp.o)
 .bss           0x0807f9a4        0x0 c:/altera/13.0/nios2eds/bin/gnu/h-i686-mingw32/bin/../lib/gcc/nios2-elf/4.1.2/../../../../nios2-elf/lib\libc.a(lib_a-freer.o)
 .bss           0x0807f9a4        0x0 c:/altera/13.0/nios2eds/bin/gnu/h-i686-mingw32/bin/../lib/gcc/nios2-elf/4.1.2/../../../../nios2-elf/lib\libc.a(lib_a-fvwrite.o)
 .bss           0x0807f9a4        0x0 c:/altera/13.0/nios2eds/bin/gnu/h-i686-mingw32/bin/../lib/gcc/nios2-elf/4.1.2/../../../../nios2-elf/lib\libc.a(lib_a-fwalk.o)
 .bss           0x0807f9a4        0x0 c:/altera/13.0/nios2eds/bin/gnu/h-i686-mingw32/bin/../lib/gcc/nios2-elf/4.1.2/../../../../nios2-elf/lib\libc.a(lib_a-impure.o)
 .bss           0x0807f9a4        0x0 c:/altera/13.0/nios2eds/bin/gnu/h-i686-mingw32/bin/../lib/gcc/nios2-elf/4.1.2/../../../../nios2-elf/lib\libc.a(lib_a-locale.o)
 .bss           0x0807f9a4        0x0 c:/altera/13.0/nios2eds/bin/gnu/h-i686-mingw32/bin/../lib/gcc/nios2-elf/4.1.2/../../../../nios2-elf/lib\libc.a(lib_a-makebuf.o)
 .bss           0x0807f9a4       0x28 c:/altera/13.0/nios2eds/bin/gnu/h-i686-mingw32/bin/../lib/gcc/nios2-elf/4.1.2/../../../../nios2-elf/lib\libc.a(lib_a-mallocr.o)
                0x0807f9a4                __malloc_current_mallinfo
 .bss           0x0807f9cc        0x0 c:/altera/13.0/nios2eds/bin/gnu/h-i686-mingw32/bin/../lib/gcc/nios2-elf/4.1.2/../../../../nios2-elf/lib\libc.a(lib_a-memchr.o)
 .bss           0x0807f9cc        0x0 c:/altera/13.0/nios2eds/bin/gnu/h-i686-mingw32/bin/../lib/gcc/nios2-elf/4.1.2/../../../../nios2-elf/lib\libc.a(lib_a-memmove.o)
 .bss           0x0807f9cc        0x0 c:/altera/13.0/nios2eds/bin/gnu/h-i686-mingw32/bin/../lib/gcc/nios2-elf/4.1.2/../../../../nios2-elf/lib\libc.a(lib_a-mprec.o)
 .bss           0x0807f9cc        0x0 c:/altera/13.0/nios2eds/bin/gnu/h-i686-mingw32/bin/../lib/gcc/nios2-elf/4.1.2/../../../../nios2-elf/lib\libc.a(lib_a-putc.o)
 .bss           0x0807f9cc        0x0 c:/altera/13.0/nios2eds/bin/gnu/h-i686-mingw32/bin/../lib/gcc/nios2-elf/4.1.2/../../../../nios2-elf/lib\libc.a(lib_a-reallocr.o)
 .bss           0x0807f9cc        0x0 c:/altera/13.0/nios2eds/bin/gnu/h-i686-mingw32/bin/../lib/gcc/nios2-elf/4.1.2/../../../../nios2-elf/lib\libc.a(lib_a-s_isinfd.o)
 .bss           0x0807f9cc        0x0 c:/altera/13.0/nios2eds/bin/gnu/h-i686-mingw32/bin/../lib/gcc/nios2-elf/4.1.2/../../../../nios2-elf/lib\libc.a(lib_a-s_isnand.o)
 .bss           0x0807f9cc        0x0 c:/altera/13.0/nios2eds/bin/gnu/h-i686-mingw32/bin/../lib/gcc/nios2-elf/4.1.2/../../../../nios2-elf/lib\libc.a(lib_a-sbrkr.o)
 .bss           0x0807f9cc        0x0 c:/altera/13.0/nios2eds/bin/gnu/h-i686-mingw32/bin/../lib/gcc/nios2-elf/4.1.2/../../../../nios2-elf/lib\libc.a(lib_a-stdio.o)
 .bss           0x0807f9cc        0x0 c:/altera/13.0/nios2eds/bin/gnu/h-i686-mingw32/bin/../lib/gcc/nios2-elf/4.1.2/../../../../nios2-elf/lib\libc.a(lib_a-strcmp.o)
 .bss           0x0807f9cc        0x0 c:/altera/13.0/nios2eds/bin/gnu/h-i686-mingw32/bin/../lib/gcc/nios2-elf/4.1.2/../../../../nios2-elf/lib\libc.a(lib_a-wbuf.o)
 .bss           0x0807f9cc        0x0 c:/altera/13.0/nios2eds/bin/gnu/h-i686-mingw32/bin/../lib/gcc/nios2-elf/4.1.2/../../../../nios2-elf/lib\libc.a(lib_a-writer.o)
 .bss           0x0807f9cc        0x0 c:/altera/13.0/nios2eds/bin/gnu/h-i686-mingw32/bin/../lib/gcc/nios2-elf/4.1.2/../../../../nios2-elf/lib\libc.a(lib_a-callocr.o)
 .bss           0x0807f9cc        0x0 c:/altera/13.0/nios2eds/bin/gnu/h-i686-mingw32/bin/../lib/gcc/nios2-elf/4.1.2/../../../../nios2-elf/lib\libc.a(lib_a-closer.o)
 .bss           0x0807f9cc        0x0 c:/altera/13.0/nios2eds/bin/gnu/h-i686-mingw32/bin/../lib/gcc/nios2-elf/4.1.2/../../../../nios2-elf/lib\libc.a(lib_a-fclose.o)
 .bss           0x0807f9cc        0x0 c:/altera/13.0/nios2eds/bin/gnu/h-i686-mingw32/bin/../lib/gcc/nios2-elf/4.1.2/../../../../nios2-elf/lib\libc.a(lib_a-fstatr.o)
 .bss           0x0807f9cc        0x0 c:/altera/13.0/nios2eds/bin/gnu/h-i686-mingw32/bin/../lib/gcc/nios2-elf/4.1.2/../../../../nios2-elf/lib\libc.a(lib_a-int_errno.o)
 .bss           0x0807f9cc        0x0 c:/altera/13.0/nios2eds/bin/gnu/h-i686-mingw32/bin/../lib/gcc/nios2-elf/4.1.2/../../../../nios2-elf/lib\libc.a(lib_a-isattyr.o)
 .bss           0x0807f9cc        0x0 c:/altera/13.0/nios2eds/bin/gnu/h-i686-mingw32/bin/../lib/gcc/nios2-elf/4.1.2/../../../../nios2-elf/lib\libc.a(lib_a-lseekr.o)
 .bss           0x0807f9cc        0x0 c:/altera/13.0/nios2eds/bin/gnu/h-i686-mingw32/bin/../lib/gcc/nios2-elf/4.1.2/../../../../nios2-elf/lib\libc.a(lib_a-readr.o)
 .bss           0x0807f9cc        0x0 c:/altera/13.0/nios2eds/bin/gnu/h-i686-mingw32/bin/../lib/gcc/nios2-elf/4.1.2\libgcc.a(_udivdi3.o)
 .bss           0x0807f9cc        0x0 c:/altera/13.0/nios2eds/bin/gnu/h-i686-mingw32/bin/../lib/gcc/nios2-elf/4.1.2\libgcc.a(_umoddi3.o)
 .bss           0x0807f9cc        0x0 c:/altera/13.0/nios2eds/bin/gnu/h-i686-mingw32/bin/../lib/gcc/nios2-elf/4.1.2\libgcc.a(_addsub_df.o)
 .bss           0x0807f9cc        0x0 c:/altera/13.0/nios2eds/bin/gnu/h-i686-mingw32/bin/../lib/gcc/nios2-elf/4.1.2\libgcc.a(_mul_df.o)
 .bss           0x0807f9cc        0x0 c:/altera/13.0/nios2eds/bin/gnu/h-i686-mingw32/bin/../lib/gcc/nios2-elf/4.1.2\libgcc.a(_div_df.o)
 .bss           0x0807f9cc        0x0 c:/altera/13.0/nios2eds/bin/gnu/h-i686-mingw32/bin/../lib/gcc/nios2-elf/4.1.2\libgcc.a(_eq_df.o)
 .bss           0x0807f9cc        0x0 c:/altera/13.0/nios2eds/bin/gnu/h-i686-mingw32/bin/../lib/gcc/nios2-elf/4.1.2\libgcc.a(_ne_df.o)
 .bss           0x0807f9cc        0x0 c:/altera/13.0/nios2eds/bin/gnu/h-i686-mingw32/bin/../lib/gcc/nios2-elf/4.1.2\libgcc.a(_gt_df.o)
 .bss           0x0807f9cc        0x0 c:/altera/13.0/nios2eds/bin/gnu/h-i686-mingw32/bin/../lib/gcc/nios2-elf/4.1.2\libgcc.a(_ge_df.o)
 .bss           0x0807f9cc        0x0 c:/altera/13.0/nios2eds/bin/gnu/h-i686-mingw32/bin/../lib/gcc/nios2-elf/4.1.2\libgcc.a(_lt_df.o)
 .bss           0x0807f9cc        0x0 c:/altera/13.0/nios2eds/bin/gnu/h-i686-mingw32/bin/../lib/gcc/nios2-elf/4.1.2\libgcc.a(_si_to_df.o)
 .bss           0x0807f9cc        0x0 c:/altera/13.0/nios2eds/bin/gnu/h-i686-mingw32/bin/../lib/gcc/nios2-elf/4.1.2\libgcc.a(_df_to_si.o)
 .bss           0x0807f9cc        0x0 c:/altera/13.0/nios2eds/bin/gnu/h-i686-mingw32/bin/../lib/gcc/nios2-elf/4.1.2\libgcc.a(_thenan_df.o)
 .bss           0x0807f9cc        0x0 c:/altera/13.0/nios2eds/bin/gnu/h-i686-mingw32/bin/../lib/gcc/nios2-elf/4.1.2\libgcc.a(_usi_to_df.o)
 .bss           0x0807f9cc        0x0 c:/altera/13.0/nios2eds/bin/gnu/h-i686-mingw32/bin/../lib/gcc/nios2-elf/4.1.2\libgcc.a(lib2-divmod.o)
 .bss           0x0807f9cc        0x0 c:/altera/13.0/nios2eds/bin/gnu/h-i686-mingw32/bin/../lib/gcc/nios2-elf/4.1.2\libgcc.a(_muldi3.o)
 .bss           0x0807f9cc        0x0 c:/altera/13.0/nios2eds/bin/gnu/h-i686-mingw32/bin/../lib/gcc/nios2-elf/4.1.2\libgcc.a(_clz.o)
 .bss           0x0807f9cc        0x0 c:/altera/13.0/nios2eds/bin/gnu/h-i686-mingw32/bin/../lib/gcc/nios2-elf/4.1.2\libgcc.a(_clzsi2.o)
 .bss           0x0807f9cc        0x0 c:/altera/13.0/nios2eds/bin/gnu/h-i686-mingw32/bin/../lib/gcc/nios2-elf/4.1.2\libgcc.a(_pack_df.o)
 .bss           0x0807f9cc        0x0 c:/altera/13.0/nios2eds/bin/gnu/h-i686-mingw32/bin/../lib/gcc/nios2-elf/4.1.2\libgcc.a(_unpack_df.o)
 .bss           0x0807f9cc        0x0 c:/altera/13.0/nios2eds/bin/gnu/h-i686-mingw32/bin/../lib/gcc/nios2-elf/4.1.2\libgcc.a(_fpcmp_parts_df.o)
 .bss           0x0807f9cc        0x0 //files.auckland.ac.nz/myhome/Documents/GitHub/low-cost-frequency-relay/software/LCFR_bsp/\libhal_bsp.a(alt_close.o)
 .bss           0x0807f9cc        0x0 //files.auckland.ac.nz/myhome/Documents/GitHub/low-cost-frequency-relay/software/LCFR_bsp/\libhal_bsp.a(alt_dev.o)
 .bss           0x0807f9cc        0x0 //files.auckland.ac.nz/myhome/Documents/GitHub/low-cost-frequency-relay/software/LCFR_bsp/\libhal_bsp.a(alt_errno.o)
 .bss           0x0807f9cc        0x0 //files.auckland.ac.nz/myhome/Documents/GitHub/low-cost-frequency-relay/software/LCFR_bsp/\libhal_bsp.a(alt_fstat.o)
 .bss           0x0807f9cc        0x0 //files.auckland.ac.nz/myhome/Documents/GitHub/low-cost-frequency-relay/software/LCFR_bsp/\libhal_bsp.a(alt_irq_handler.o)
 .bss           0x0807f9cc        0x0 //files.auckland.ac.nz/myhome/Documents/GitHub/low-cost-frequency-relay/software/LCFR_bsp/\libhal_bsp.a(alt_irq_vars.o)
 .bss           0x0807f9cc        0x0 //files.auckland.ac.nz/myhome/Documents/GitHub/low-cost-frequency-relay/software/LCFR_bsp/\libhal_bsp.a(alt_isatty.o)
 .bss           0x0807f9cc        0x0 //files.auckland.ac.nz/myhome/Documents/GitHub/low-cost-frequency-relay/software/LCFR_bsp/\libhal_bsp.a(alt_lseek.o)
 .bss           0x0807f9cc        0x0 //files.auckland.ac.nz/myhome/Documents/GitHub/low-cost-frequency-relay/software/LCFR_bsp/\libhal_bsp.a(alt_main.o)
 .bss           0x0807f9cc        0x0 //files.auckland.ac.nz/myhome/Documents/GitHub/low-cost-frequency-relay/software/LCFR_bsp/\libhal_bsp.a(alt_malloc_lock.o)
 .bss           0x0807f9cc        0x0 //files.auckland.ac.nz/myhome/Documents/GitHub/low-cost-frequency-relay/software/LCFR_bsp/\libhal_bsp.a(alt_read.o)
 .bss           0x0807f9cc        0x0 //files.auckland.ac.nz/myhome/Documents/GitHub/low-cost-frequency-relay/software/LCFR_bsp/\libhal_bsp.a(alt_release_fd.o)
 .bss           0x0807f9cc        0x0 //files.auckland.ac.nz/myhome/Documents/GitHub/low-cost-frequency-relay/software/LCFR_bsp/\libhal_bsp.a(alt_sbrk.o)
 .bss           0x0807f9cc        0x0 //files.auckland.ac.nz/myhome/Documents/GitHub/low-cost-frequency-relay/software/LCFR_bsp/\libhal_bsp.a(alt_write.o)
 .bss           0x0807f9cc        0x0 //files.auckland.ac.nz/myhome/Documents/GitHub/low-cost-frequency-relay/software/LCFR_bsp/\libhal_bsp.a(alt_sys_init.o)
 .bss           0x0807f9cc        0x0 //files.auckland.ac.nz/myhome/Documents/GitHub/low-cost-frequency-relay/software/LCFR_bsp/\libhal_bsp.a(altera_avalon_cfi_flash.o)
 .bss           0x0807f9cc        0x0 //files.auckland.ac.nz/myhome/Documents/GitHub/low-cost-frequency-relay/software/LCFR_bsp/\libhal_bsp.a(altera_avalon_cfi_flash_table.o)
 .bss           0x0807f9cc        0x0 //files.auckland.ac.nz/myhome/Documents/GitHub/low-cost-frequency-relay/software/LCFR_bsp/\libhal_bsp.a(altera_avalon_jtag_uart_fd.o)
 .bss           0x0807f9cc        0x0 //files.auckland.ac.nz/myhome/Documents/GitHub/low-cost-frequency-relay/software/LCFR_bsp/\libhal_bsp.a(altera_avalon_jtag_uart_init.o)
 .bss           0x0807f9cc        0x0 //files.auckland.ac.nz/myhome/Documents/GitHub/low-cost-frequency-relay/software/LCFR_bsp/\libhal_bsp.a(altera_avalon_jtag_uart_ioctl.o)
 .bss           0x0807f9cc        0x0 //files.auckland.ac.nz/myhome/Documents/GitHub/low-cost-frequency-relay/software/LCFR_bsp/\libhal_bsp.a(altera_avalon_jtag_uart_read.o)
 .bss           0x0807f9cc        0x0 //files.auckland.ac.nz/myhome/Documents/GitHub/low-cost-frequency-relay/software/LCFR_bsp/\libhal_bsp.a(altera_avalon_jtag_uart_write.o)
 .bss           0x0807f9cc        0x0 //files.auckland.ac.nz/myhome/Documents/GitHub/low-cost-frequency-relay/software/LCFR_bsp/\libhal_bsp.a(altera_avalon_lcd_16207.o)
 .bss           0x0807f9cc        0x0 //files.auckland.ac.nz/myhome/Documents/GitHub/low-cost-frequency-relay/software/LCFR_bsp/\libhal_bsp.a(altera_avalon_lcd_16207_fd.o)
 .bss           0x0807f9cc        0x0 //files.auckland.ac.nz/myhome/Documents/GitHub/low-cost-frequency-relay/software/LCFR_bsp/\libhal_bsp.a(altera_avalon_timer_sc.o)
 .bss           0x0807f9cc        0x0 //files.auckland.ac.nz/myhome/Documents/GitHub/low-cost-frequency-relay/software/LCFR_bsp/\libhal_bsp.a(altera_avalon_uart_fd.o)
 .bss           0x0807f9cc        0x0 //files.auckland.ac.nz/myhome/Documents/GitHub/low-cost-frequency-relay/software/LCFR_bsp/\libhal_bsp.a(altera_avalon_uart_init.o)
 .bss           0x0807f9cc        0x0 //files.auckland.ac.nz/myhome/Documents/GitHub/low-cost-frequency-relay/software/LCFR_bsp/\libhal_bsp.a(altera_avalon_uart_read.o)
 .bss           0x0807f9cc        0x0 //files.auckland.ac.nz/myhome/Documents/GitHub/low-cost-frequency-relay/software/LCFR_bsp/\libhal_bsp.a(altera_avalon_uart_write.o)
 .bss           0x0807f9cc        0x0 //files.auckland.ac.nz/myhome/Documents/GitHub/low-cost-frequency-relay/software/LCFR_bsp/\libhal_bsp.a(altera_up_avalon_ps2.o)
 .bss           0x0807f9cc        0x0 //files.auckland.ac.nz/myhome/Documents/GitHub/low-cost-frequency-relay/software/LCFR_bsp/\libhal_bsp.a(altera_up_avalon_video_character_buffer_with_dma.o)
 .bss           0x0807f9cc        0x0 //files.auckland.ac.nz/myhome/Documents/GitHub/low-cost-frequency-relay/software/LCFR_bsp/\libhal_bsp.a(alt_alarm_start.o)
 .bss           0x0807f9cc        0x0 //files.auckland.ac.nz/myhome/Documents/GitHub/low-cost-frequency-relay/software/LCFR_bsp/\libhal_bsp.a(alt_dcache_flush.o)
 .bss           0x0807f9cc        0x0 //files.auckland.ac.nz/myhome/Documents/GitHub/low-cost-frequency-relay/software/LCFR_bsp/\libhal_bsp.a(alt_dev_llist_insert.o)
 .bss           0x0807f9cc        0x0 //files.auckland.ac.nz/myhome/Documents/GitHub/low-cost-frequency-relay/software/LCFR_bsp/\libhal_bsp.a(alt_do_ctors.o)
 .bss           0x0807f9cc        0x0 //files.auckland.ac.nz/myhome/Documents/GitHub/low-cost-frequency-relay/software/LCFR_bsp/\libhal_bsp.a(alt_do_dtors.o)
 .bss           0x0807f9cc        0x0 //files.auckland.ac.nz/myhome/Documents/GitHub/low-cost-frequency-relay/software/LCFR_bsp/\libhal_bsp.a(alt_find_dev.o)
 .bss           0x0807f9cc        0x0 //files.auckland.ac.nz/myhome/Documents/GitHub/low-cost-frequency-relay/software/LCFR_bsp/\libhal_bsp.a(alt_flash_dev.o)
 .bss           0x0807f9cc        0x0 //files.auckland.ac.nz/myhome/Documents/GitHub/low-cost-frequency-relay/software/LCFR_bsp/\libhal_bsp.a(alt_io_redirect.o)
 .bss           0x0807f9cc        0x0 //files.auckland.ac.nz/myhome/Documents/GitHub/low-cost-frequency-relay/software/LCFR_bsp/\libhal_bsp.a(alt_open.o)
 .bss           0x0807f9cc        0x0 //files.auckland.ac.nz/myhome/Documents/GitHub/low-cost-frequency-relay/software/LCFR_bsp/\libhal_bsp.a(alt_tick.o)
 .bss           0x0807f9cc        0x0 //files.auckland.ac.nz/myhome/Documents/GitHub/low-cost-frequency-relay/software/LCFR_bsp/\libhal_bsp.a(alt_usleep.o)
 .bss           0x0807f9cc        0x0 //files.auckland.ac.nz/myhome/Documents/GitHub/low-cost-frequency-relay/software/LCFR_bsp/\libhal_bsp.a(altera_nios2_qsys_irq.o)
 .bss           0x0807f9cc        0x0 //files.auckland.ac.nz/myhome/Documents/GitHub/low-cost-frequency-relay/software/LCFR_bsp/\libhal_bsp.a(altera_avalon_cfi_flash_amd.o)
 .bss           0x0807f9cc        0x0 //files.auckland.ac.nz/myhome/Documents/GitHub/low-cost-frequency-relay/software/LCFR_bsp/\libhal_bsp.a(altera_avalon_cfi_flash_intel.o)
 .bss           0x0807f9cc        0x0 //files.auckland.ac.nz/myhome/Documents/GitHub/low-cost-frequency-relay/software/LCFR_bsp/\libhal_bsp.a(alt_busy_sleep.o)
 .bss           0x0807f9cc        0x0 //files.auckland.ac.nz/myhome/Documents/GitHub/low-cost-frequency-relay/software/LCFR_bsp/\libhal_bsp.a(alt_find_file.o)
 .bss           0x0807f9cc        0x0 //files.auckland.ac.nz/myhome/Documents/GitHub/low-cost-frequency-relay/software/LCFR_bsp/\libhal_bsp.a(alt_get_fd.o)
 .bss           0x0807f9cc        0x0 c:/altera/13.0/nios2eds/bin/gnu/h-i686-mingw32/bin/../lib/gcc/nios2-elf/4.1.2/../../../../nios2-elf/lib\libc.a(lib_a-atexit.o)
 .bss           0x0807f9cc        0x0 c:/altera/13.0/nios2eds/bin/gnu/h-i686-mingw32/bin/../lib/gcc/nios2-elf/4.1.2/../../../../nios2-elf/lib\libc.a(lib_a-ctype_.o)
 .bss           0x0807f9cc        0x0 c:/altera/13.0/nios2eds/bin/gnu/h-i686-mingw32/bin/../lib/gcc/nios2-elf/4.1.2/../../../../nios2-elf/lib\libc.a(lib_a-exit.o)
 .bss           0x0807f9cc        0x0 c:/altera/13.0/nios2eds/bin/gnu/h-i686-mingw32/bin/../lib/gcc/nios2-elf/4.1.2/../../../../nios2-elf/lib\libc.a(lib_a-__atexit.o)
 .bss           0x0807f9cc        0x0 c:/altera/13.0/nios2eds/bin/gnu/h-i686-mingw32/bin/../lib/gcc/nios2-elf/4.1.2/../../../../nios2-elf/lib\libc.a(lib_a-__call_atexit.o)
 .bss           0x0807f9cc        0x0 //files.auckland.ac.nz/myhome/Documents/GitHub/low-cost-frequency-relay/software/LCFR_bsp/\libhal_bsp.a(alt_exit.o)
 *(COMMON)
 COMMON         0x0807f9cc       0x14 obj/default/./freertos_semaphore.o
                0x0807f9cc                sem_owner_task_name
 COMMON         0x0807f9e0      0x100 //files.auckland.ac.nz/myhome/Documents/GitHub/low-cost-frequency-relay/software/LCFR_bsp/\libhal_bsp.a(alt_irq_handler.o)
                0x0807f9e0                alt_irq
 COMMON         0x0807fae0      0x190 c:/altera/13.0/nios2eds/bin/gnu/h-i686-mingw32/bin/../lib/gcc/nios2-elf/4.1.2/../../../../nios2-elf/lib\libc.a(lib_a-atexit.o)
                0x0807fae0                _atexit0
                0x0807fc70                . = ALIGN (0x4)
                0x0807fc70                __bss_end = ABSOLUTE (.)

.onchip_memory  0x0001658c        0x0
                0x0001658c                PROVIDE (_alt_partition_onchip_memory_start, ABSOLUTE (.))
 *(.onchip_memory. onchip_memory.*)
                0x0001658c                . = ALIGN (0x4)
                0x0001658c                PROVIDE (_alt_partition_onchip_memory_end, ABSOLUTE (.))
                0x0001658c                PROVIDE (_alt_partition_onchip_memory_load_addr, LOADADDR (.onchip_memory))

.flash_controller
                0x01000020        0x0
                0x01000020                PROVIDE (_alt_partition_flash_controller_start, ABSOLUTE (.))
 *(.flash_controller. flash_controller.*)
                0x01000020                . = ALIGN (0x4)
                0x01000020                PROVIDE (_alt_partition_flash_controller_end, ABSOLUTE (.))
                0x01000020                PROVIDE (_alt_partition_flash_controller_load_addr, LOADADDR (.flash_controller))

.sdram          0x0807fc70        0x0
                0x0807fc70                PROVIDE (_alt_partition_sdram_start, ABSOLUTE (.))
 *(.sdram. sdram.*)
                0x0807fc70                . = ALIGN (0x4)