Archive member included because of file (symbol)

c:/altera/13.0/nios2eds/bin/gnu/h-i686-mingw32/bin/../lib/gcc/nios2-elf/4.1.2/../../../../nios2-elf/lib\libc.a(lib_a-memcmp.o)
                              obj/default/./FreeRTOS/tasks.o (memcmp)
c:/altera/13.0/nios2eds/bin/gnu/h-i686-mingw32/bin/../lib/gcc/nios2-elf/4.1.2/../../../../nios2-elf/lib\libc.a(lib_a-memcpy.o)
                              obj/default/./FreeRTOS/queue.o (memcpy)
c:/altera/13.0/nios2eds/bin/gnu/h-i686-mingw32/bin/../lib/gcc/nios2-elf/4.1.2/../../../../nios2-elf/lib\libc.a(lib_a-memset.o)
                              obj/default/./FreeRTOS/tasks.o (memset)
c:/altera/13.0/nios2eds/bin/gnu/h-i686-mingw32/bin/../lib/gcc/nios2-elf/4.1.2/../../../../nios2-elf/lib\libc.a(lib_a-printf.o)
                              obj/default/./FreeRTOS/port.o (printf)
c:/altera/13.0/nios2eds/bin/gnu/h-i686-mingw32/bin/../lib/gcc/nios2-elf/4.1.2/../../../../nios2-elf/lib\libc.a(lib_a-puts.o)
                              obj/default/./freertos_semaphore.o (puts)
c:/altera/13.0/nios2eds/bin/gnu/h-i686-mingw32/bin/../lib/gcc/nios2-elf/4.1.2/../../../../nios2-elf/lib\libc.a(lib_a-strlen.o)
                              c:/altera/13.0/nios2eds/bin/gnu/h-i686-mingw32/bin/../lib/gcc/nios2-elf/4.1.2/../../../../nios2-elf/lib\libc.a(lib_a-puts.o) (strlen)
c:/altera/13.0/nios2eds/bin/gnu/h-i686-mingw32/bin/../lib/gcc/nios2-elf/4.1.2/../../../../nios2-elf/lib\libc.a(lib_a-vfprintf.o)
                              c:/altera/13.0/nios2eds/bin/gnu/h-i686-mingw32/bin/../lib/gcc/nios2-elf/4.1.2/../../../../nios2-elf/lib\libc.a(lib_a-printf.o) (___vfprintf_internal_r)
c:/altera/13.0/nios2eds/bin/gnu/h-i686-mingw32/bin/../lib/gcc/nios2-elf/4.1.2/../../../../nios2-elf/lib\libc.a(lib_a-wsetup.o)
                              c:/altera/13.0/nios2eds/bin/gnu/h-i686-mingw32/bin/../lib/gcc/nios2-elf/4.1.2/../../../../nios2-elf/lib\libc.a(lib_a-vfprintf.o) (__swsetup_r)
c:/altera/13.0/nios2eds/bin/gnu/h-i686-mingw32/bin/../lib/gcc/nios2-elf/4.1.2/../../../../nios2-elf/lib\libc.a(lib_a-dtoa.o)
                              c:/altera/13.0/nios2eds/bin/gnu/h-i686-mingw32/bin/../lib/gcc/nios2-elf/4.1.2/../../../../nios2-elf/lib\libc.a(lib_a-vfprintf.o) (_dtoa_r)
c:/altera/13.0/nios2eds/bin/gnu/h-i686-mingw32/bin/../lib/gcc/nios2-elf/4.1.2/../../../../nios2-elf/lib\libc.a(lib_a-fflush.o)
                              c:/altera/13.0/nios2eds/bin/gnu/h-i686-mingw32/bin/../lib/gcc/nios2-elf/4.1.2/../../../../nios2-elf/lib\libc.a(lib_a-vfprintf.o) (_fflush_r)
c:/altera/13.0/nios2eds/bin/gnu/h-i686-mingw32/bin/../lib/gcc/nios2-elf/4.1.2/../../../../nios2-elf/lib\libc.a(lib_a-findfp.o)
                              c:/altera/13.0/nios2eds/bin/gnu/h-i686-mingw32/bin/../lib/gcc/nios2-elf/4.1.2/../../../../nios2-elf/lib\libc.a(lib_a-vfprintf.o) (__sinit)
c:/altera/13.0/nios2eds/bin/gnu/h-i686-mingw32/bin/../lib/gcc/nios2-elf/4.1.2/../../../../nios2-elf/lib\libc.a(lib_a-freer.o)
                              c:/altera/13.0/nios2eds/bin/gnu/h-i686-mingw32/bin/../lib/gcc/nios2-elf/4.1.2/../../../../nios2-elf/lib\libc.a(lib_a-wsetup.o) (_free_r)
c:/altera/13.0/nios2eds/bin/gnu/h-i686-mingw32/bin/../lib/gcc/nios2-elf/4.1.2/../../../../nios2-elf/lib\libc.a(lib_a-fvwrite.o)
                              c:/altera/13.0/nios2eds/bin/gnu/h-i686-mingw32/bin/../lib/gcc/nios2-elf/4.1.2/../../../../nios2-elf/lib\libc.a(lib_a-puts.o) (__sfvwrite_r)
c:/altera/13.0/nios2eds/bin/gnu/h-i686-mingw32/bin/../lib/gcc/nios2-elf/4.1.2/../../../../nios2-elf/lib\libc.a(lib_a-fwalk.o)
                              c:/altera/13.0/nios2eds/bin/gnu/h-i686-mingw32/bin/../lib/gcc/nios2-elf/4.1.2/../../../../nios2-elf/lib\libc.a(lib_a-fflush.o) (_fwalk_reent)
c:/altera/13.0/nios2eds/bin/gnu/h-i686-mingw32/bin/../lib/gcc/nios2-elf/4.1.2/../../../../nios2-elf/lib\libc.a(lib_a-impure.o)
                              c:/altera/13.0/nios2eds/bin/gnu/h-i686-mingw32/bin/../lib/gcc/nios2-elf/4.1.2/../../../../nios2-elf/lib\libc.a(lib_a-printf.o) (_impure_ptr)
c:/altera/13.0/nios2eds/bin/gnu/h-i686-mingw32/bin/../lib/gcc/nios2-elf/4.1.2/../../../../nios2-elf/lib\libc.a(lib_a-locale.o)
                              c:/altera/13.0/nios2eds/bin/gnu/h-i686-mingw32/bin/../lib/gcc/nios2-elf/4.1.2/../../../../nios2-elf/lib\libc.a(lib_a-vfprintf.o) (_localeconv_r)
c:/altera/13.0/nios2eds/bin/gnu/h-i686-mingw32/bin/../lib/gcc/nios2-elf/4.1.2/../../../../nios2-elf/lib\libc.a(lib_a-makebuf.o)
                              c:/altera/13.0/nios2eds/bin/gnu/h-i686-mingw32/bin/../lib/gcc/nios2-elf/4.1.2/../../../../nios2-elf/lib\libc.a(lib_a-wsetup.o) (__smakebuf_r)
c:/altera/13.0/nios2eds/bin/gnu/h-i686-mingw32/bin/../lib/gcc/nios2-elf/4.1.2/../../../../nios2-elf/lib\libc.a(lib_a-mallocr.o)
                              c:/altera/13.0/nios2eds/bin/gnu/h-i686-mingw32/bin/../lib/gcc/nios2-elf/4.1.2/../../../../nios2-elf/lib\libc.a(lib_a-findfp.o) (_malloc_r)
[...]
Memory Configuration

Name             Origin             Length             Attributes
onchip_memory_BEFORE_EXCEPTION 0x00000000         0x00000020
onchip_memory    0x00000020         0x00031fe0
reset            0x01000000         0x00000020
flash_controller 0x01000020         0x007fffe0
sdram            0x08000000         0x08000000
*default*        0x00000000         0xffffffff

Linker script and memory map

LOAD //files.auckland.ac.nz/myhome/Documents/GitHub/low-cost-frequency-relay/software/LCFR_bsp//obj/HAL/src/crt0.o
LOAD obj/default/./FreeRTOS/croutine.o
LOAD obj/default/./FreeRTOS/event_groups.o
LOAD obj/default/./FreeRTOS/heap.o
LOAD obj/default/./FreeRTOS/list.o
LOAD obj/default/./FreeRTOS/port.o
LOAD obj/default/./FreeRTOS/queue.o
LOAD obj/default/./FreeRTOS/tasks.o
LOAD obj/default/./FreeRTOS/timers.o
LOAD obj/default/./freertos_semaphore.o
LOAD obj/default/./FreeRTOS/port_asm.o
LOAD c:/altera/13.0/nios2eds/bin/gnu/h-i686-mingw32/bin/../lib/gcc/nios2-elf/4.1.2/../../../../nios2-elf/lib\libstdc++.a
LOAD c:/altera/13.0/nios2eds/bin/gnu/h-i686-mingw32/bin/../lib/gcc/nios2-elf/4.1.2/../../../../nios2-elf/lib\libm.a
LOAD c:/altera/13.0/nios2eds/bin/gnu/h-i686-mingw32/bin/../lib/gcc/nios2-elf/4.1.2\libgcc.a
START GROUP
LOAD c:/altera/13.0/nios2eds/bin/gnu/h-i686-mingw32/bin/../lib/gcc/nios2-elf/4.1.2/../../../../nios2-elf/lib\libc.a
LOAD c:/altera/13.0/nios2eds/bin/gnu/h-i686-mingw32/bin/../lib/gcc/nios2-elf/4.1.2\libgcc.a
LOAD //files.auckland.ac.nz/myhome/Documents/GitHub/low-cost-frequency-relay/software/LCFR_bsp/\libhal_bsp.a
END GROUP
LOAD c:/altera/13.0/nios2eds/bin/gnu/h-i686-mingw32/bin/../lib/gcc/nios2-elf/4.1.2\libgcc.a
                0x00000000                __alt_mem_onchip_memory = 0x0
                0x01000000                __alt_mem_flash_controller = 0x1000000
                0x08000000                __alt_mem_sdram = 0x8000000

.entry          0x01000000        0x0
 *(.entry)
 .entry         0x01000000        0x0 //files.auckland.ac.nz/myhome/Documents/GitHub/low-cost-frequency-relay/software/LCFR_bsp//obj/HAL/src/crt0.o
                0x01000000                __reset

.exceptions     0x00000020      0x228
                0x00000020                PROVIDE (__ram_exceptions_start, ABSOLUTE (.))
                0x00000020                . = ALIGN (0x20)
 *(.irq)
 *(.exceptions.entry.label)
 *(.exceptions.entry.user)
 *(.exceptions.entry)
 .exceptions.entry
                0x00000020       0x8c obj/default/./FreeRTOS/port_asm.o
 *(.exceptions.irqtest.user)
 *(.exceptions.irqtest)
 .exceptions.irqtest
                0x000000ac       0x14 obj/default/./FreeRTOS/port_asm.o
 *(.exceptions.irqhandler.user)
 *(.exceptions.irqhandler)
 .exceptions.irqhandler
                0x000000c0        0x4 obj/default/./FreeRTOS/port_asm.o
 *(.exceptions.irqreturn.user)
 *(.exceptions.irqreturn)
 .exceptions.irqreturn
                0x000000c4       0x8c obj/default/./FreeRTOS/port_asm.o
                0x000000c4                restore_sp_from_pxCurrentTCB
 *(.exceptions.notirq.label)
 *(.exceptions.notirq.user)
 *(.exceptions.notirq)
 *(.exceptions.soft.user)
 *(.exceptions.soft)
 .exceptions.soft
                0x00000150       0x2c obj/default/./FreeRTOS/port_asm.o
 *(.exceptions.unknown.user)
 *(.exceptions.unknown)
 *(.exceptions.exit.label)
 *(.exceptions.exit.user)
 *(.exceptions.exit)
 *(.exceptions)
 .exceptions    0x0000017c       0xcc //files.auckland.ac.nz/myhome/Documents/GitHub/low-cost-frequency-relay/software/LCFR_bsp/\libhal_bsp.a(alt_irq_handler.o)
                0x0000017c                alt_irq_handler
                0x00000248                PROVIDE (__ram_exceptions_end, ABSOLUTE (.))
                0x00000020                PROVIDE (__flash_exceptions_start, LOADADDR (.exceptions))

.text           0x00000248    0x15d0c
                0x00000248                PROVIDE (stext, ABSOLUTE (.))
 *(.interp)
 *(.hash)
 *(.dynsym)
 *(.dynstr)
 *(.gnu.version)
 *(.gnu.version_d)
 *(.gnu.version_r)
 *(.rel.init)
 *(.rela.init)
 *(.rel.text .rel.text.* .rel.gnu.linkonce.t.*)
 *(.rela.text .rela.text.* .rela.gnu.linkonce.t.*)
 *(.rel.fini)
 *(.rela.fini)
 *(.rel.rodata .rel.rodata.* .rel.gnu.linkonce.r.*)
 *(.rela.rodata .rela.rodata.* .rela.gnu.linkonce.r.*)
 *(.rel.data .rel.data.* .rel.gnu.linkonce.d.*)
 *(.rela.data .rela.data.* .rela.gnu.linkonce.d.*)
 *(.rel.tdata .rel.tdata.* .rel.gnu.linkonce.td.*)
 *(.rela.tdata .rela.tdata.* .rela.gnu.linkonce.td.*)
 *(.rel.tbss .rel.tbss.* .rel.gnu.linkonce.tb.*)
 *(.rela.tbss .rela.tbss.* .rela.gnu.linkonce.tb.*)
 *(.rel.ctors)
 *(.rela.ctors)
 *(.rel.dtors)
 *(.rela.dtors)
 *(.rel.got)
 *(.rela.got)
 *(.rel.sdata .rel.sdata.* .rel.gnu.linkonce.s.*)
 *(.rela.sdata .rela.sdata.* .rela.gnu.linkonce.s.*)
 *(.rel.sbss .rel.sbss.* .rel.gnu.linkonce.sb.*)
 *(.rela.sbss .rela.sbss.* .rela.gnu.linkonce.sb.*)
 *(.rel.sdata2 .rel.sdata2.* .rel.gnu.linkonce.s2.*)
 *(.rela.sdata2 .rela.sdata2.* .rela.gnu.linkonce.s2.*)
 *(.rel.sbss2 .rel.sbss2.* .rel.gnu.linkonce.sb2.*)
 *(.rela.sbss2 .rela.sbss2.* .rela.gnu.linkonce.sb2.*)
 *(.rel.bss .rel.bss.* .rel.gnu.linkonce.b.*)
 *(.rela.bss .rela.bss.* .rela.gnu.linkonce.b.*)
 *(.rel.plt)
 *(.rela.plt)
 *(.rel.dyn)
 *(.init)
 *(.plt)
 *(.text .stub .text.* .gnu.linkonce.t.*)
 .text          0x00000248       0x48 //files.auckland.ac.nz/myhome/Documents/GitHub/low-cost-frequency-relay/software/LCFR_bsp//obj/HAL/src/crt0.o
                0x00000248                _start
 .text          0x00000290      0x60c obj/default/./FreeRTOS/croutine.o
                0x00000290                xCoRoutineCreate
                0x000003d0                vCoRoutineAddToDelayedList
                0x00000694                vCoRoutineSchedule
                0x0000081c                xCoRoutineRemoveFromEventList
 .text          0x0000089c      0x720 obj/default/./FreeRTOS/event_groups.o
                0x0000089c                xEventGroupCreate
                0x000008f0                xEventGroupSync
                0x00000a74                xEventGroupWaitBits
                0x00000c34                xEventGroupClearBits
                0x00000c9c                xEventGroupGetBitsFromISR
                0x00000cd8                xEventGroupSetBits
                0x00000e64                vEventGroupDelete
                0x00000ed4                vEventGroupSetBitsCallback
                0x00000f0c                vEventGroupClearBitsCallback
 .text          0x00000fbc      0x448 obj/default/./FreeRTOS/heap.o
                0x00000fbc                pvPortMalloc
                0x00001150                vPortFree
                0x000011d0                xPortGetFreeHeapSize
                0x000011f0                vPortInitialiseBlocks
 .text          0x00001404      0x28c obj/default/./FreeRTOS/list.o
                0x00001404                vListInitialise
                0x00001474                vListInitialiseItem
                0x0000149c                vListInsertEnd
                0x00001524                vListInsert
                0x000015f8                uxListRemove
 .text          0x00001690      0x434 obj/default/./FreeRTOS/port.o
                0x00001690                vApplicationStackOverflowHook
                0x000016f4                pxPortInitialiseStack
                0x000017dc                xPortStartScheduler
                0x00001814                vPortEndScheduler
                0x000018c8                vPortSysTickHandler
                0x00001914                alt_irq_register
 .text          0x00001ac4     0x1134 obj/default/./FreeRTOS/queue.o
                0x00001ac4                xQueueGenericReset
                0x00001bd8                xQueueGenericCreate
                0x00001cb4                xQueueCreateMutex
                0x00001d78                xQueueGiveMutexRecursive
                0x00001e0c                xQueueTakeMutexRecursive
                0x00001eb4                xQueueCreateCountingSemaphore
                0x00001f10                xQueueGenericSend
                0x000020c0                xQueueGenericSendFromISR
                0x000021a8                xQueueGiveFromISR
                0x00002280                xQueueGenericReceive
                0x000024ac                xQueueReceiveFromISR
                0x00002590                xQueuePeekFromISR
                0x00002610                uxQueueMessagesWaiting
                0x00002650                uxQueueSpacesAvailable
                0x000026a4                uxQueueMessagesWaitingFromISR
                0x000026d4                vQueueDelete
                0x00002a80                xQueueIsQueueEmptyFromISR
                0x00002b1c                xQueueIsQueueFullFromISR
                0x00002b64                vQueueWaitForMessageRestricted
 .text          0x00002bf8     0x1c94 obj/default/./FreeRTOS/tasks.o
                0x00002bf8                xTaskGenericCreate
                0x00002dc0                vTaskDelete
                0x00002e98                vTaskDelay
                0x00002f10                vTaskStartScheduler
                0x00002fac                vTaskEndScheduler
                0x00002ff0                vTaskSuspendAll
                0x00003018                xTaskResumeAll
                0x00003168                xTaskGetTickCount
                0x00003190                xTaskGetTickCountFromISR
                0x000031bc                uxTaskGetNumberOfTasks
                0x000031dc                xTaskIncrementTick
                0x000033b8                vTaskSwitchContext
                0x000034e8                vTaskPlaceOnEventList
                0x00003548                vTaskPlaceOnUnorderedEventList
                0x000035bc                vTaskPlaceOnEventListRestricted
                0x0000361c                xTaskRemoveFromEventList
                0x00003704                xTaskRemoveFromUnorderedEventList
                0x000037d4                vTaskSetTimeOutState
                0x0000380c                xTaskCheckForTimeOut
                0x000038d0                vTaskMissedYield
                0x00003d50                uxTaskGetStackHighWaterMark
                0x00003e6c                xTaskGetCurrentTaskHandle
                0x00003e94                xTaskGetSchedulerState
                0x00003ee8                vTaskPriorityInherit
                0x00004018                xTaskPriorityDisinherit
                0x00004114                vTaskEnterCritical
                0x00004168                vTaskExitCritical
                0x000041d0                uxTaskResetEventItemValue
                0x00004214                pvTaskIncrementMutexHeldCount
                0x00004250                ulTaskNotifyTake
                0x00004328                xTaskNotifyWait
                0x00004434                xTaskNotify
                0x000045bc                xTaskNotifyFromISR
                0x0000477c                vTaskNotifyGiveFromISR
 .text          0x0000488c      0x8b0 obj/default/./FreeRTOS/timers.o
                0x0000488c                xTimerCreateTimerTask
                0x000048fc                xTimerCreate
                0x000049ac                xTimerGenericCommand
                0x00004a74                pcTimerGetTimerName
                0x000050c0                xTimerIsTimerActive
                0x0000510c                pvTimerGetTimerID
 .text          0x0000513c      0x22c obj/default/./freertos_semaphore.o
                0x0000513c                button_interrupts_function
                0x000051ac                main
 .text          0x00005368        0x0 obj/default/./FreeRTOS/port_asm.o
 .text          0x00005368       0x74 c:/altera/13.0/nios2eds/bin/gnu/h-i686-mingw32/bin/../lib/gcc/nios2-elf/4.1.2/../../../../nios2-elf/lib\libc.a(lib_a-memcmp.o)
                0x00005368                memcmp
 .text          0x000053dc       0xa0 c:/altera/13.0/nios2eds/bin/gnu/h-i686-mingw32/bin/../lib/gcc/nios2-elf/4.1.2/../../../../nios2-elf/lib\libc.a(lib_a-memcpy.o)
                0x000053dc                memcpy
 .text          0x0000547c       0x98 c:/altera/13.0/nios2eds/bin/gnu/h-i686-mingw32/bin/../lib/gcc/nios2-elf/4.1.2/../../../../nios2-elf/lib\libc.a(lib_a-memset.o)
                0x0000547c                memset
 .text          0x00005514       0x78 c:/altera/13.0/nios2eds/bin/gnu/h-i686-mingw32/bin/../lib/gcc/nios2-elf/4.1.2/../../../../nios2-elf/lib\libc.a(lib_a-printf.o)
                0x00005514                printf
                0x00005558                _printf_r
 .text          0x0000558c       0xb4 c:/altera/13.0/nios2eds/bin/gnu/h-i686-mingw32/bin/../lib/gcc/nios2-elf/4.1.2/../../../../nios2-elf/lib\libc.a(lib_a-puts.o)
                0x0000558c                _puts_r
                0x0000562c                puts
 .text          0x00005640       0x74 c:/altera/13.0/nios2eds/bin/gnu/h-i686-mingw32/bin/../lib/gcc/nios2-elf/4.1.2/../../../../nios2-elf/lib\libc.a(lib_a-strlen.o)
                0x00005640                strlen
 .text          0x000056b4     0x1f28 c:/altera/13.0/nios2eds/bin/gnu/h-i686-mingw32/bin/../lib/gcc/nios2-elf/4.1.2/../../../../nios2-elf/lib\libc.a(lib_a-vfprintf.o)
                0x0000570c                ___vfprintf_internal_r
                0x000075b8                __vfprintf_internal
 .text          0x000075dc      0x13c c:/altera/13.0/nios2eds/bin/gnu/h-i686-mingw32/bin/../lib/gcc/nios2-elf/4.1.2/../../../../nios2-elf/lib\libc.a(lib_a-wsetup.o)
                0x000075dc                __swsetup_r
 .text          0x00007718     0x17cc c:/altera/13.0/nios2eds/bin/gnu/h-i686-mingw32/bin/../lib/gcc/nios2-elf/4.1.2/../../../../nios2-elf/lib\libc.a(lib_a-dtoa.o)
                0x00007930                _dtoa_r
 .text          0x00008ee4      0x230 c:/altera/13.0/nios2eds/bin/gnu/h-i686-mingw32/bin/../lib/gcc/nios2-elf/4.1.2/../../../../nios2-elf/lib\libc.a(lib_a-fflush.o)
                0x00008ee4                _fflush_r
                0x000090e0                fflush
 .text          0x00009114      0x2c0 c:/altera/13.0/nios2eds/bin/gnu/h-i686-mingw32/bin/../lib/gcc/nios2-elf/4.1.2/../../../../nios2-elf/lib\libc.a(lib_a-findfp.o)
                0x0000916c                __sfp_lock_acquire
                0x00009170                __sfp_lock_release
                0x00009174                __sinit_lock_acquire
                0x00009178                __sinit_lock_release
                0x0000917c                __sinit
                0x00009230                __fp_unlock_all
                0x00009248                __fp_lock_all
                0x00009260                _cleanup_r
                0x0000926c                _cleanup
                0x0000927c                __sfmoreglue
                0x000092e4                __sfp
 .text          0x000093d4      0x440 c:/altera/13.0/nios2eds/bin/gnu/h-i686-mingw32/bin/../lib/gcc/nios2-elf/4.1.2/../../../../nios2-elf/lib\libc.a(lib_a-freer.o)
                0x000093d4                _malloc_trim_r
                0x00009500                _free_r
 .text          0x00009814      0x49c c:/altera/13.0/nios2eds/bin/gnu/h-i686-mingw32/bin/../lib/gcc/nios2-elf/4.1.2/../../../../nios2-elf/lib\libc.a(lib_a-fvwrite.o)
                0x00009814                __sfvwrite_r
 .text          0x00009cb0      0x180 c:/altera/13.0/nios2eds/bin/gnu/h-i686-mingw32/bin/../lib/gcc/nios2-elf/4.1.2/../../../../nios2-elf/lib\libc.a(lib_a-fwalk.o)
                0x00009cb0                _fwalk_reent
                0x00009d78                _fwalk
 .text          0x00009e30        0x0 c:/altera/13.0/nios2eds/bin/gnu/h-i686-mingw32/bin/../lib/gcc/nios2-elf/4.1.2/../../../../nios2-elf/lib\libc.a(lib_a-impure.o)
 .text          0x00009e30       0xc4 c:/altera/13.0/nios2eds/bin/gnu/h-i686-mingw32/bin/../lib/gcc/nios2-elf/4.1.2/../../../../nios2-elf/lib\libc.a(lib_a-locale.o)
                0x00009e30                __locale_charset
                0x00009e38                _localeconv_r
                0x00009e44                localeconv
                0x00009e54                _setlocale_r
                0x00009ed8                setlocale
 .text          0x00009ef4      0x194 c:/altera/13.0/nios2eds/bin/gnu/h-i686-mingw32/bin/../lib/gcc/nios2-elf/4.1.2/../../../../nios2-elf/lib\libc.a(lib_a-makebuf.o)
                0x00009ef4                __smakebuf_r
 .text          0x0000a088      0x740 c:/altera/13.0/nios2eds/bin/gnu/h-i686-mingw32/bin/../lib/gcc/nios2-elf/4.1.2/../../../../nios2-elf/lib\libc.a(lib_a-mallocr.o)
                0x0000a088                _malloc_r
 .text          0x0000a7c8       0xe4 c:/altera/13.0/nios2eds/bin/gnu/h-i686-mingw32/bin/../lib/gcc/nios2-elf/4.1.2/../../../../nios2-elf/lib\libc.a(lib_a-memchr.o)
                0x0000a7c8                memchr
 .text          0x0000a8ac       0xe0 c:/altera/13.0/nios2eds/bin/gnu/h-i686-mingw32/bin/../lib/gcc/nios2-elf/4.1.2/../../../../nios2-elf/lib\libc.a(lib_a-memmove.o)
                0x0000a8ac                memmove
 .text          0x0000a98c      0xff4 c:/altera/13.0/nios2eds/bin/gnu/h-i686-mingw32/bin/../lib/gcc/nios2-elf/4.1.2/../../../../nios2-elf/lib\libc.a(lib_a-mprec.o)
                0x0000a98c                _Bfree
                0x0000a9b4                __hi0bits
                0x0000aa24                __lo0bits
                0x0000aae8                __mcmp
                0x0000ab48                __ulp
                0x0000abc8                __b2d
                0x0000ace8                __ratio
                0x0000ad98                _mprec_log10
                0x0000ae2c                __copybits
                0x0000ae84                __any_on
                0x0000af0c                _Balloc
                0x0000afc8                __d2b
                0x0000b144                __mdiff
                0x0000b2d0                __lshift
                0x0000b41c                __multiply
                0x0000b604                __i2b
                0x0000b640                __multadd
                0x0000b740                __pow5mult
                0x0000b860                __s2b
 .text          0x0000b980      0x5f4 c:/altera/13.0/nios2eds/bin/gnu/h-i686-mingw32/bin/../lib/gcc/nios2-elf/4.1.2/../../../../nios2-elf/lib\libc.a(lib_a-reallocr.o)
                0x0000b980                _realloc_r
 .text          0x0000bf74       0x40 c:/altera/13.0/nios2eds/bin/gnu/h-i686-mingw32/bin/../lib/gcc/nios2-elf/4.1.2/../../../../nios2-elf/lib\libc.a(lib_a-s_isinfd.o)
                0x0000bf74                __isinfd
 .text          0x0000bfb4       0x30 c:/altera/13.0/nios2eds/bin/gnu/h-i686-mingw32/bin/../lib/gcc/nios2-elf/4.1.2/../../../../nios2-elf/lib\libc.a(lib_a-s_isnand.o)
                0x0000bfb4                __isnand
 .text          0x0000bfe4       0x70 c:/altera/13.0/nios2eds/bin/gnu/h-i686-mingw32/bin/../lib/gcc/nios2-elf/4.1.2/../../../../nios2-elf/lib\libc.a(lib_a-sbrkr.o)
                0x0000bfe4                _sbrk_r
 .text          0x0000c054      0x14c c:/altera/13.0/nios2eds/bin/gnu/h-i686-mingw32/bin/../lib/gcc/nios2-elf/4.1.2/../../../../nios2-elf/lib\libc.a(lib_a-stdio.o)
                0x0000c054                __sclose
                0x0000c05c                __sseek
                0x0000c0c4                __swrite
                0x0000c140                __sread
 .text          0x0000c1a0       0xbc c:/altera/13.0/nios2eds/bin/gnu/h-i686-mingw32/bin/../lib/gcc/nios2-elf/4.1.2/../../../../nios2-elf/lib\libc.a(lib_a-strcmp.o)
                0x0000c1a0                strcmp
 .text          0x0000c25c       0x78 c:/altera/13.0/nios2eds/bin/gnu/h-i686-mingw32/bin/../lib/gcc/nios2-elf/4.1.2/../../../../nios2-elf/lib\libc.a(lib_a-writer.o)
                0x0000c25c                _write_r
 .text          0x0000c2d4       0xb4 c:/altera/13.0/nios2eds/bin/gnu/h-i686-mingw32/bin/../lib/gcc/nios2-elf/4.1.2/../../../../nios2-elf/lib\libc.a(lib_a-callocr.o)
                0x0000c2d4                _calloc_r
 .text          0x0000c388       0x70 c:/altera/13.0/nios2eds/bin/gnu/h-i686-mingw32/bin/../lib/gcc/nios2-elf/4.1.2/../../../../nios2-elf/lib\libc.a(lib_a-closer.o)
                0x0000c388                _close_r
 .text          0x0000c3f8      0x124 c:/altera/13.0/nios2eds/bin/gnu/h-i686-mingw32/bin/../lib/gcc/nios2-elf/4.1.2/../../../../nios2-elf/lib\libc.a(lib_a-fclose.o)
                0x0000c3f8                _fclose_r
                0x0000c508                fclose
 .text          0x0000c51c       0x74 c:/altera/13.0/nios2eds/bin/gnu/h-i686-mingw32/bin/../lib/gcc/nios2-elf/4.1.2/../../../../nios2-elf/lib\libc.a(lib_a-fstatr.o)
                0x0000c51c                _fstat_r
 .text          0x0000c590        0x0 c:/altera/13.0/nios2eds/bin/gnu/h-i686-mingw32/bin/../lib/gcc/nios2-elf/4.1.2/../../../../nios2-elf/lib\libc.a(lib_a-int_errno.o)
 .text          0x0000c590       0x70 c:/altera/13.0/nios2eds/bin/gnu/h-i686-mingw32/bin/../lib/gcc/nios2-elf/4.1.2/../../../../nios2-elf/lib\libc.a(lib_a-isattyr.o)
                0x0000c590                _isatty_r
 .text          0x0000c600       0x78 c:/altera/13.0/nios2eds/bin/gnu/h-i686-mingw32/bin/../lib/gcc/nios2-elf/4.1.2/../../../../nios2-elf/lib\libc.a(lib_a-lseekr.o)
                0x0000c600                _lseek_r
 .text          0x0000c678       0x78 c:/altera/13.0/nios2eds/bin/gnu/h-i686-mingw32/bin/../lib/gcc/nios2-elf/4.1.2/../../../../nios2-elf/lib\libc.a(lib_a-readr.o)
                0x0000c678                _read_r
 .text          0x0000c6f0      0x5dc c:/altera/13.0/nios2eds/bin/gnu/h-i686-mingw32/bin/../lib/gcc/nios2-elf/4.1.2\libgcc.a(_udivdi3.o)
                0x0000c6f0                __udivdi3
 .text          0x0000cccc      0x5b0 c:/altera/13.0/nios2eds/bin/gnu/h-i686-mingw32/bin/../lib/gcc/nios2-elf/4.1.2\libgcc.a(_umoddi3.o)
                0x0000cccc                __umoddi3
 .text          0x0000d27c      0x504 c:/altera/13.0/nios2eds/bin/gnu/h-i686-mingw32/bin/../lib/gcc/nios2-elf/4.1.2\libgcc.a(_addsub_df.o)
                0x0000d68c                __subdf3
                0x0000d70c                __adddf3
 .text          0x0000d780      0x3c4 c:/altera/13.0/nios2eds/bin/gnu/h-i686-mingw32/bin/../lib/gcc/nios2-elf/4.1.2\libgcc.a(_mul_df.o)
                0x0000d780                __muldf3
 .text          0x0000db44      0x258 c:/altera/13.0/nios2eds/bin/gnu/h-i686-mingw32/bin/../lib/gcc/nios2-elf/4.1.2\libgcc.a(_div_df.o)
                0x0000db44                __divdf3
 .text          0x0000dd9c       0x88 c:/altera/13.0/nios2eds/bin/gnu/h-i686-mingw32/bin/../lib/gcc/nios2-elf/4.1.2\libgcc.a(_eq_df.o)
                0x0000dd9c                __eqdf2
 .text          0x0000de24       0x88 c:/altera/13.0/nios2eds/bin/gnu/h-i686-mingw32/bin/../lib/gcc/nios2-elf/4.1.2\libgcc.a(_ne_df.o)
                0x0000de24                __nedf2
 .text          0x0000deac       0x88 c:/altera/13.0/nios2eds/bin/gnu/h-i686-mingw32/bin/../lib/gcc/nios2-elf/4.1.2\libgcc.a(_gt_df.o)
                0x0000deac                __gtdf2
 .text          0x0000df34       0x88 c:/altera/13.0/nios2eds/bin/gnu/h-i686-mingw32/bin/../lib/gcc/nios2-elf/4.1.2\libgcc.a(_ge_df.o)
                0x0000df34                __gedf2
 .text          0x0000dfbc       0x88 c:/altera/13.0/nios2eds/bin/gnu/h-i686-mingw32/bin/../lib/gcc/nios2-elf/4.1.2\libgcc.a(_lt_df.o)
                0x0000dfbc                __ltdf2
 .text          0x0000e044       0xf8 c:/altera/13.0/nios2eds/bin/gnu/h-i686-mingw32/bin/../lib/gcc/nios2-elf/4.1.2\libgcc.a(_si_to_df.o)
                0x0000e044                __floatsidf
 .text          0x0000e13c       0xd8 c:/altera/13.0/nios2eds/bin/gnu/h-i686-mingw32/bin/../lib/gcc/nios2-elf/4.1.2\libgcc.a(_df_to_si.o)
                0x0000e13c                __fixdfsi
 .text          0x0000e214        0x0 c:/altera/13.0/nios2eds/bin/gnu/h-i686-mingw32/bin/../lib/gcc/nios2-elf/4.1.2\libgcc.a(_thenan_df.o)
 .text          0x0000e214      0x194 c:/altera/13.0/nios2eds/bin/gnu/h-i686-mingw32/bin/../lib/gcc/nios2-elf/4.1.2\libgcc.a(_usi_to_df.o)
                0x0000e214                __floatunsidf
 .text          0x0000e3a8      0x14c c:/altera/13.0/nios2eds/bin/gnu/h-i686-mingw32/bin/../lib/gcc/nios2-elf/4.1.2\libgcc.a(lib2-divmod.o)
                0x0000e424                __divsi3
                0x0000e484                __modsi3
                0x0000e4e4                __udivsi3
                0x0000e4ec                __umodsi3
 .text          0x0000e4f4       0x98 c:/altera/13.0/nios2eds/bin/gnu/h-i686-mingw32/bin/../lib/gcc/nios2-elf/4.1.2\libgcc.a(_muldi3.o)
                0x0000e4f4                __muldi3
 .text          0x0000e58c        0x0 c:/altera/13.0/nios2eds/bin/gnu/h-i686-mingw32/bin/../lib/gcc/nios2-elf/4.1.2\libgcc.a(_clz.o)
 .text          0x0000e58c       0x80 c:/altera/13.0/nios2eds/bin/gnu/h-i686-mingw32/bin/../lib/gcc/nios2-elf/4.1.2\libgcc.a(_clzsi2.o)
                0x0000e58c                __clzsi2
 .text          0x0000e60c      0x314 c:/altera/13.0/nios2eds/bin/gnu/h-i686-mingw32/bin/../lib/gcc/nios2-elf/4.1.2\libgcc.a(_pack_df.o)
                0x0000e60c                __pack_d
 .text          0x0000e920      0x138 c:/altera/13.0/nios2eds/bin/gnu/h-i686-mingw32/bin/../lib/gcc/nios2-elf/4.1.2\libgcc.a(_unpack_df.o)
                0x0000e920                __unpack_d
 .text          0x0000ea58       0xc8 c:/altera/13.0/nios2eds/bin/gnu/h-i686-mingw32/bin/../lib/gcc/nios2-elf/4.1.2\libgcc.a(_fpcmp_parts_df.o)
                0x0000ea58                __fpcmp_parts_d
 .text          0x0000eb20      0x15c //files.auckland.ac.nz/myhome/Documents/GitHub/low-cost-frequency-relay/software/LCFR_bsp/\libhal_bsp.a(alt_close.o)
                0x0000eb20                close
 .text          0x0000ec7c       0x2c //files.auckland.ac.nz/myhome/Documents/GitHub/low-cost-frequency-relay/software/LCFR_bsp/\libhal_bsp.a(alt_dev.o)
 .text          0x0000eca8        0x0 //files.auckland.ac.nz/myhome/Documents/GitHub/low-cost-frequency-relay/software/LCFR_bsp/\libhal_bsp.a(alt_errno.o)
 .text          0x0000eca8      0x134 //files.auckland.ac.nz/myhome/Documents/GitHub/low-cost-frequency-relay/software/LCFR_bsp/\libhal_bsp.a(alt_fstat.o)
                0x0000eca8                fstat
 .text          0x0000eddc        0x0 //files.auckland.ac.nz/myhome/Documents/GitHub/low-cost-frequency-relay/software/LCFR_bsp/\libhal_bsp.a(alt_irq_handler.o)
 .text          0x0000eddc        0x0 //files.auckland.ac.nz/myhome/Documents/GitHub/low-cost-frequency-relay/software/LCFR_bsp/\libhal_bsp.a(alt_irq_vars.o)
 .text          0x0000eddc      0x120 //files.auckland.ac.nz/myhome/Documents/GitHub/low-cost-frequency-relay/software/LCFR_bsp/\libhal_bsp.a(alt_isatty.o)
                0x0000eddc                isatty
 .text          0x0000eefc      0x150 //files.auckland.ac.nz/myhome/Documents/GitHub/low-cost-frequency-relay/software/LCFR_bsp/\libhal_bsp.a(alt_lseek.o)
                0x0000eefc                lseek
 .text          0x0000f04c       0x6c //files.auckland.ac.nz/myhome/Documents/GitHub/low-cost-frequency-relay/software/LCFR_bsp/\libhal_bsp.a(alt_main.o)
                0x0000f04c                alt_main
 .text          0x0000f0b8       0x40 //files.auckland.ac.nz/myhome/Documents/GitHub/low-cost-frequency-relay/software/LCFR_bsp/\libhal_bsp.a(alt_malloc_lock.o)
                0x0000f0b8                __malloc_lock
                0x0000f0d8                __malloc_unlock
 .text          0x0000f0f8      0x180 //files.auckland.ac.nz/myhome/Documents/GitHub/low-cost-frequency-relay/software/LCFR_bsp/\libhal_bsp.a(alt_read.o)
                0x0000f0f8                read
 .text          0x0000f278       0x60 //files.auckland.ac.nz/myhome/Documents/GitHub/low-cost-frequency-relay/software/LCFR_bsp/\libhal_bsp.a(alt_release_fd.o)
                0x0000f278                alt_release_fd
 .text          0x0000f2d8       0xbc //files.auckland.ac.nz/myhome/Documents/GitHub/low-cost-frequency-relay/software/LCFR_bsp/\libhal_bsp.a(alt_sbrk.o)
                0x0000f2d8                sbrk
 .text          0x0000f394      0x180 //files.auckland.ac.nz/myhome/Documents/GitHub/low-cost-frequency-relay/software/LCFR_bsp/\libhal_bsp.a(alt_write.o)
                0x0000f394                write
 .text          0x0000f514      0x3d8 //files.auckland.ac.nz/myhome/Documents/GitHub/low-cost-frequency-relay/software/LCFR_bsp/\libhal_bsp.a(alt_sys_init.o)
                0x0000f514                alt_irq_init
                0x0000f548                alt_sys_init
 .text          0x0000f8ec      0x8d8 //files.auckland.ac.nz/myhome/Documents/GitHub/low-cost-frequency-relay/software/LCFR_bsp/\libhal_bsp.a(altera_avalon_cfi_flash.o)
                0x0000f8ec                alt_flash_cfi_init
                0x0000f9c0                alt_flash_cfi_write
                0x0000fc80                alt_flash_cfi_get_info
                0x0000fd10                alt_flash_cfi_read
                0x0000fd78                alt_write_value_to_flash
                0x0000fedc                alt_flash_program_block
 .text          0x000101c4     0x14a8 //files.auckland.ac.nz/myhome/Documents/GitHub/low-cost-frequency-relay/software/LCFR_bsp/\libhal_bsp.a(altera_avalon_cfi_flash_table.o)
                0x000101c4                alt_read_query_entry_8bit
                0x00010204                alt_read_query_entry_16bit
                0x00010248                alt_read_query_entry_32bit
                0x00010290                alt_write_flash_command_8bit_device_8bit_mode
                0x000102cc                alt_write_flash_command_16bit_device_8bit_mode
                0x00010348                alt_write_flash_command_32bit_device_8bit_mode
                0x00010390                alt_write_flash_command_16bit_device_16bit_mode
                0x000103d4                alt_write_flash_command_32bit_device_16bit_mode
                0x0001041c                alt_write_flash_command_32bit_device_32bit_mode
                0x00010464                alt_write_native_8bit
                0x00010498                alt_write_native_16bit
                0x000104cc                alt_write_native_32bit
                0x000104fc                alt_set_flash_width_func
                0x000106dc                alt_set_flash_algorithm_func
                0x00010804                alt_read_cfi_table
                0x00010de4                alt_read_cfi_width
                0x00011590                alt_check_primary_table
 .text          0x0001166c      0x148 //files.auckland.ac.nz/myhome/Documents/GitHub/low-cost-frequency-relay/software/LCFR_bsp/\libhal_bsp.a(altera_avalon_jtag_uart_fd.o)
                0x0001166c                altera_avalon_jtag_uart_read_fd
                0x000116c4                altera_avalon_jtag_uart_write_fd
                0x0001171c                altera_avalon_jtag_uart_close_fd
                0x00011764                altera_avalon_jtag_uart_ioctl_fd
 .text          0x000117b4      0x408 //files.auckland.ac.nz/myhome/Documents/GitHub/low-cost-frequency-relay/software/LCFR_bsp/\libhal_bsp.a(altera_avalon_jtag_uart_init.o)
                0x000117b4                altera_avalon_jtag_uart_init
                0x00011b48                altera_avalon_jtag_uart_close
 .text          0x00011bbc       0xf4 //files.auckland.ac.nz/myhome/Documents/GitHub/low-cost-frequency-relay/software/LCFR_bsp/\libhal_bsp.a(altera_avalon_jtag_uart_ioctl.o)
                0x00011bbc                altera_avalon_jtag_uart_ioctl
 .text          0x00011cb0      0x224 //files.auckland.ac.nz/myhome/Documents/GitHub/low-cost-frequency-relay/software/LCFR_bsp/\libhal_bsp.a(altera_avalon_jtag_uart_read.o)
                0x00011cb0                altera_avalon_jtag_uart_read
 .text          0x00011ed4      0x240 //files.auckland.ac.nz/myhome/Documents/GitHub/low-cost-frequency-relay/software/LCFR_bsp/\libhal_bsp.a(altera_avalon_jtag_uart_write.o)
                0x00011ed4                altera_avalon_jtag_uart_write
 .text          0x00012114      0xee0 //files.auckland.ac.nz/myhome/Documents/GitHub/low-cost-frequency-relay/software/LCFR_bsp/\libhal_bsp.a(altera_avalon_lcd_16207.o)
                0x000128e8                altera_avalon_lcd_16207_write
                0x00012eb8                altera_avalon_lcd_16207_init
 .text          0x00012ff4       0x58 //files.auckland.ac.nz/myhome/Documents/GitHub/low-cost-frequency-relay/software/LCFR_bsp/\libhal_bsp.a(altera_avalon_lcd_16207_fd.o)
                0x00012ff4                altera_avalon_lcd_16207_write_fd
 .text          0x0001304c       0xfc //files.auckland.ac.nz/myhome/Documents/GitHub/low-cost-frequency-relay/software/LCFR_bsp/\libhal_bsp.a(altera_avalon_timer_sc.o)
                0x000130c0                alt_avalon_timer_sc_init
 .text          0x00013148       0xf8 //files.auckland.ac.nz/myhome/Documents/GitHub/low-cost-frequency-relay/software/LCFR_bsp/\libhal_bsp.a(altera_avalon_uart_fd.o)
                0x00013148                altera_avalon_uart_read_fd
                0x000131a0                altera_avalon_uart_write_fd
                0x000131f8                altera_avalon_uart_close_fd
 .text          0x00013240      0x3fc //files.auckland.ac.nz/myhome/Documents/GitHub/low-cost-frequency-relay/software/LCFR_bsp/\libhal_bsp.a(altera_avalon_uart_init.o)
                0x00013240                altera_avalon_uart_init
                0x000135dc                altera_avalon_uart_close
 .text          0x0001363c      0x290 //files.auckland.ac.nz/myhome/Documents/GitHub/low-cost-frequency-relay/software/LCFR_bsp/\libhal_bsp.a(altera_avalon_uart_read.o)
                0x0001363c                altera_avalon_uart_read
 .text          0x000138cc      0x228 //files.auckland.ac.nz/myhome/Documents/GitHub/low-cost-frequency-relay/software/LCFR_bsp/\libhal_bsp.a(altera_avalon_uart_write.o)
                0x000138cc                altera_avalon_uart_write
 .text          0x00013af4      0x700 //files.auckland.ac.nz/myhome/Documents/GitHub/low-cost-frequency-relay/software/LCFR_bsp/\libhal_bsp.a(altera_up_avalon_ps2.o)
                0x00013af4                read_RI_bit
                0x00013b28                read_RE_bit
                0x00013b58                read_CE_bit
                0x00013b8c                read_num_bytes_available
                0x00013bc0                read_data_valid
                0x00013bf4                read_data_byte
                0x00013c20                alt_up_ps2_init
                0x00013cec                alt_up_ps2_enable_read_interrupt
                0x00013d40                alt_up_ps2_disable_read_interrupt
                0x00013d98                alt_up_ps2_write_data_byte
                0x00013e10                alt_up_ps2_wait_for_ack
                0x00013e80                alt_up_ps2_write_data_byte_with_ack
                0x00013eec                alt_up_ps2_read_data_byte_timeout
                0x00013f9c                alt_up_ps2_read_data_byte
                0x00014018                alt_up_ps2_clear_fifo
                0x00014070                alt_up_ps2_read_fd
                0x0001410c                alt_up_ps2_write_fd
                0x000141b4                alt_up_ps2_open_dev
 .text          0x000141f4      0x304 //files.auckland.ac.nz/myhome/Documents/GitHub/low-cost-frequency-relay/software/LCFR_bsp/\libhal_bsp.a(altera_up_avalon_video_character_buffer_with_dma.o)
                0x000141f4                alt_up_char_buffer_init
                0x00014278                alt_up_char_buffer_open_dev
                0x000142b8                alt_up_char_buffer_draw
                0x00014388                alt_up_char_buffer_string
                0x0001449c                alt_up_char_buffer_clear
 .text          0x000144f8      0x154 //files.auckland.ac.nz/myhome/Documents/GitHub/low-cost-frequency-relay/software/LCFR_bsp/\libhal_bsp.a(alt_alarm_start.o)
                0x000144f8                alt_alarm_start
 .text          0x0001464c       0x78 //files.auckland.ac.nz/myhome/Documents/GitHub/low-cost-frequency-relay/software/LCFR_bsp/\libhal_bsp.a(alt_dcache_flush.o)
                0x0001464c                alt_dcache_flush
 .text          0x000146c4      0x114 //files.auckland.ac.nz/myhome/Documents/GitHub/low-cost-frequency-relay/software/LCFR_bsp/\libhal_bsp.a(alt_dev_llist_insert.o)
                0x000146c4                alt_dev_llist_insert
 .text          0x000147d8       0x64 //files.auckland.ac.nz/myhome/Documents/GitHub/low-cost-frequency-relay/software/LCFR_bsp/\libhal_bsp.a(alt_do_ctors.o)
                0x000147d8                _do_ctors
 .text          0x0001483c       0x64 //files.auckland.ac.nz/myhome/Documents/GitHub/low-cost-frequency-relay/software/LCFR_bsp/\libhal_bsp.a(alt_do_dtors.o)
                0x0001483c                _do_dtors
 .text          0x000148a0       0x94 //files.auckland.ac.nz/myhome/Documents/GitHub/low-cost-frequency-relay/software/LCFR_bsp/\libhal_bsp.a(alt_find_dev.o)
                0x000148a0                alt_find_dev
 .text          0x00014934       0xd0 //files.auckland.ac.nz/myhome/Documents/GitHub/low-cost-frequency-relay/software/LCFR_bsp/\libhal_bsp.a(alt_flash_dev.o)
                0x00014934                alt_flash_open_dev
                0x000149b0                alt_flash_close_dev
 .text          0x00014a04      0x13c //files.auckland.ac.nz/myhome/Documents/GitHub/low-cost-frequency-relay/software/LCFR_bsp/\libhal_bsp.a(alt_io_redirect.o)
                0x00014ac8                alt_io_redirect
 .text          0x00014b40      0x2c4 //files.auckland.ac.nz/myhome/Documents/GitHub/low-cost-frequency-relay/software/LCFR_bsp/\libhal_bsp.a(alt_open.o)
                0x00014c1c                open
 .text          0x00014e04      0x1a4 //files.auckland.ac.nz/myhome/Documents/GitHub/low-cost-frequency-relay/software/LCFR_bsp/\libhal_bsp.a(alt_tick.o)
                0x00014e04                alt_alarm_stop
                0x00014e9c                alt_tick
 .text          0x00014fa8       0x30 //files.auckland.ac.nz/myhome/Documents/GitHub/low-cost-frequency-relay/software/LCFR_bsp/\libhal_bsp.a(alt_usleep.o)
                0x00014fa8                usleep
 .text          0x00014fd8       0x20 //files.auckland.ac.nz/myhome/Documents/GitHub/low-cost-frequency-relay/software/LCFR_bsp/\libhal_bsp.a(altera_nios2_qsys_irq.o)
                0x00014fd8                altera_nios2_qsys_irq_init
 .text          0x00014ff8      0x460 //files.auckland.ac.nz/myhome/Documents/GitHub/low-cost-frequency-relay/software/LCFR_bsp/\libhal_bsp.a(altera_avalon_cfi_flash_amd.o)
                0x00014ff8                alt_program_amd
                0x00015060                alt_erase_block_amd
 .text          0x00015458      0x460 //files.auckland.ac.nz/myhome/Documents/GitHub/low-cost-frequency-relay/software/LCFR_bsp/\libhal_bsp.a(altera_avalon_cfi_flash_intel.o)
                0x00015458                alt_program_intel
                0x000154dc                alt_erase_block_intel
 .text          0x000158b8      0x12c //files.auckland.ac.nz/myhome/Documents/GitHub/low-cost-frequency-relay/software/LCFR_bsp/\libhal_bsp.a(alt_busy_sleep.o)
                0x000158b8                alt_busy_sleep
 .text          0x000159e4      0x120 //files.auckland.ac.nz/myhome/Documents/GitHub/low-cost-frequency-relay/software/LCFR_bsp/\libhal_bsp.a(alt_find_file.o)
                0x000159e4                alt_find_file
 .text          0x00015b04       0xb8 //files.auckland.ac.nz/myhome/Documents/GitHub/low-cost-frequency-relay/software/LCFR_bsp/\libhal_bsp.a(alt_get_fd.o)
                0x00015b04                alt_get_fd
 .text          0x00015bbc       0x14 c:/altera/13.0/nios2eds/bin/gnu/h-i686-mingw32/bin/../lib/gcc/nios2-elf/4.1.2/../../../../nios2-elf/lib\libc.a(lib_a-atexit.o)
                0x00015bbc                atexit
 .text          0x00015bd0        0x0 c:/altera/13.0/nios2eds/bin/gnu/h-i686-mingw32/bin/../lib/gcc/nios2-elf/4.1.2/../../../../nios2-elf/lib\libc.a(lib_a-ctype_.o)
 .text          0x00015bd0       0x38 c:/altera/13.0/nios2eds/bin/gnu/h-i686-mingw32/bin/../lib/gcc/nios2-elf/4.1.2/../../../../nios2-elf/lib\libc.a(lib_a-exit.o)
                0x00015bd0                exit
 .text          0x00015c08      0x134 c:/altera/13.0/nios2eds/bin/gnu/h-i686-mingw32/bin/../lib/gcc/nios2-elf/4.1.2/../../../../nios2-elf/lib\libc.a(lib_a-__atexit.o)
                0x00015c08                __register_exitproc
 .text          0x00015d3c      0x1b4 c:/altera/13.0/nios2eds/bin/gnu/h-i686-mingw32/bin/../lib/gcc/nios2-elf/4.1.2/../../../../nios2-elf/lib\libc.a(lib_a-__call_atexit.o)
                0x00015d40                __call_exitprocs
 .text          0x00015ef0       0x60 //files.auckland.ac.nz/myhome/Documents/GitHub/low-cost-frequency-relay/software/LCFR_bsp/\libhal_bsp.a(alt_exit.o)
                0x00015f30                _exit
 *(.gnu.warning.*)
 *(.fini)
                0x00015f50                PROVIDE (__etext, ABSOLUTE (.))
                0x00015f50                PROVIDE (_etext, ABSOLUTE (.))
                0x00015f50                PROVIDE (etext, ABSOLUTE (.))
 *(.eh_frame_hdr)
                0x00015f50                . = ALIGN (0x4)
                0x00015f50                PROVIDE (__preinit_array_start, ABSOLUTE (.))
 *(.preinit_array)
                0x00015f50                PROVIDE (__preinit_array_end, ABSOLUTE (.))
                0x00015f50                PROVIDE (__init_array_start, ABSOLUTE (.))
 *(.init_array)
                0x00015f50                PROVIDE (__init_array_end, ABSOLUTE (.))
                0x00015f50                PROVIDE (__fini_array_start, ABSOLUTE (.))
 *(.fini_array)
                0x00015f50                PROVIDE (__fini_array_end, ABSOLUTE (.))
 *(.eh_frame)
 *(.gcc_except_table)
 *(.dynamic)
                0x00015f50                PROVIDE (__CTOR_LIST__, ABSOLUTE (.))
 *(.ctors)
 *(SORT(.ctors.*))
 .ctors.65535   0x00015f50        0x4 c:/altera/13.0/nios2eds/bin/gnu/h-i686-mingw32/bin/../lib/gcc/nios2-elf/4.1.2/../../../../nios2-elf/lib\libc.a(lib_a-__call_atexit.o)
                0x00015f54                PROVIDE (__CTOR_END__, ABSOLUTE (.))
                0x00015f54                PROVIDE (__DTOR_LIST__, ABSOLUTE (.))
 *(.dtors)
 *(SORT(.dtors.*))
                0x00015f54                PROVIDE (__DTOR_END__, ABSOLUTE (.))
 *(.jcr)
                0x00015f54                . = ALIGN (0x4)

.rodata         0x08000000      0x744
                0x08000000                PROVIDE (__ram_rodata_start, ABSOLUTE (.))
                0x08000000                . = ALIGN (0x4)
 *(.rodata .rodata.* .gnu.linkonce.r.*)
 .rodata        0x08000000       0x34 obj/default/./FreeRTOS/port.o
 .rodata        0x08000034       0x1c obj/default/./FreeRTOS/tasks.o
 .rodata        0x08000050        0x8 obj/default/./FreeRTOS/timers.o
 .rodata        0x08000058       0x70 obj/default/./freertos_semaphore.o
 .rodata.str1.4
                0x080000c8        0x2 c:/altera/13.0/nios2eds/bin/gnu/h-i686-mingw32/bin/../lib/gcc/nios2-elf/4.1.2/../../../../nios2-elf/lib\libc.a(lib_a-puts.o)
                                  0x4 (size before relaxing)
 *fill*         0x080000ca        0x2 00
 .rodata.str1.4
                0x080000cc       0x5e c:/altera/13.0/nios2eds/bin/gnu/h-i686-mingw32/bin/../lib/gcc/nios2-elf/4.1.2/../../../../nios2-elf/lib\libc.a(lib_a-vfprintf.o)
                                 0x60 (size before relaxing)
 *fill*         0x0800012a        0x2 00
 .rodata        0x0800012c       0x20 c:/altera/13.0/nios2eds/bin/gnu/h-i686-mingw32/bin/../lib/gcc/nios2-elf/4.1.2/../../../../nios2-elf/lib\libc.a(lib_a-vfprintf.o)
 .rodata.str1.4
                0x0800014c       0x10 c:/altera/13.0/nios2eds/bin/gnu/h-i686-mingw32/bin/../lib/gcc/nios2-elf/4.1.2/../../../../nios2-elf/lib\libc.a(lib_a-dtoa.o)
                                 0x14 (size before relaxing)
 .rodata.str1.4
                0x0800015c        0x2 c:/altera/13.0/nios2eds/bin/gnu/h-i686-mingw32/bin/../lib/gcc/nios2-elf/4.1.2/../../../../nios2-elf/lib\libc.a(lib_a-impure.o)
                                  0x4 (size before relaxing)
 *fill*         0x0800015e        0x2 00
 .rodata.str1.4
                0x08000160       0x10 c:/altera/13.0/nios2eds/bin/gnu/h-i686-mingw32/bin/../lib/gcc/nios2-elf/4.1.2/../../../../nios2-elf/lib\libc.a(lib_a-locale.o)
                                 0x18 (size before relaxing)
 .rodata        0x08000170       0x30 c:/altera/13.0/nios2eds/bin/gnu/h-i686-mingw32/bin/../lib/gcc/nios2-elf/4.1.2/../../../../nios2-elf/lib\libc.a(lib_a-locale.o)
 .rodata        0x080001a0      0x124 c:/altera/13.0/nios2eds/bin/gnu/h-i686-mingw32/bin/../lib/gcc/nios2-elf/4.1.2/../../../../nios2-elf/lib\libc.a(lib_a-mprec.o)
                0x080001a0                __mprec_tens
                0x08000268                __mprec_bigtens
                0x08000290                __mprec_tinytens
 .rodata        0x080002c4       0x14 c:/altera/13.0/nios2eds/bin/gnu/h-i686-mingw32/bin/../lib/gcc/nios2-elf/4.1.2\libgcc.a(_thenan_df.o)
                0x080002c4                __thenan_df
 .rodata        0x080002d8      0x100 c:/altera/13.0/nios2eds/bin/gnu/h-i686-mingw32/bin/../lib/gcc/nios2-elf/4.1.2\libgcc.a(_clz.o)
                0x080002d8                __clz_tab
 .rodata        0x080003d8        0xc //files.auckland.ac.nz/myhome/Documents/GitHub/low-cost-frequency-relay/software/LCFR_bsp/\libhal_bsp.a(alt_dev.o)
 .rodata        0x080003e4       0x10 //files.auckland.ac.nz/myhome/Documents/GitHub/low-cost-frequency-relay/software/LCFR_bsp/\libhal_bsp.a(alt_main.o)
 .rodata        0x080003f4       0xb0 //files.auckland.ac.nz/myhome/Documents/GitHub/low-cost-frequency-relay/software/LCFR_bsp/\libhal_bsp.a(alt_sys_init.o)
 .rodata        0x080004a4       0x1c //files.auckland.ac.nz/myhome/Documents/GitHub/low-cost-frequency-relay/software/LCFR_bsp/\libhal_bsp.a(altera_up_avalon_video_character_buffer_with_dma.o)
 .rodata        0x080004c0      0x284 c:/altera/13.0/nios2eds/bin/gnu/h-i686-mingw32/bin/../lib/gcc/nios2-elf/4.1.2/../../../../nios2-elf/lib\libc.a(lib_a-ctype_.o)
                0x080004c0                _ctype_
 *(.rodata1)
                0x08000744                . = ALIGN (0x4)
                0x08000744                PROVIDE (__ram_rodata_end, ABSOLUTE (.))
                0x08000000                PROVIDE (__flash_rodata_start, LOADADDR (.rodata))

.rwdata         0x08000744     0x1e0c
                0x08000744                PROVIDE (__ram_rwdata_start, ABSOLUTE (.))
                0x08000744                . = ALIGN (0x4)
 *(.got.plt)
 *(.got)
 *(.data1)
 *(.data .data.* .gnu.linkonce.d.*)
 .data          0x08000744        0x0 //files.auckland.ac.nz/myhome/Documents/GitHub/low-cost-frequency-relay/software/LCFR_bsp//obj/HAL/src/crt0.o
 .data          0x08000744        0x0 obj/default/./FreeRTOS/croutine.o
 .data          0x08000744        0x0 obj/default/./FreeRTOS/event_groups.o
 .data          0x08000744        0x0 obj/default/./FreeRTOS/heap.o
 .data          0x08000744        0x0 obj/default/./FreeRTOS/list.o
 .data          0x08000744        0x0 obj/default/./FreeRTOS/port.o
 .data          0x08000744        0x0 obj/default/./FreeRTOS/queue.o
 .data          0x08000744        0x0 obj/default/./FreeRTOS/tasks.o
 .data          0x08000744        0x0 obj/default/./FreeRTOS/timers.o
 .data          0x08000744        0x0 obj/default/./freertos_semaphore.o
 .data          0x08000744        0x0 obj/default/./FreeRTOS/port_asm.o
 .data          0x08000744        0x0 c:/altera/13.0/nios2eds/bin/gnu/h-i686-mingw32/bin/../lib/gcc/nios2-elf/4.1.2/../../../../nios2-elf/lib\libc.a(lib_a-memcmp.o)
 .data          0x08000744        0x0 c:/altera/13.0/nios2eds/bin/gnu/h-i686-mingw32/bin/../lib/gcc/nios2-elf/4.1.2/../../../../nios2-elf/lib\libc.a(lib_a-memcpy.o)
 .data          0x08000744        0x0 c:/altera/13.0/nios2eds/bin/gnu/h-i686-mingw32/bin/../lib/gcc/nios2-elf/4.1.2/../../../../nios2-elf/lib\libc.a(lib_a-memset.o)
 .data          0x08000744        0x0 c:/altera/13.0/nios2eds/bin/gnu/h-i686-mingw32/bin/../lib/gcc/nios2-elf/4.1.2/../../../../nios2-elf/lib\libc.a(lib_a-printf.o)
 .data          0x08000744        0x0 c:/altera/13.0/nios2eds/bin/gnu/h-i686-mingw32/bin/../lib/gcc/nios2-elf/4.1.2/../../../../nios2-elf/lib\libc.a(lib_a-puts.o)
 .data          0x08000744        0x0 c:/altera/13.0/nios2eds/bin/gnu/h-i686-mingw32/bin/../lib/gcc/nios2-elf/4.1.2/../../../../nios2-elf/lib\libc.a(lib_a-strlen.o)
 .data          0x08000744        0x0 c:/altera/13.0/nios2eds/bin/gnu/h-i686-mingw32/bin/../lib/gcc/nios2-elf/4.1.2/../../../../nios2-elf/lib\libc.a(lib_a-vfprintf.o)
 .data          0x08000744        0x0 c:/altera/13.0/nios2eds/bin/gnu/h-i686-mingw32/bin/../lib/gcc/nios2-elf/4.1.2/../../../../nios2-elf/lib\libc.a(lib_a-wsetup.o)
 .data          0x08000744        0x0 c:/altera/13.0/nios2eds/bin/gnu/h-i686-mingw32/bin/../lib/gcc/nios2-elf/4.1.2/../../../../nios2-elf/lib\libc.a(lib_a-dtoa.o)
 .data          0x08000744        0x0 c:/altera/13.0/nios2eds/bin/gnu/h-i686-mingw32/bin/../lib/gcc/nios2-elf/4.1.2/../../../../nios2-elf/lib\libc.a(lib_a-fflush.o)
 .data          0x08000744        0x0 c:/altera/13.0/nios2eds/bin/gnu/h-i686-mingw32/bin/../lib/gcc/nios2-elf/4.1.2/../../../../nios2-elf/lib\libc.a(lib_a-findfp.o)
 .data          0x08000744        0x0 c:/altera/13.0/nios2eds/bin/gnu/h-i686-mingw32/bin/../lib/gcc/nios2-elf/4.1.2/../../../../nios2-elf/lib\libc.a(lib_a-freer.o)
 .data          0x08000744        0x0 c:/altera/13.0/nios2eds/bin/gnu/h-i686-mingw32/bin/../lib/gcc/nios2-elf/4.1.2/../../../../nios2-elf/lib\libc.a(lib_a-fvwrite.o)
 .data          0x08000744        0x0 c:/altera/13.0/nios2eds/bin/gnu/h-i686-mingw32/bin/../lib/gcc/nios2-elf/4.1.2/../../../../nios2-elf/lib\libc.a(lib_a-fwalk.o)
 .data          0x08000744      0x400 c:/altera/13.0/nios2eds/bin/gnu/h-i686-mingw32/bin/../lib/gcc/nios2-elf/4.1.2/../../../../nios2-elf/lib\libc.a(lib_a-impure.o)
 .data          0x08000b44        0xc c:/altera/13.0/nios2eds/bin/gnu/h-i686-mingw32/bin/../lib/gcc/nios2-elf/4.1.2/../../../../nios2-elf/lib\libc.a(lib_a-locale.o)
                0x08000b44                __lc_ctype
 .data          0x08000b50        0x0 c:/altera/13.0/nios2eds/bin/gnu/h-i686-mingw32/bin/../lib/gcc/nios2-elf/4.1.2/../../../../nios2-elf/lib\libc.a(lib_a-makebuf.o)
 .data          0x08000b50      0x408 c:/altera/13.0/nios2eds/bin/gnu/h-i686-mingw32/bin/../lib/gcc/nios2-elf/4.1.2/../../../../nios2-elf/lib\libc.a(lib_a-mallocr.o)
                0x08000b50                __malloc_av_
 .data          0x08000f58        0x0 c:/altera/13.0/nios2eds/bin/gnu/h-i686-mingw32/bin/../lib/gcc/nios2-elf/4.1.2/../../../../nios2-elf/lib\libc.a(lib_a-memchr.o)
 .data          0x08000f58        0x0 c:/altera/13.0/nios2eds/bin/gnu/h-i686-mingw32/bin/../lib/gcc/nios2-elf/4.1.2/../../../../nios2-elf/lib\libc.a(lib_a-memmove.o)
 .data          0x08000f58        0x0 c:/altera/13.0/nios2eds/bin/gnu/h-i686-mingw32/bin/../lib/gcc/nios2-elf/4.1.2/../../../../nios2-elf/lib\libc.a(lib_a-mprec.o)
 .data          0x08000f58        0x0 c:/altera/13.0/nios2eds/bin/gnu/h-i686-mingw32/bin/../lib/gcc/nios2-elf/4.1.2/../../../../nios2-elf/lib\libc.a(lib_a-reallocr.o)
 .data          0x08000f58        0x0 c:/altera/13.0/nios2eds/bin/gnu/h-i686-mingw32/bin/../lib/gcc/nios2-elf/4.1.2/../../../../nios2-elf/lib\libc.a(lib_a-s_isinfd.o)
 .data          0x08000f58        0x0 c:/altera/13.0/nios2eds/bin/gnu/h-i686-mingw32/bin/../lib/gcc/nios2-elf/4.1.2/../../../../nios2-elf/lib\libc.a(lib_a-s_isnand.o)
 .data          0x08000f58        0x0 c:/altera/13.0/nios2eds/bin/gnu/h-i686-mingw32/bin/../lib/gcc/nios2-elf/4.1.2/../../../../nios2-elf/lib\libc.a(lib_a-sbrkr.o)
 .data          0x08000f58        0x0 c:/altera/13.0/nios2eds/bin/gnu/h-i686-mingw32/bin/../lib/gcc/nios2-elf/4.1.2/../../../../nios2-elf/lib\libc.a(lib_a-stdio.o)
 .data          0x08000f58        0x0 c:/altera/13.0/nios2eds/bin/gnu/h-i686-mingw32/bin/../lib/gcc/nios2-elf/4.1.2/../../../../nios2-elf/lib\libc.a(lib_a-strcmp.o)
 .data          0x08000f58        0x0 c:/altera/13.0/nios2eds/bin/gnu/h-i686-mingw32/bin/../lib/gcc/nios2-elf/4.1.2/../../../../nios2-elf/lib\libc.a(lib_a-writer.o)
 .data          0x08000f58        0x0 c:/altera/13.0/nios2eds/bin/gnu/h-i686-mingw32/bin/../lib/gcc/nios2-elf/4.1.2/../../../../nios2-elf/lib\libc.a(lib_a-callocr.o)
 .data          0x08000f58        0x0 c:/altera/13.0/nios2eds/bin/gnu/h-i686-mingw32/bin/../lib/gcc/nios2-elf/4.1.2/../../../../nios2-elf/lib\libc.a(lib_a-closer.o)
 .data          0x08000f58        0x0 c:/altera/13.0/nios2eds/bin/gnu/h-i686-mingw32/bin/../lib/gcc/nios2-elf/4.1.2/../../../../nios2-elf/lib\libc.a(lib_a-fclose.o)
 .data          0x08000f58        0x0 c:/altera/13.0/nios2eds/bin/gnu/h-i686-mingw32/bin/../lib/gcc/nios2-elf/4.1.2/../../../../nios2-elf/lib\libc.a(lib_a-fstatr.o)
 .data          0x08000f58        0x0 c:/altera/13.0/nios2eds/bin/gnu/h-i686-mingw32/bin/../lib/gcc/nios2-elf/4.1.2/../../../../nios2-elf/lib\libc.a(lib_a-int_errno.o)
 .data          0x08000f58        0x0 c:/altera/13.0/nios2eds/bin/gnu/h-i686-mingw32/bin/../lib/gcc/nios2-elf/4.1.2/../../../../nios2-elf/lib\libc.a(lib_a-isattyr.o)
 .data          0x08000f58        0x0 c:/altera/13.0/nios2eds/bin/gnu/h-i686-mingw32/bin/../lib/gcc/nios2-elf/4.1.2/../../../../nios2-elf/lib\libc.a(lib_a-lseekr.o)
 .data          0x08000f58        0x0 c:/altera/13.0/nios2eds/bin/gnu/h-i686-mingw32/bin/../lib/gcc/nios2-elf/4.1.2/../../../../nios2-elf/lib\libc.a(lib_a-readr.o)
 .data          0x08000f58        0x0 c:/altera/13.0/nios2eds/bin/gnu/h-i686-mingw32/bin/../lib/gcc/nios2-elf/4.1.2\libgcc.a(_udivdi3.o)
 .data          0x08000f58        0x0 c:/altera/13.0/nios2eds/bin/gnu/h-i686-mingw32/bin/../lib/gcc/nios2-elf/4.1.2\libgcc.a(_umoddi3.o)
 .data          0x08000f58        0x0 c:/altera/13.0/nios2eds/bin/gnu/h-i686-mingw32/bin/../lib/gcc/nios2-elf/4.1.2\libgcc.a(_addsub_df.o)
 .data          0x08000f58        0x0 c:/altera/13.0/nios2eds/bin/gnu/h-i686-mingw32/bin/../lib/gcc/nios2-elf/4.1.2\libgcc.a(_mul_df.o)
 .data          0x08000f58        0x0 c:/altera/13.0/nios2eds/bin/gnu/h-i686-mingw32/bin/../lib/gcc/nios2-elf/4.1.2\libgcc.a(_div_df.o)
 .data          0x08000f58        0x0 c:/altera/13.0/nios2eds/bin/gnu/h-i686-mingw32/bin/../lib/gcc/nios2-elf/4.1.2\libgcc.a(_eq_df.o)
 .data          0x08000f58        0x0 c:/altera/13.0/nios2eds/bin/gnu/h-i686-mingw32/bin/../lib/gcc/nios2-elf/4.1.2\libgcc.a(_ne_df.o)
 .data          0x08000f58        0x0 c:/altera/13.0/nios2eds/bin/gnu/h-i686-mingw32/bin/../lib/gcc/nios2-elf/4.1.2\libgcc.a(_gt_df.o)
 .data          0x08000f58        0x0 c:/altera/13.0/nios2eds/bin/gnu/h-i686-mingw32/bin/../lib/gcc/nios2-elf/4.1.2\libgcc.a(_ge_df.o)
 .data          0x08000f58        0x0 c:/altera/13.0/nios2eds/bin/gnu/h-i686-mingw32/bin/../lib/gcc/nios2-elf/4.1.2\libgcc.a(_lt_df.o)
 .data          0x08000f58        0x0 c:/altera/13.0/nios2eds/bin/gnu/h-i686-mingw32/bin/../lib/gcc/nios2-elf/4.1.2\libgcc.a(_si_to_df.o)
 .data          0x08000f58        0x0 c:/altera/13.0/nios2eds/bin/gnu/h-i686-mingw32/bin/../lib/gcc/nios2-elf/4.1.2\libgcc.a(_df_to_si.o)
 .data          0x08000f58        0x0 c:/altera/13.0/nios2eds/bin/gnu/h-i686-mingw32/bin/../lib/gcc/nios2-elf/4.1.2\libgcc.a(_thenan_df.o)
 .data          0x08000f58        0x0 c:/altera/13.0/nios2eds/bin/gnu/h-i686-mingw32/bin/../lib/gcc/nios2-elf/4.1.2\libgcc.a(_usi_to_df.o)
 .data          0x08000f58        0x0 c:/altera/13.0/nios2eds/bin/gnu/h-i686-mingw32/bin/../lib/gcc/nios2-elf/4.1.2\libgcc.a(lib2-divmod.o)
 .data          0x08000f58        0x0 c:/altera/13.0/nios2eds/bin/gnu/h-i686-mingw32/bin/../lib/gcc/nios2-elf/4.1.2\libgcc.a(_muldi3.o)
 .data          0x08000f58        0x0 c:/altera/13.0/nios2eds/bin/gnu/h-i686-mingw32/bin/../lib/gcc/nios2-elf/4.1.2\libgcc.a(_clz.o)
 .data          0x08000f58        0x0 c:/altera/13.0/nios2eds/bin/gnu/h-i686-mingw32/bin/../lib/gcc/nios2-elf/4.1.2\libgcc.a(_clzsi2.o)
 .data          0x08000f58        0x0 c:/altera/13.0/nios2eds/bin/gnu/h-i686-mingw32/bin/../lib/gcc/nios2-elf/4.1.2\libgcc.a(_pack_df.o)
 .data          0x08000f58        0x0 c:/altera/13.0/nios2eds/bin/gnu/h-i686-mingw32/bin/../lib/gcc/nios2-elf/4.1.2\libgcc.a(_unpack_df.o)
 .data          0x08000f58        0x0 c:/altera/13.0/nios2eds/bin/gnu/h-i686-mingw32/bin/../lib/gcc/nios2-elf/4.1.2\libgcc.a(_fpcmp_parts_df.o)
 .data          0x08000f58        0x0 //files.auckland.ac.nz/myhome/Documents/GitHub/low-cost-frequency-relay/software/LCFR_bsp/\libhal_bsp.a(alt_close.o)
 .data          0x08000f58      0x1a8 //files.auckland.ac.nz/myhome/Documents/GitHub/low-cost-frequency-relay/software/LCFR_bsp/\libhal_bsp.a(alt_dev.o)
                0x08000f58                alt_dev_null
                0x08000f80                alt_fd_list
 .data          0x08001100        0x0 //files.auckland.ac.nz/myhome/Documents/GitHub/low-cost-frequency-relay/software/LCFR_bsp/\libhal_bsp.a(alt_errno.o)
 .data          0x08001100        0x0 //files.auckland.ac.nz/myhome/Documents/GitHub/low-cost-frequency-relay/software/LCFR_bsp/\libhal_bsp.a(alt_fstat.o)
 .data          0x08001100        0x0 //files.auckland.ac.nz/myhome/Documents/GitHub/low-cost-frequency-relay/software/LCFR_bsp/\libhal_bsp.a(alt_irq_handler.o)
 .data          0x08001100        0x0 //files.auckland.ac.nz/myhome/Documents/GitHub/low-cost-frequency-relay/software/LCFR_bsp/\libhal_bsp.a(alt_irq_vars.o)
 .data          0x08001100        0x0 //files.auckland.ac.nz/myhome/Documents/GitHub/low-cost-frequency-relay/software/LCFR_bsp/\libhal_bsp.a(alt_isatty.o)
 .data          0x08001100        0x0 //files.auckland.ac.nz/myhome/Documents/GitHub/low-cost-frequency-relay/software/LCFR_bsp/\libhal_bsp.a(alt_lseek.o)
 .data          0x08001100        0x0 //files.auckland.ac.nz/myhome/Documents/GitHub/low-cost-frequency-relay/software/LCFR_bsp/\libhal_bsp.a(alt_main.o)
 .data          0x08001100        0x0 //files.auckland.ac.nz/myhome/Documents/GitHub/low-cost-frequency-relay/software/LCFR_bsp/\libhal_bsp.a(alt_malloc_lock.o)
 .data          0x08001100        0x0 //files.auckland.ac.nz/myhome/Documents/GitHub/low-cost-frequency-relay/software/LCFR_bsp/\libhal_bsp.a(alt_read.o)
 .data          0x08001100        0x0 //files.auckland.ac.nz/myhome/Documents/GitHub/low-cost-frequency-relay/software/LCFR_bsp/\libhal_bsp.a(alt_release_fd.o)
 .data          0x08001100        0x0 //files.auckland.ac.nz/myhome/Documents/GitHub/low-cost-frequency-relay/software/LCFR_bsp/\libhal_bsp.a(alt_sbrk.o)
 .data          0x08001100        0x0 //files.auckland.ac.nz/myhome/Documents/GitHub/low-cost-frequency-relay/software/LCFR_bsp/\libhal_bsp.a(alt_write.o)
 .data          0x08001100     0x13f0 //files.auckland.ac.nz/myhome/Documents/GitHub/low-cost-frequency-relay/software/LCFR_bsp/\libhal_bsp.a(alt_sys_init.o)
 .data          0x080024f0        0x0 //files.auckland.ac.nz/myhome/Documents/GitHub/low-cost-frequency-relay/software/LCFR_bsp/\libhal_bsp.a(altera_avalon_cfi_flash.o)
 .data          0x080024f0        0x0 //files.auckland.ac.nz/myhome/Documents/GitHub/low-cost-frequency-relay/software/LCFR_bsp/\libhal_bsp.a(altera_avalon_cfi_flash_table.o)
 .data          0x080024f0        0x0 //files.auckland.ac.nz/myhome/Documents/GitHub/low-cost-frequency-relay/software/LCFR_bsp/\libhal_bsp.a(altera_avalon_jtag_uart_fd.o)
 .data          0x080024f0        0x0 //files.auckland.ac.nz/myhome/Documents/GitHub/low-cost-frequency-relay/software/LCFR_bsp/\libhal_bsp.a(altera_avalon_jtag_uart_init.o)
 .data          0x080024f0        0x0 //files.auckland.ac.nz/myhome/Documents/GitHub/low-cost-frequency-relay/software/LCFR_bsp/\libhal_bsp.a(altera_avalon_jtag_uart_ioctl.o)
 .data          0x080024f0        0x0 //files.auckland.ac.nz/myhome/Documents/GitHub/low-cost-frequency-relay/software/LCFR_bsp/\libhal_bsp.a(altera_avalon_jtag_uart_read.o)
 .data          0x080024f0        0x0 //files.auckland.ac.nz/myhome/Documents/GitHub/low-cost-frequency-relay/software/LCFR_bsp/\libhal_bsp.a(altera_avalon_jtag_uart_write.o)
 .data          0x080024f0        0x0 //files.auckland.ac.nz/myhome/Documents/GitHub/low-cost-frequency-relay/software/LCFR_bsp/\libhal_bsp.a(altera_avalon_lcd_16207.o)
 .data          0x080024f0        0x0 //files.auckland.ac.nz/myhome/Documents/GitHub/low-cost-frequency-relay/software/LCFR_bsp/\libhal_bsp.a(altera_avalon_lcd_16207_fd.o)
 .data          0x080024f0        0x0 //files.auckland.ac.nz/myhome/Documents/GitHub/low-cost-frequency-relay/software/LCFR_bsp/\libhal_bsp.a(altera_avalon_timer_sc.o)
 .data          0x080024f0        0x0 //files.auckland.ac.nz/myhome/Documents/GitHub/low-cost-frequency-relay/software/LCFR_bsp/\libhal_bsp.a(altera_avalon_uart_fd.o)
 .data          0x080024f0        0x0 //files.auckland.ac.nz/myhome/Documents/GitHub/low-cost-frequency-relay/software/LCFR_bsp/\libhal_bsp.a(altera_avalon_uart_init.o)
 .data          0x080024f0        0x0 //files.auckland.ac.nz/myhome/Documents/GitHub/low-cost-frequency-relay/software/LCFR_bsp/\libhal_bsp.a(altera_avalon_uart_read.o)
 .data          0x080024f0        0x0 //files.auckland.ac.nz/myhome/Documents/GitHub/low-cost-frequency-relay/software/LCFR_bsp/\libhal_bsp.a(altera_avalon_uart_write.o)
 .data          0x080024f0        0x0 //files.auckland.ac.nz/myhome/Documents/GitHub/low-cost-frequency-relay/software/LCFR_bsp/\libhal_bsp.a(altera_up_avalon_ps2.o)
 .data          0x080024f0        0x0 //files.auckland.ac.nz/myhome/Documents/GitHub/low-cost-frequency-relay/software/LCFR_bsp/\libhal_bsp.a(altera_up_avalon_video_character_buffer_with_dma.o)
 .data          0x080024f0        0x0 //files.auckland.ac.nz/myhome/Documents/GitHub/low-cost-frequency-relay/software/LCFR_bsp/\libhal_bsp.a(alt_alarm_start.o)
 .data          0x080024f0        0x0 //files.auckland.ac.nz/myhome/Documents/GitHub/low-cost-frequency-relay/software/LCFR_bsp/\libhal_bsp.a(alt_dcache_flush.o)
 .data          0x080024f0        0x0 //files.auckland.ac.nz/myhome/Documents/GitHub/low-cost-frequency-relay/software/LCFR_bsp/\libhal_bsp.a(alt_dev_llist_insert.o)
 .data          0x080024f0        0x0 //files.auckland.ac.nz/myhome/Documents/GitHub/low-cost-frequency-relay/software/LCFR_bsp/\libhal_bsp.a(alt_do_ctors.o)
 .data          0x080024f0        0x0 //files.auckland.ac.nz/myhome/Documents/GitHub/low-cost-frequency-relay/software/LCFR_bsp/\libhal_bsp.a(alt_do_dtors.o)
 .data          0x080024f0        0x0 //files.auckland.ac.nz/myhome/Documents/GitHub/low-cost-frequency-relay/software/LCFR_bsp/\libhal_bsp.a(alt_find_dev.o)
 .data          0x080024f0        0x0 //files.auckland.ac.nz/myhome/Documents/GitHub/low-cost-frequency-relay/software/LCFR_bsp/\libhal_bsp.a(alt_flash_dev.o)
 .data          0x080024f0        0x0 //files.auckland.ac.nz/myhome/Documents/GitHub/low-cost-frequency-relay/software/LCFR_bsp/\libhal_bsp.a(alt_io_redirect.o)
 .data          0x080024f0        0x0 //files.auckland.ac.nz/myhome/Documents/GitHub/low-cost-frequency-relay/software/LCFR_bsp/\libhal_bsp.a(alt_open.o)
 .data          0x080024f0        0x0 //files.auckland.ac.nz/myhome/Documents/GitHub/low-cost-frequency-relay/software/LCFR_bsp/\libhal_bsp.a(alt_tick.o)
 .data          0x080024f0        0x0 //files.auckland.ac.nz/myhome/Documents/GitHub/low-cost-frequency-relay/software/LCFR_bsp/\libhal_bsp.a(alt_usleep.o)
 .data          0x080024f0        0x0 //files.auckland.ac.nz/myhome/Documents/GitHub/low-cost-frequency-relay/software/LCFR_bsp/\libhal_bsp.a(altera_nios2_qsys_irq.o)
 .data          0x080024f0        0x0 //files.auckland.ac.nz/myhome/Documents/GitHub/low-cost-frequency-relay/software/LCFR_bsp/\libhal_bsp.a(altera_avalon_cfi_flash_amd.o)
 .data          0x080024f0        0x0 //files.auckland.ac.nz/myhome/Documents/GitHub/low-cost-frequency-relay/software/LCFR_bsp/\libhal_bsp.a(altera_avalon_cfi_flash_intel.o)
 .data          0x080024f0        0x0 //files.auckland.ac.nz/myhome/Documents/GitHub/low-cost-frequency-relay/software/LCFR_bsp/\libhal_bsp.a(alt_busy_sleep.o)
 .data          0x080024f0        0x0 //files.auckland.ac.nz/myhome/Documents/GitHub/low-cost-frequency-relay/software/LCFR_bsp/\libhal_bsp.a(alt_find_file.o)
 .data          0x080024f0        0x0 //files.auckland.ac.nz/myhome/Documents/GitHub/low-cost-frequency-relay/software/LCFR_bsp/\libhal_bsp.a(alt_get_fd.o)
 .data          0x080024f0        0x0 c:/altera/13.0/nios2eds/bin/gnu/h-i686-mingw32/bin/../lib/gcc/nios2-elf/4.1.2/../../../../nios2-elf/lib\libc.a(lib_a-atexit.o)
 .data          0x080024f0        0x0 c:/altera/13.0/nios2eds/bin/gnu/h-i686-mingw32/bin/../lib/gcc/nios2-elf/4.1.2/../../../../nios2-elf/lib\libc.a(lib_a-ctype_.o)
 .data          0x080024f0        0x0 c:/altera/13.0/nios2eds/bin/gnu/h-i686-mingw32/bin/../lib/gcc/nios2-elf/4.1.2/../../../../nios2-elf/lib\libc.a(lib_a-exit.o)
 .data          0x080024f0        0x0 c:/altera/13.0/nios2eds/bin/gnu/h-i686-mingw32/bin/../lib/gcc/nios2-elf/4.1.2/../../../../nios2-elf/lib\libc.a(lib_a-__atexit.o)
 .data          0x080024f0        0x0 c:/altera/13.0/nios2eds/bin/gnu/h-i686-mingw32/bin/../lib/gcc/nios2-elf/4.1.2/../../../../nios2-elf/lib\libc.a(lib_a-__call_atexit.o)
 .data          0x080024f0        0x0 //files.auckland.ac.nz/myhome/Documents/GitHub/low-cost-frequency-relay/software/LCFR_bsp/\libhal_bsp.a(alt_exit.o)
                0x0800a4f0                _gp = ABSOLUTE ((. + 0x8000))
                0x0800a4f0                PROVIDE (gp, _gp)
 *(.rwdata .rwdata.*)
 *(.sdata .sdata.* .gnu.linkonce.s.*)
 .sdata         0x080024f0        0xc obj/default/./FreeRTOS/heap.o
 .sdata         0x080024fc        0x4 obj/default/./FreeRTOS/tasks.o
 .sdata         0x08002500        0x8 c:/altera/13.0/nios2eds/bin/gnu/h-i686-mingw32/bin/../lib/gcc/nios2-elf/4.1.2/../../../../nios2-elf/lib\libc.a(lib_a-impure.o)
                0x08002500                _impure_ptr
                0x08002504                _global_impure_ptr
 .sdata         0x08002508        0x8 c:/altera/13.0/nios2eds/bin/gnu/h-i686-mingw32/bin/../lib/gcc/nios2-elf/4.1.2/../../../../nios2-elf/lib\libc.a(lib_a-locale.o)
                0x08002508                __mb_cur_max
 .sdata         0x08002510        0x8 c:/altera/13.0/nios2eds/bin/gnu/h-i686-mingw32/bin/../lib/gcc/nios2-elf/4.1.2/../../../../nios2-elf/lib\libc.a(lib_a-mallocr.o)
                0x08002510                __malloc_trim_threshold
                0x08002514                __malloc_sbrk_base
 .sdata         0x08002518       0x14 //files.auckland.ac.nz/myhome/Documents/GitHub/low-cost-frequency-relay/software/LCFR_bsp/\libhal_bsp.a(alt_dev.o)
                0x08002518                alt_fs_list
                0x08002520                alt_dev_list
                0x08002528                alt_max_fd
 .sdata         0x0800252c        0x4 //files.auckland.ac.nz/myhome/Documents/GitHub/low-cost-frequency-relay/software/LCFR_bsp/\libhal_bsp.a(alt_errno.o)
                0x0800252c                alt_errno
 .sdata         0x08002530        0x4 //files.auckland.ac.nz/myhome/Documents/GitHub/low-cost-frequency-relay/software/LCFR_bsp/\libhal_bsp.a(alt_irq_vars.o)
                0x08002530                alt_priority_mask
 .sdata         0x08002534        0x4 //files.auckland.ac.nz/myhome/Documents/GitHub/low-cost-frequency-relay/software/LCFR_bsp/\libhal_bsp.a(alt_sbrk.o)
 .sdata         0x08002538        0x4 //files.auckland.ac.nz/myhome/Documents/GitHub/low-cost-frequency-relay/software/LCFR_bsp/\libhal_bsp.a(altera_avalon_lcd_16207.o)
 .sdata         0x0800253c        0x8 //files.auckland.ac.nz/myhome/Documents/GitHub/low-cost-frequency-relay/software/LCFR_bsp/\libhal_bsp.a(alt_flash_dev.o)
                0x0800253c                alt_flash_dev_list
 .sdata         0x08002544        0x8 //files.auckland.ac.nz/myhome/Documents/GitHub/low-cost-frequency-relay/software/LCFR_bsp/\libhal_bsp.a(alt_tick.o)
                0x08002544                alt_alarm_list
 .sdata         0x0800254c        0x4 c:/altera/13.0/nios2eds/bin/gnu/h-i686-mingw32/bin/../lib/gcc/nios2-elf/4.1.2/../../../../nios2-elf/lib\libc.a(lib_a-ctype_.o)
                0x0800254c                __ctype_ptr
 *(.sdata2 .sdata2.* .gnu.linkonce.s2.*)
                0x08002550                . = ALIGN (0x4)
                0x08002550                _edata = ABSOLUTE (.)
                0x08002550                PROVIDE (edata, ABSOLUTE (.))
                0x08002550                PROVIDE (__ram_rwdata_end, ABSOLUTE (.))
                0x08000744                PROVIDE (__flash_rwdata_start, LOADADDR (.rwdata))

.bss            0x08002550    0x7d528
                0x08002550                __bss_start = ABSOLUTE (.)
                0x08002550                PROVIDE (__sbss_start, ABSOLUTE (.))
                0x08002550                PROVIDE (___sbss_start, ABSOLUTE (.))
 *(.dynsbss)
 *(.sbss .sbss.* .gnu.linkonce.sb.*)
 .sbss          0x08002550       0x1c obj/default/./FreeRTOS/croutine.o
                0x08002550                pxCurrentCoRoutine
 .sbss          0x0800256c        0xc obj/default/./FreeRTOS/heap.o
 .sbss          0x08002578       0x34 obj/default/./FreeRTOS/tasks.o
                0x08002578                pxCurrentTCB
 .sbss          0x080025ac       0x10 obj/default/./FreeRTOS/timers.o
 .sbss          0x080025bc        0x4 obj/default/./freertos_semaphore.o
                0x080025bc                maintenance_sem
 .sbss          0x080025c0        0xc c:/altera/13.0/nios2eds/bin/gnu/h-i686-mingw32/bin/../lib/gcc/nios2-elf/4.1.2/../../../../nios2-elf/lib\libc.a(lib_a-locale.o)
                0x080025c0                __nlocale_changed
                0x080025c4                __mlocale_changed
                0x080025c8                _PathLocale
 .sbss          0x080025cc        0xc c:/altera/13.0/nios2eds/bin/gnu/h-i686-mingw32/bin/../lib/gcc/nios2-elf/4.1.2/../../../../nios2-elf/lib\libc.a(lib_a-mallocr.o)
                0x080025cc                __malloc_top_pad
                0x080025d0                __malloc_max_sbrked_mem
                0x080025d4                __malloc_max_total_mem
 .sbss          0x080025d8        0x4 c:/altera/13.0/nios2eds/bin/gnu/h-i686-mingw32/bin/../lib/gcc/nios2-elf/4.1.2/../../../../nios2-elf/lib\libc.a(lib_a-int_errno.o)
                0x080025d8                errno
 .sbss          0x080025dc        0x4 //files.auckland.ac.nz/myhome/Documents/GitHub/low-cost-frequency-relay/software/LCFR_bsp/\libhal_bsp.a(alt_irq_vars.o)
                0x080025dc                alt_irq_active
 .sbss          0x080025e0        0xc //files.auckland.ac.nz/myhome/Documents/GitHub/low-cost-frequency-relay/software/LCFR_bsp/\libhal_bsp.a(alt_main.o)
                0x080025e0                alt_argc
                0x080025e4                alt_argv
                0x080025e8                alt_envp
 .sbss          0x080025ec        0x8 //files.auckland.ac.nz/myhome/Documents/GitHub/low-cost-frequency-relay/software/LCFR_bsp/\libhal_bsp.a(alt_tick.o)
                0x080025ec                _alt_tick_rate
                0x080025f0                _alt_nticks
 *(.sbss2 .sbss2.* .gnu.linkonce.sb2.*)
 *(.scommon)
                0x080025f4                PROVIDE (__sbss_end, ABSOLUTE (.))
                0x080025f4                PROVIDE (___sbss_end, ABSOLUTE (.))
 *(.dynbss)
 *(.bss .bss.* .gnu.linkonce.b.*)
 .bss           0x080025f4        0x0 //files.auckland.ac.nz/myhome/Documents/GitHub/low-cost-frequency-relay/software/LCFR_bsp//obj/HAL/src/crt0.o
 .bss           0x080025f4       0x64 obj/default/./FreeRTOS/croutine.o
 .bss           0x08002658        0x0 obj/default/./FreeRTOS/event_groups.o
 .bss           0x08002658    0x7d000 obj/default/./FreeRTOS/heap.o
 .bss           0x0807f658        0x0 obj/default/./FreeRTOS/list.o
 .bss           0x0807f658        0x0 obj/default/./FreeRTOS/port.o
 .bss           0x0807f658        0x0 obj/default/./FreeRTOS/queue.o
 .bss           0x0807f658      0x140 obj/default/./FreeRTOS/tasks.o
 .bss           0x0807f798       0x28 obj/default/./FreeRTOS/timers.o
 .bss           0x0807f7c0        0x0 obj/default/./freertos_semaphore.o
 .bss           0x0807f7c0        0x0 obj/default/./FreeRTOS/port_asm.o
 .bss           0x0807f7c0        0x0 c:/altera/13.0/nios2eds/bin/gnu/h-i686-mingw32/bin/../lib/gcc/nios2-elf/4.1.2/../../../../nios2-elf/lib\libc.a(lib_a-memcmp.o)
 .bss           0x0807f7c0        0x0 c:/altera/13.0/nios2eds/bin/gnu/h-i686-mingw32/bin/../lib/gcc/nios2-elf/4.1.2/../../../../nios2-elf/lib\libc.a(lib_a-memcpy.o)
 .bss           0x0807f7c0        0x0 c:/altera/13.0/nios2eds/bin/gnu/h-i686-mingw32/bin/../lib/gcc/nios2-elf/4.1.2/../../../../nios2-elf/lib\libc.a(lib_a-memset.o)
 .bss           0x0807f7c0        0x0 c:/altera/13.0/nios2eds/bin/gnu/h-i686-mingw32/bin/../lib/gcc/nios2-elf/4.1.2/../../../../nios2-elf/lib\libc.a(lib_a-printf.o)
 .bss           0x0807f7c0        0x0 c:/altera/13.0/nios2eds/bin/gnu/h-i686-mingw32/bin/../lib/gcc/nios2-elf/4.1.2/../../../../nios2-elf/lib\libc.a(lib_a-puts.o)
 .bss           0x0807f7c0        0x0 c:/altera/13.0/nios2eds/bin/gnu/h-i686-mingw32/bin/../lib/gcc/nios2-elf/4.1.2/../../../../nios2-elf/lib\libc.a(lib_a-strlen.o)
 .bss           0x0807f7c0        0x0 c:/altera/13.0/nios2eds/bin/gnu/h-i686-mingw32/bin/../lib/gcc/nios2-elf/4.1.2/../../../../nios2-elf/lib\libc.a(lib_a-vfprintf.o)
 .bss           0x0807f7c0        0x0 c:/altera/13.0/nios2eds/bin/gnu/h-i686-mingw32/bin/../lib/gcc/nios2-elf/4.1.2/../../../../nios2-elf/lib\libc.a(lib_a-wsetup.o)
 .bss           0x0807f7c0        0x0 c:/altera/13.0/nios2eds/bin/gnu/h-i686-mingw32/bin/../lib/gcc/nios2-elf/4.1.2/../../../../nios2-elf/lib\libc.a(lib_a-dtoa.o)
 .bss           0x0807f7c0        0x0 c:/altera/13.0/nios2eds/bin/gnu/h-i686-mingw32/bin/../lib/gcc/nios2-elf/4.1.2/../../../../nios2-elf/lib\libc.a(lib_a-fflush.o)
 .bss           0x0807f7c0        0x0 c:/altera/13.0/nios2eds/bin/gnu/h-i686-mingw32/bin/../lib/gcc/nios2-elf/4.1.2/../../../../nios2-elf/lib\libc.a(lib_a-findfp.o)
 .bss           0x0807f7c0        0x0 c:/altera/13.0/nios2eds/bin/gnu/h-i686-mingw32/bin/../lib/gcc/nios2-elf/4.1.2/../../../../nios2-elf/lib\libc.a(lib_a-freer.o)
 .bss           0x0807f7c0        0x0 c:/altera/13.0/nios2eds/bin/gnu/h-i686-mingw32/bin/../lib/gcc/nios2-elf/4.1.2/../../../../nios2-elf/lib\libc.a(lib_a-fvwrite.o)
 .bss           0x0807f7c0        0x0 c:/altera/13.0/nios2eds/bin/gnu/h-i686-mingw32/bin/../lib/gcc/nios2-elf/4.1.2/../../../../nios2-elf/lib\libc.a(lib_a-fwalk.o)
 .bss           0x0807f7c0        0x0 c:/altera/13.0/nios2eds/bin/gnu/h-i686-mingw32/bin/../lib/gcc/nios2-elf/4.1.2/../../../../nios2-elf/lib\libc.a(lib_a-impure.o)
 .bss           0x0807f7c0        0x0 c:/altera/13.0/nios2eds/bin/gnu/h-i686-mingw32/bin/../lib/gcc/nios2-elf/4.1.2/../../../../nios2-elf/lib\libc.a(lib_a-locale.o)
 .bss           0x0807f7c0        0x0 c:/altera/13.0/nios2eds/bin/gnu/h-i686-mingw32/bin/../lib/gcc/nios2-elf/4.1.2/../../../../nios2-elf/lib\libc.a(lib_a-makebuf.o)
 .bss           0x0807f7c0       0x28 c:/altera/13.0/nios2eds/bin/gnu/h-i686-mingw32/bin/../lib/gcc/nios2-elf/4.1.2/../../../../nios2-elf/lib\libc.a(lib_a-mallocr.o)
                0x0807f7c0                __malloc_current_mallinfo
 .bss           0x0807f7e8        0x0 c:/altera/13.0/nios2eds/bin/gnu/h-i686-mingw32/bin/../lib/gcc/nios2-elf/4.1.2/../../../../nios2-elf/lib\libc.a(lib_a-memchr.o)
 .bss           0x0807f7e8        0x0 c:/altera/13.0/nios2eds/bin/gnu/h-i686-mingw32/bin/../lib/gcc/nios2-elf/4.1.2/../../../../nios2-elf/lib\libc.a(lib_a-memmove.o)
 .bss           0x0807f7e8        0x0 c:/altera/13.0/nios2eds/bin/gnu/h-i686-mingw32/bin/../lib/gcc/nios2-elf/4.1.2/../../../../nios2-elf/lib\libc.a(lib_a-mprec.o)
 .bss           0x0807f7e8        0x0 c:/altera/13.0/nios2eds/bin/gnu/h-i686-mingw32/bin/../lib/gcc/nios2-elf/4.1.2/../../../../nios2-elf/lib\libc.a(lib_a-reallocr.o)
 .bss           0x0807f7e8        0x0 c:/altera/13.0/nios2eds/bin/gnu/h-i686-mingw32/bin/../lib/gcc/nios2-elf/4.1.2/../../../../nios2-elf/lib\libc.a(lib_a-s_isinfd.o)
 .bss           0x0807f7e8        0x0 c:/altera/13.0/nios2eds/bin/gnu/h-i686-mingw32/bin/../lib/gcc/nios2-elf/4.1.2/../../../../nios2-elf/lib\libc.a(lib_a-s_isnand.o)
 .bss           0x0807f7e8        0x0 c:/altera/13.0/nios2eds/bin/gnu/h-i686-mingw32/bin/../lib/gcc/nios2-elf/4.1.2/../../../../nios2-elf/lib\libc.a(lib_a-sbrkr.o)
 .bss           0x0807f7e8        0x0 c:/altera/13.0/nios2eds/bin/gnu/h-i686-mingw32/bin/../lib/gcc/nios2-elf/4.1.2/../../../../nios2-elf/lib\libc.a(lib_a-stdio.o)
 .bss           0x0807f7e8        0x0 c:/altera/13.0/nios2eds/bin/gnu/h-i686-mingw32/bin/../lib/gcc/nios2-elf/4.1.2/../../../../nios2-elf/lib\libc.a(lib_a-strcmp.o)
 .bss           0x0807f7e8        0x0 c:/altera/13.0/nios2eds/bin/gnu/h-i686-mingw32/bin/../lib/gcc/nios2-elf/4.1.2/../../../../nios2-elf/lib\libc.a(lib_a-writer.o)
 .bss           0x0807f7e8        0x0 c:/altera/13.0/nios2eds/bin/gnu/h-i686-mingw32/bin/../lib/gcc/nios2-elf/4.1.2/../../../../nios2-elf/lib\libc.a(lib_a-callocr.o)
 .bss           0x0807f7e8        0x0 c:/altera/13.0/nios2eds/bin/gnu/h-i686-mingw32/bin/../lib/gcc/nios2-elf/4.1.2/../../../../nios2-elf/lib\libc.a(lib_a-closer.o)
 .bss           0x0807f7e8        0x0 c:/altera/13.0/nios2eds/bin/gnu/h-i686-mingw32/bin/../lib/gcc/nios2-elf/4.1.2/../../../../nios2-elf/lib\libc.a(lib_a-fclose.o)
 .bss           0x0807f7e8        0x0 c:/altera/13.0/nios2eds/bin/gnu/h-i686-mingw32/bin/../lib/gcc/nios2-elf/4.1.2/../../../../nios2-elf/lib\libc.a(lib_a-fstatr.o)
 .bss           0x0807f7e8        0x0 c:/altera/13.0/nios2eds/bin/gnu/h-i686-mingw32/bin/../lib/gcc/nios2-elf/4.1.2/../../../../nios2-elf/lib\libc.a(lib_a-int_errno.o)
 .bss           0x0807f7e8        0x0 c:/altera/13.0/nios2eds/bin/gnu/h-i686-mingw32/bin/../lib/gcc/nios2-elf/4.1.2/../../../../nios2-elf/lib\libc.a(lib_a-isattyr.o)
 .bss           0x0807f7e8        0x0 c:/altera/13.0/nios2eds/bin/gnu/h-i686-mingw32/bin/../lib/gcc/nios2-elf/4.1.2/../../../../nios2-elf/lib\libc.a(lib_a-lseekr.o)
 .bss           0x0807f7e8        0x0 c:/altera/13.0/nios2eds/bin/gnu/h-i686-mingw32/bin/../lib/gcc/nios2-elf/4.1.2/../../../../nios2-elf/lib\libc.a(lib_a-readr.o)
 .bss           0x0807f7e8        0x0 c:/altera/13.0/nios2eds/bin/gnu/h-i686-mingw32/bin/../lib/gcc/nios2-elf/4.1.2\libgcc.a(_udivdi3.o)
 .bss           0x0807f7e8        0x0 c:/altera/13.0/nios2eds/bin/gnu/h-i686-mingw32/bin/../lib/gcc/nios2-elf/4.1.2\libgcc.a(_umoddi3.o)
 .bss           0x0807f7e8        0x0 c:/altera/13.0/nios2eds/bin/gnu/h-i686-mingw32/bin/../lib/gcc/nios2-elf/4.1.2\libgcc.a(_addsub_df.o)
 .bss           0x0807f7e8        0x0 c:/altera/13.0/nios2eds/bin/gnu/h-i686-mingw32/bin/../lib/gcc/nios2-elf/4.1.2\libgcc.a(_mul_df.o)
 .bss           0x0807f7e8        0x0 c:/altera/13.0/nios2eds/bin/gnu/h-i686-mingw32/bin/../lib/gcc/nios2-elf/4.1.2\libgcc.a(_div_df.o)
 .bss           0x0807f7e8        0x0 c:/altera/13.0/nios2eds/bin/gnu/h-i686-mingw32/bin/../lib/gcc/nios2-elf/4.1.2\libgcc.a(_eq_df.o)
 .bss           0x0807f7e8        0x0 c:/altera/13.0/nios2eds/bin/gnu/h-i686-mingw32/bin/../lib/gcc/nios2-elf/4.1.2\libgcc.a(_ne_df.o)
 .bss           0x0807f7e8        0x0 c:/altera/13.0/nios2eds/bin/gnu/h-i686-mingw32/bin/../lib/gcc/nios2-elf/4.1.2\libgcc.a(_gt_df.o)
 .bss           0x0807f7e8        0x0 c:/altera/13.0/nios2eds/bin/gnu/h-i686-mingw32/bin/../lib/gcc/nios2-elf/4.1.2\libgcc.a(_ge_df.o)
 .bss           0x0807f7e8        0x0 c:/altera/13.0/nios2eds/bin/gnu/h-i686-mingw32/bin/../lib/gcc/nios2-elf/4.1.2\libgcc.a(_lt_df.o)
 .bss           0x0807f7e8        0x0 c:/altera/13.0/nios2eds/bin/gnu/h-i686-mingw32/bin/../lib/gcc/nios2-elf/4.1.2\libgcc.a(_si_to_df.o)
 .bss           0x0807f7e8        0x0 c:/altera/13.0/nios2eds/bin/gnu/h-i686-mingw32/bin/../lib/gcc/nios2-elf/4.1.2\libgcc.a(_df_to_si.o)
 .bss           0x0807f7e8        0x0 c:/altera/13.0/nios2eds/bin/gnu/h-i686-mingw32/bin/../lib/gcc/nios2-elf/4.1.2\libgcc.a(_thenan_df.o)
 .bss           0x0807f7e8        0x0 c:/altera/13.0/nios2eds/bin/gnu/h-i686-mingw32/bin/../lib/gcc/nios2-elf/4.1.2\libgcc.a(_usi_to_df.o)
 .bss           0x0807f7e8        0x0 c:/altera/13.0/nios2eds/bin/gnu/h-i686-mingw32/bin/../lib/gcc/nios2-elf/4.1.2\libgcc.a(lib2-divmod.o)
 .bss           0x0807f7e8        0x0 c:/altera/13.0/nios2eds/bin/gnu/h-i686-mingw32/bin/../lib/gcc/nios2-elf/4.1.2\libgcc.a(_muldi3.o)
 .bss           0x0807f7e8        0x0 c:/altera/13.0/nios2eds/bin/gnu/h-i686-mingw32/bin/../lib/gcc/nios2-elf/4.1.2\libgcc.a(_clz.o)
 .bss           0x0807f7e8        0x0 c:/altera/13.0/nios2eds/bin/gnu/h-i686-mingw32/bin/../lib/gcc/nios2-elf/4.1.2\libgcc.a(_clzsi2.o)
 .bss           0x0807f7e8        0x0 c:/altera/13.0/nios2eds/bin/gnu/h-i686-mingw32/bin/../lib/gcc/nios2-elf/4.1.2\libgcc.a(_pack_df.o)
 .bss           0x0807f7e8        0x0 c:/altera/13.0/nios2eds/bin/gnu/h-i686-mingw32/bin/../lib/gcc/nios2-elf/4.1.2\libgcc.a(_unpack_df.o)
 .bss           0x0807f7e8        0x0 c:/altera/13.0/nios2eds/bin/gnu/h-i686-mingw32/bin/../lib/gcc/nios2-elf/4.1.2\libgcc.a(_fpcmp_parts_df.o)
 .bss           0x0807f7e8        0x0 //files.auckland.ac.nz/myhome/Documents/GitHub/low-cost-frequency-relay/software/LCFR_bsp/\libhal_bsp.a(alt_close.o)
 .bss           0x0807f7e8        0x0 //files.auckland.ac.nz/myhome/Documents/GitHub/low-cost-frequency-relay/software/LCFR_bsp/\libhal_bsp.a(alt_dev.o)
 .bss           0x0807f7e8        0x0 //files.auckland.ac.nz/myhome/Documents/GitHub/low-cost-frequency-relay/software/LCFR_bsp/\libhal_bsp.a(alt_errno.o)
 .bss           0x0807f7e8        0x0 //files.auckland.ac.nz/myhome/Documents/GitHub/low-cost-frequency-relay/software/LCFR_bsp/\libhal_bsp.a(alt_fstat.o)
 .bss           0x0807f7e8        0x0 //files.auckland.ac.nz/myhome/Documents/GitHub/low-cost-frequency-relay/software/LCFR_bsp/\libhal_bsp.a(alt_irq_handler.o)
 .bss           0x0807f7e8        0x0 //files.auckland.ac.nz/myhome/Documents/GitHub/low-cost-frequency-relay/software/LCFR_bsp/\libhal_bsp.a(alt_irq_vars.o)
 .bss           0x0807f7e8        0x0 //files.auckland.ac.nz/myhome/Documents/GitHub/low-cost-frequency-relay/software/LCFR_bsp/\libhal_bsp.a(alt_isatty.o)
 .bss           0x0807f7e8        0x0 //files.auckland.ac.nz/myhome/Documents/GitHub/low-cost-frequency-relay/software/LCFR_bsp/\libhal_bsp.a(alt_lseek.o)
 .bss           0x0807f7e8        0x0 //files.auckland.ac.nz/myhome/Documents/GitHub/low-cost-frequency-relay/software/LCFR_bsp/\libhal_bsp.a(alt_main.o)
 .bss           0x0807f7e8        0x0 //files.auckland.ac.nz/myhome/Documents/GitHub/low-cost-frequency-relay/software/LCFR_bsp/\libhal_bsp.a(alt_malloc_lock.o)
 .bss           0x0807f7e8        0x0 //files.auckland.ac.nz/myhome/Documents/GitHub/low-cost-frequency-relay/software/LCFR_bsp/\libhal_bsp.a(alt_read.o)
 .bss           0x0807f7e8        0x0 //files.auckland.ac.nz/myhome/Documents/GitHub/low-cost-frequency-relay/software/LCFR_bsp/\libhal_bsp.a(alt_release_fd.o)
 .bss           0x0807f7e8        0x0 //files.auckland.ac.nz/myhome/Documents/GitHub/low-cost-frequency-relay/software/LCFR_bsp/\libhal_bsp.a(alt_sbrk.o)
 .bss           0x0807f7e8        0x0 //files.auckland.ac.nz/myhome/Documents/GitHub/low-cost-frequency-relay/software/LCFR_bsp/\libhal_bsp.a(alt_write.o)
 .bss           0x0807f7e8        0x0 //files.auckland.ac.nz/myhome/Documents/GitHub/low-cost-frequency-relay/software/LCFR_bsp/\libhal_bsp.a(alt_sys_init.o)
 .bss           0x0807f7e8        0x0 //files.auckland.ac.nz/myhome/Documents/GitHub/low-cost-frequency-relay/software/LCFR_bsp/\libhal_bsp.a(altera_avalon_cfi_flash.o)
 .bss           0x0807f7e8        0x0 //files.auckland.ac.nz/myhome/Documents/GitHub/low-cost-frequency-relay/software/LCFR_bsp/\libhal_bsp.a(altera_avalon_cfi_flash_table.o)
 .bss           0x0807f7e8        0x0 //files.auckland.ac.nz/myhome/Documents/GitHub/low-cost-frequency-relay/software/LCFR_bsp/\libhal_bsp.a(altera_avalon_jtag_uart_fd.o)
 .bss           0x0807f7e8        0x0 //files.auckland.ac.nz/myhome/Documents/GitHub/low-cost-frequency-relay/software/LCFR_bsp/\libhal_bsp.a(altera_avalon_jtag_uart_init.o)
 .bss           0x0807f7e8        0x0 //files.auckland.ac.nz/myhome/Documents/GitHub/low-cost-frequency-relay/software/LCFR_bsp/\libhal_bsp.a(altera_avalon_jtag_uart_ioctl.o)
 .bss           0x0807f7e8        0x0 //files.auckland.ac.nz/myhome/Documents/GitHub/low-cost-frequency-relay/software/LCFR_bsp/\libhal_bsp.a(altera_avalon_jtag_uart_read.o)
 .bss           0x0807f7e8        0x0 //files.auckland.ac.nz/myhome/Documents/GitHub/low-cost-frequency-relay/software/LCFR_bsp/\libhal_bsp.a(altera_avalon_jtag_uart_write.o)
 .bss           0x0807f7e8        0x0 //files.auckland.ac.nz/myhome/Documents/GitHub/low-cost-frequency-relay/software/LCFR_bsp/\libhal_bsp.a(altera_avalon_lcd_16207.o)
 .bss           0x0807f7e8        0x0 //files.auckland.ac.nz/myhome/Documents/GitHub/low-cost-frequency-relay/software/LCFR_bsp/\libhal_bsp.a(altera_avalon_lcd_16207_fd.o)
 .bss           0x0807f7e8        0x0 //files.auckland.ac.nz/myhome/Documents/GitHub/low-cost-frequency-relay/software/LCFR_bsp/\libhal_bsp.a(altera_avalon_timer_sc.o)
 .bss           0x0807f7e8        0x0 //files.auckland.ac.nz/myhome/Documents/GitHub/low-cost-frequency-relay/software/LCFR_bsp/\libhal_bsp.a(altera_avalon_uart_fd.o)
 .bss           0x0807f7e8        0x0 //files.auckland.ac.nz/myhome/Documents/GitHub/low-cost-frequency-relay/software/LCFR_bsp/\libhal_bsp.a(altera_avalon_uart_init.o)
 .bss           0x0807f7e8        0x0 //files.auckland.ac.nz/myhome/Documents/GitHub/low-cost-frequency-relay/software/LCFR_bsp/\libhal_bsp.a(altera_avalon_uart_read.o)
 .bss           0x0807f7e8        0x0 //files.auckland.ac.nz/myhome/Documents/GitHub/low-cost-frequency-relay/software/LCFR_bsp/\libhal_bsp.a(altera_avalon_uart_write.o)
 .bss           0x0807f7e8        0x0 //files.auckland.ac.nz/myhome/Documents/GitHub/low-cost-frequency-relay/software/LCFR_bsp/\libhal_bsp.a(altera_up_avalon_ps2.o)
 .bss           0x0807f7e8        0x0 //files.auckland.ac.nz/myhome/Documents/GitHub/low-cost-frequency-relay/software/LCFR_bsp/\libhal_bsp.a(altera_up_avalon_video_character_buffer_with_dma.o)
 .bss           0x0807f7e8        0x0 //files.auckland.ac.nz/myhome/Documents/GitHub/low-cost-frequency-relay/software/LCFR_bsp/\libhal_bsp.a(alt_alarm_start.o)
 .bss           0x0807f7e8        0x0 //files.auckland.ac.nz/myhome/Documents/GitHub/low-cost-frequency-relay/software/LCFR_bsp/\libhal_bsp.a(alt_dcache_flush.o)
 .bss           0x0807f7e8        0x0 //files.auckland.ac.nz/myhome/Documents/GitHub/low-cost-frequency-relay/software/LCFR_bsp/\libhal_bsp.a(alt_dev_llist_insert.o)
 .bss           0x0807f7e8        0x0 //files.auckland.ac.nz/myhome/Documents/GitHub/low-cost-frequency-relay/software/LCFR_bsp/\libhal_bsp.a(alt_do_ctors.o)
 .bss           0x0807f7e8        0x0 //files.auckland.ac.nz/myhome/Documents/GitHub/low-cost-frequency-relay/software/LCFR_bsp/\libhal_bsp.a(alt_do_dtors.o)
 .bss           0x0807f7e8        0x0 //files.auckland.ac.nz/myhome/Documents/GitHub/low-cost-frequency-relay/software/LCFR_bsp/\libhal_bsp.a(alt_find_dev.o)
 .bss           0x0807f7e8        0x0 //files.auckland.ac.nz/myhome/Documents/GitHub/low-cost-frequency-relay/software/LCFR_bsp/\libhal_bsp.a(alt_flash_dev.o)
 .bss           0x0807f7e8        0x0 //files.auckland.ac.nz/myhome/Documents/GitHub/low-cost-frequency-relay/software/LCFR_bsp/\libhal_bsp.a(alt_io_redirect.o)
 .bss           0x0807f7e8        0x0 //files.auckland.ac.nz/myhome/Documents/GitHub/low-cost-frequency-relay/software/LCFR_bsp/\libhal_bsp.a(alt_open.o)
 .bss           0x0807f7e8        0x0 //files.auckland.ac.nz/myhome/Documents/GitHub/low-cost-frequency-relay/software/LCFR_bsp/\libhal_bsp.a(alt_tick.o)
 .bss           0x0807f7e8        0x0 //files.auckland.ac.nz/myhome/Documents/GitHub/low-cost-frequency-relay/software/LCFR_bsp/\libhal_bsp.a(alt_usleep.o)
 .bss           0x0807f7e8        0x0 //files.auckland.ac.nz/myhome/Documents/GitHub/low-cost-frequency-relay/software/LCFR_bsp/\libhal_bsp.a(altera_nios2_qsys_irq.o)
 .bss           0x0807f7e8        0x0 //files.auckland.ac.nz/myhome/Documents/GitHub/low-cost-frequency-relay/software/LCFR_bsp/\libhal_bsp.a(altera_avalon_cfi_flash_amd.o)
 .bss           0x0807f7e8        0x0 //files.auckland.ac.nz/myhome/Documents/GitHub/low-cost-frequency-relay/software/LCFR_bsp/\libhal_bsp.a(altera_avalon_cfi_flash_intel.o)
 .bss           0x0807f7e8        0x0 //files.auckland.ac.nz/myhome/Documents/GitHub/low-cost-frequency-relay/software/LCFR_bsp/\libhal_bsp.a(alt_busy_sleep.o)
 .bss           0x0807f7e8        0x0 //files.auckland.ac.nz/myhome/Documents/GitHub/low-cost-frequency-relay/software/LCFR_bsp/\libhal_bsp.a(alt_find_file.o)
 .bss           0x0807f7e8        0x0 //files.auckland.ac.nz/myhome/Documents/GitHub/low-cost-frequency-relay/software/LCFR_bsp/\libhal_bsp.a(alt_get_fd.o)
 .bss           0x0807f7e8        0x0 c:/altera/13.0/nios2eds/bin/gnu/h-i686-mingw32/bin/../lib/gcc/nios2-elf/4.1.2/../../../../nios2-elf/lib\libc.a(lib_a-atexit.o)
 .bss           0x0807f7e8        0x0 c:/altera/13.0/nios2eds/bin/gnu/h-i686-mingw32/bin/../lib/gcc/nios2-elf/4.1.2/../../../../nios2-elf/lib\libc.a(lib_a-ctype_.o)
 .bss           0x0807f7e8        0x0 c:/altera/13.0/nios2eds/bin/gnu/h-i686-mingw32/bin/../lib/gcc/nios2-elf/4.1.2/../../../../nios2-elf/lib\libc.a(lib_a-exit.o)
 .bss           0x0807f7e8        0x0 c:/altera/13.0/nios2eds/bin/gnu/h-i686-mingw32/bin/../lib/gcc/nios2-elf/4.1.2/../../../../nios2-elf/lib\libc.a(lib_a-__atexit.o)
 .bss           0x0807f7e8        0x0 c:/altera/13.0/nios2eds/bin/gnu/h-i686-mingw32/bin/../lib/gcc/nios2-elf/4.1.2/../../../../nios2-elf/lib\libc.a(lib_a-__call_atexit.o)
 .bss           0x0807f7e8        0x0 //files.auckland.ac.nz/myhome/Documents/GitHub/low-cost-frequency-relay/software/LCFR_bsp/\libhal_bsp.a(alt_exit.o)
 *(COMMON)
 COMMON         0x0807f7e8      0x100 //files.auckland.ac.nz/myhome/Documents/GitHub/low-cost-frequency-relay/software/LCFR_bsp/\libhal_bsp.a(alt_irq_handler.o)
                0x0807f7e8                alt_irq
 COMMON         0x0807f8e8      0x190 c:/altera/13.0/nios2eds/bin/gnu/h-i686-mingw32/bin/../lib/gcc/nios2-elf/4.1.2/../../../../nios2-elf/lib\libc.a(lib_a-atexit.o)
                0x0807f8e8                _atexit0
                0x0807fa78                . = ALIGN (0x4)
                0x0807fa78                __bss_end = ABSOLUTE (.)

.onchip_memory  0x00015f54        0x0
                0x00015f54                PROVIDE (_alt_partition_onchip_memory_start, ABSOLUTE (.))
 *(.onchip_memory. onchip_memory.*)
                0x00015f54                . = ALIGN (0x4)
                0x00015f54                PROVIDE (_alt_partition_onchip_memory_end, ABSOLUTE (.))
                0x00015f54                PROVIDE (_alt_partition_onchip_memory_load_addr, LOADADDR (.onchip_memory))

.flash_controller
                0x01000020        0x0
                0x01000020                PROVIDE (_alt_partition_flash_controller_start, ABSOLUTE (.))
 *(.flash_controller. flash_controller.*)
                0x01000020                . = ALIGN (0x4)
                0x01000020                PROVIDE (_alt_partition_flash_controller_end, ABSOLUTE (.))
                0x01000020                PROVIDE (_alt_partition_flash_controller_load_addr, LOADADDR (.flash_controller))

.sdram          0x0807fa78        0x0
                0x0807fa78                PROVIDE (_alt_partition_sdram_start, ABSOLUTE (.))
 *(.sdram. sdram.*)
                0x0807fa78                . = ALIGN (0x4)
                0x0807fa78                PROVIDE (_alt_partition_sdram_end, ABSOLUTE (.))
                0x0807fa78                _end = ABSOLUTE (.)
                0x0807fa78                end = ABSOLUTE (.)
                0x0807fa78                __alt_stack_base = ABSOLUTE (.)
                0x0807fa78                PROVIDE (_alt_partition_sdram_load_addr, LOADADDR (.sdram))

.stab
 *(.stab)

.stabstr
 *(.stabstr)

.stab.excl
 *(.stab.excl)

.stab.exclstr
 *(.stab.exclstr)

.stab.index
 *(.stab.index)

.stab.indexstr
 *(.stab.indexstr)

.comment        0x00000000       0x23
 *(.comment)
 .comment       0x00000000       0x23 obj/default/./FreeRTOS/croutine.o
                                 0x24 (size before relaxing)
 .comment       0x00000000       0x24 obj/default/./FreeRTOS/event_groups.o
 .comment       0x00000000       0x24 obj/default/./FreeRTOS/heap.o
 .comment       0x00000000       0x24 obj/default/./FreeRTOS/list.o
 .comment       0x00000000       0x24 obj/default/./FreeRTOS/port.o
 .comment       0x00000000       0x24 obj/default/./FreeRTOS/queue.o
 .comment       0x00000000       0x24 obj/default/./FreeRTOS/tasks.o
 .comment       0x00000000       0x24 obj/default/./FreeRTOS/timers.o
 .comment       0x00000000       0x24 obj/default/./freertos_semaphore.o
 .comment       0x00000000       0x24 c:/altera/13.0/nios2eds/bin/gnu/h-i686-mingw32/bin/../lib/gcc/nios2-elf/4.1.2/../../../../nios2-elf/lib\libc.a(lib_a-memcmp.o)
 .comment       0x00000000       0x24 c:/altera/13.0/nios2eds/bin/gnu/h-i686-mingw32/bin/../lib/gcc/nios2-elf/4.1.2/../../../../nios2-elf/lib\libc.a(lib_a-memcpy.o)
 .comment       0x00000000       0x24 c:/altera/13.0/nios2eds/bin/gnu/h-i686-mingw32/bin/../lib/gcc/nios2-elf/4.1.2/../../../../nios2-elf/lib\libc.a(lib_a-memset.o)
 .comment       0x00000000       0x24 c:/altera/13.0/nios2eds/bin/gnu/h-i686-mingw32/bin/../lib/gcc/nios2-elf/4.1.2/../../../../nios2-elf/lib\libc.a(lib_a-printf.o)
 .comment       0x00000000       0x24 c:/altera/13.0/nios2eds/bin/gnu/h-i686-mingw32/bin/../lib/gcc/nios2-elf/4.1.2/../../../../nios2-elf/lib\libc.a(lib_a-puts.o)
 .comment       0x00000000       0x24 c:/altera/13.0/nios2eds/bin/gnu/h-i686-mingw32/bin/../lib/gcc/nios2-elf/4.1.2/../../../../nios2-elf/lib\libc.a(lib_a-strlen.o)
 .comment       0x00000000       0x24 c:/altera/13.0/nios2eds/bin/gnu/h-i686-mingw32/bin/../lib/gcc/nios2-elf/4.1.2/../../../../nios2-elf/lib\libc.a(lib_a-vfprintf.o)
 .comment       0x00000000       0x24 c:/altera/13.0/nios2eds/bin/gnu/h-i686-mingw32/bin/../lib/gcc/nios2-elf/4.1.2/../../../../nios2-elf/lib\libc.a(lib_a-wsetup.o)
 .comment       0x00000000       0x24 c:/altera/13.0/nios2eds/bin/gnu/h-i686-mingw32/bin/../lib/gcc/nios2-elf/4.1.2/../../../../nios2-elf/lib\libc.a(lib_a-dtoa.o)